******************************************************************************
            TI ARM Clang Linker PC v4.0.4                      
******************************************************************************
>> Linked Thu Jul 16 20:34:30 2026

OUTPUT FILE NAME:   <empty_LP_MSPM0G3507_nortos_ticlang.out>
ENTRY POINT SYMBOL: "_c_int00_noargs"  address: 00001a45


MEMORY CONFIGURATION

         name            origin    length      used     unused   attr    fill
----------------------  --------  ---------  --------  --------  ----  --------
  FLASH                 00000000   00020000  00002b78  0001d488  R  X
  SRAM                  20200000   00008000  000006fc  00007904  RW X
  BCR_CONFIG            41c00000   000000ff  00000000  000000ff  R   
  BSL_CONFIG            41c00100   00000080  00000000  00000080  R   


SEGMENT ALLOCATION MAP

run origin  load origin   length   init length attrs members
----------  ----------- ---------- ----------- ----- -------
00000000    00000000    00002b78   00002b78    r-x
  00000000    00000000    000000c0   000000c0    r-- .intvecs
  000000c0    000000c0    00001fc8   00001fc8    r-x .text
  00002088    00002088    00000ab8   00000ab8    r-- .rodata
  00002b40    00002b40    00000038   00000038    r-- .cinit
20200000    20200000    000004fc   00000000    rw-
  20200000    20200000    000004ec   00000000    rw- .bss
  202004ec    202004ec    00000010   00000000    rw- .data
20207e00    20207e00    00000200   00000000    rw-
  20207e00    20207e00    00000200   00000000    rw- .stack


SECTION ALLOCATION MAP

 output                                  attributes/
section   page    origin      length       input sections
--------  ----  ----------  ----------   ----------------
.intvecs   0    00000000    000000c0     
                  00000000    000000c0     startup_mspm0g350x_ticlang.o (.intvecs)

.text      0    000000c0    00001fc8     
                  000000c0    000001ac     ti_msp_dl_config.o (.text.SYSCFG_DL_GPIO_init)
                  0000026c    00000124     encoder.o (.text.GROUP1_IRQHandler)
                  00000390    00000114     oled.o (.text.OLED_ShowChar)
                  000004a4    00000110     motor.o (.text.Set_PWM)
                  000005b4    00000104     driverlib.a : dl_timer.o (.text.DL_Timer_initFourCCPWMMode)
                  000006b8    000000fc                 : dl_timer.o (.text.DL_Timer_initTimerMode)
                  000007b4    000000ec     ti_msp_dl_config.o (.text.SYSCFG_DL_SYSCTL_SYSPLL_init)
                  000008a0    000000dc     driverlib.a : dl_sysctl_mspm0g1x0x_g3x0x.o (.text.DL_SYSCTL_configSYSPLL)
                  0000097c    000000dc     oled.o (.text.OLED_Init)
                  00000a58    000000d8     libclang_rt.builtins.a : addsf3.S.obj (.text)
                  00000b30    000000cc     empty.o (.text.TIMG0_IRQHandler)
                  00000bfc    000000c4     motor.o (.text.Velocity_A)
                  00000cc0    000000c4     motor.o (.text.Velocity_B)
                  00000d84    00000090     oled.o (.text.OLED_DrawPoint)
                  00000e14    00000090     board.o (.text.delay_us)
                  00000ea4    0000008c     ti_msp_dl_config.o (.text.SYSCFG_DL_PWM_0_init)
                  00000f30    0000008c     libclang_rt.builtins.a : mulsf3.S.obj (.text.__mulsf3)
                  00000fbc    00000084     ti_msp_dl_config.o (.text.__NVIC_SetPriority)
                  00001040    0000007c     oled.o (.text.OLED_Refresh_Gram)
                  000010bc    0000007c     libc.a : copy_decompress_lzss.c.obj (.text:decompress:lzss)
                  00001138    0000007a     oled.o (.text.OLED_ShowString)
                  000011b2    00000002     libclang_rt.builtins.a : aeabi_div0.c.obj (.text.__aeabi_idiv0)
                  000011b4    00000074     ti_msp_dl_config.o (.text.SYSCFG_DL_SYSCTL_init)
                  00001228    00000074     libclang_rt.builtins.a : comparedf2.c.obj (.text.__gedf2)
                  0000129c    00000070     empty.o (.text.main)
                  0000130c    00000068     ti_msp_dl_config.o (.text.SYSCFG_DL_initPower)
                  00001374    00000068     libclang_rt.builtins.a : comparedf2.c.obj (.text.__ledf2)
                  000013dc    00000064     oled.o (.text.OLED_WR_Byte)
                  00001440    00000064     ti_msp_dl_config.o (.text.SYSCFG_DL_OLED_init)
                  000014a4    00000062     libclang_rt.builtins.a : aeabi_dcmp.S.obj (.text.__aeabi_dcmp)
                  00001506    00000002     empty.o (.text.__mpu_init)
                  00001508    00000060     oled.o (.text.OLED_Clear)
                  00001568    0000005e     driverlib.a : dl_i2c.o (.text.DL_I2C_fillControllerTXFIFO)
                  000015c6    00000002     empty.o (.text._system_post_cinit)
                  000015c8    00000050     ti_msp_dl_config.o (.text.DL_GPIO_initPeripheralInputFunctionFeatures)
                  00001618    00000050     oled.o (.text.DL_I2C_startControllerTransfer)
                  00001668    0000004c     ti_msp_dl_config.o (.text.DL_GPIO_initDigitalInputFeatures)
                  000016b4    00000044     driverlib.a : dl_sysctl_mspm0g1x0x_g3x0x.o (.text.DL_SYSCTL_switchMCLKfromSYSOSCtoHSCLK)
                  000016f8    00000040     libclang_rt.builtins.a : aeabi_uidivmod.S.obj (.text.__aeabi_uidivmod)
                  00001738    0000003c     ti_msp_dl_config.o (.text.DL_Timer_setCounterControl)
                  00001774    0000003c     libclang_rt.builtins.a : floatsisf.S.obj (.text.__floatsisf)
                  000017b0    0000003c     libc.a : autoinit.c.obj (.text:__TI_auto_init_nobinit_nopinit)
                  000017ec    0000003a     libclang_rt.builtins.a : muldsi3.S.obj (.text.__muldsi3)
                  00001826    00000002     --HOLE-- [fill = 0]
                  00001828    00000038                            : fixsfsi.S.obj (.text.__fixsfsi)
                  00001860    00000034     ti_msp_dl_config.o (.text.SYSCFG_DL_TIMER_0_init)
                  00001894    00000034     motor.o (.text.limit_PWM)
                  000018c8    00000030     board.o (.text.delay_ms)
                  000018f8    0000002c     ti_msp_dl_config.o (.text.SYSCFG_DL_init)
                  00001924    0000002c     empty.o (.text.__NVIC_ClearPendingIRQ)
                  00001950    0000002c     empty.o (.text.__NVIC_EnableIRQ)
                  0000197c    00000028     oled.o (.text.DL_Common_updateReg)
                  000019a4    00000028     ti_msp_dl_config.o (.text.DL_Common_updateReg)
                  000019cc    00000028     ti_msp_dl_config.o (.text.DL_I2C_setControllerRXFIFOThreshold)
                  000019f4    00000028     ti_msp_dl_config.o (.text.DL_I2C_setControllerTXFIFOThreshold)
                  00001a1c    00000028     ti_msp_dl_config.o (.text.DL_SYSTICK_init)
                  00001a44    00000028     libc.a : boot_cortex_m.c.obj (.text:_c_int00_noargs)
                  00001a6c    00000026     ti_msp_dl_config.o (.text.DL_I2C_setAnalogGlitchFilterPulseWidth)
                  00001a92    00000026     driverlib.a : dl_i2c.o (.text.DL_I2C_setClockConfig)
                  00001ab8    00000024     ti_msp_dl_config.o (.text.DL_I2C_setDigitalGlitchFilterPulseWidth)
                  00001adc    00000024     libclang_rt.builtins.a : floatunsidf.S.obj (.text.__floatunsidf)
                  00001b00    00000020     ti_msp_dl_config.o (.text.DL_SYSCTL_setFlashWaitState)
                  00001b20    0000001c     encoder.o (.text.DL_GPIO_clearInterruptStatus)
                  00001b3c    0000001c     ti_msp_dl_config.o (.text.DL_GPIO_clearInterruptStatus)
                  00001b58    0000001c     ti_msp_dl_config.o (.text.DL_GPIO_enableHiZ)
                  00001b74    0000001c     ti_msp_dl_config.o (.text.DL_GPIO_enableInterrupt)
                  00001b90    0000001c     ti_msp_dl_config.o (.text.DL_GPIO_initPeripheralOutputFunction)
                  00001bac    0000001c     ti_msp_dl_config.o (.text.DL_GPIO_setLowerPinsPolarity)
                  00001bc8    0000001c     driverlib.a : dl_sysctl_mspm0g1x0x_g3x0x.o (.text.DL_SYSCTL_configFCC)
                  00001be4    0000001c     ti_msp_dl_config.o (.text.DL_SYSCTL_setFCCPeriods)
                  00001c00    0000001c     ti_msp_dl_config.o (.text.DL_SYSCTL_setSYSOSCFreq)
                  00001c1c    0000001c     ti_msp_dl_config.o (.text.DL_SYSCTL_setULPCLKDivider)
                  00001c38    0000001c     ti_msp_dl_config.o (.text.DL_Timer_enableInterrupt)
                  00001c54    0000001c     driverlib.a : dl_timer.o (.text.DL_Timer_setCaptCompUpdateMethod)
                  00001c70    0000001c                 : dl_timer.o (.text.DL_Timer_setClockConfig)
                  00001c8c    00000018     ti_msp_dl_config.o (.text.DL_GPIO_enableOutput)
                  00001ca4    00000018     ti_msp_dl_config.o (.text.DL_GPIO_enablePower)
                  00001cbc    00000018     encoder.o (.text.DL_GPIO_getEnabledInterruptStatus)
                  00001cd4    00000018     ti_msp_dl_config.o (.text.DL_GPIO_initDigitalOutput)
                  00001cec    00000018     ti_msp_dl_config.o (.text.DL_GPIO_reset)
                  00001d04    00000018     led.o (.text.DL_GPIO_setPins)
                  00001d1c    00000018     motor.o (.text.DL_GPIO_setPins)
                  00001d34    00000018     ti_msp_dl_config.o (.text.DL_GPIO_setUpperPinsPolarity)
                  00001d4c    00000018     ti_msp_dl_config.o (.text.DL_I2C_enableAnalogGlitchFilter)
                  00001d64    00000018     ti_msp_dl_config.o (.text.DL_I2C_enableController)
                  00001d7c    00000018     ti_msp_dl_config.o (.text.DL_I2C_enableControllerClockStretching)
                  00001d94    00000018     ti_msp_dl_config.o (.text.DL_I2C_enablePower)
                  00001dac    00000018     ti_msp_dl_config.o (.text.DL_I2C_reset)
                  00001dc4    00000018     ti_msp_dl_config.o (.text.DL_I2C_setTimerPeriod)
                  00001ddc    00000018     ti_msp_dl_config.o (.text.DL_SYSCTL_setBORThreshold)
                  00001df4    00000018     ti_msp_dl_config.o (.text.DL_Timer_enablePower)
                  00001e0c    00000018     ti_msp_dl_config.o (.text.DL_Timer_reset)
                  00001e24    00000018     driverlib.a : dl_timer.o (.text.DL_Timer_setCaptureCompareOutCtl)
                  00001e3c    00000018     empty.o (.text.DL_Timer_startCounter)
                  00001e54    00000016     empty.o (.text.DL_GPIO_readPins)
                  00001e6a    00000016     encoder.o (.text.DL_GPIO_readPins)
                  00001e80    00000014     led.o (.text.DL_GPIO_clearPins)
                  00001e94    00000014     motor.o (.text.DL_GPIO_clearPins)
                  00001ea8    00000014     ti_msp_dl_config.o (.text.DL_GPIO_clearPins)
                  00001ebc    00000014     oled.o (.text.DL_I2C_getControllerStatus)
                  00001ed0    00000014     ti_msp_dl_config.o (.text.DL_I2C_resetControllerTransfer)
                  00001ee4    00000014     ti_msp_dl_config.o (.text.DL_SYSCTL_disableSYSPLL)
                  00001ef8    00000014     ti_msp_dl_config.o (.text.DL_SYSCTL_enableMFCLK)
                  00001f0c    00000014     ti_msp_dl_config.o (.text.DL_SYSCTL_enableSYSPLL)
                  00001f20    00000014     ti_msp_dl_config.o (.text.DL_Timer_enableClock)
                  00001f34    00000014     ti_msp_dl_config.o (.text.DL_Timer_setCCPDirection)
                  00001f48    00000014     led.o (.text.LED_OFF)
                  00001f5c    00000014     led.o (.text.LED_ON)
                  00001f70    00000012     empty.o (.text.DL_Timer_getPendingInterrupt)
                  00001f82    00000012     libc.a : memcpy16.S.obj (.text:TI_memcpy_small)
                  00001f94    00000012            : copy_decompress_none.c.obj (.text:decompress:none)
                  00001fa6    00000002     --HOLE-- [fill = 0]
                  00001fa8    00000010     ti_msp_dl_config.o (.text.DL_SYSCTL_disableHFXT)
                  00001fb8    00000010     ti_msp_dl_config.o (.text.DL_SYSCTL_isFCCDone)
                  00001fc8    00000010     ti_msp_dl_config.o (.text.DL_SYSCTL_startFCC)
                  00001fd8    00000010     ti_msp_dl_config.o (.text.DL_SYSTICK_enable)
                  00001fe8    00000010     driverlib.a : dl_timer.o (.text.DL_Timer_setCaptureCompareValue)
                  00001ff8    00000010     ti_msp_dl_config.o (.text.SYSCFG_DL_SYSTICK_init)
                  00002008    00000010     libc.a : copy_zero_init.c.obj (.text:decompress:ZI)
                  00002018    0000000e            : memset16.S.obj (.text:TI_memset_small)
                  00002026    00000002     --HOLE-- [fill = 0]
                  00002028    0000000c     ti_msp_dl_config.o (.text.DL_SYSCTL_getClockStatus)
                  00002034    0000000c     ti_msp_dl_config.o (.text.DL_SYSCTL_readFCC)
                  00002040    0000000c     board.o (.text.Systick_getTick)
                  0000204c    0000000c     libclang_rt.builtins.a : aeabi_memset.S.obj (.text.__aeabi_memclr)
                  00002058    0000000a     driverlib.a : dl_common.o (.text.DL_Common_delayCycles)
                  00002062    00000002     --HOLE-- [fill = 0]
                  00002064    00000008     libclang_rt.builtins.a : aeabi_memcpy.S.obj (.text.__aeabi_memcpy)
                  0000206c    00000006     libc.a : exit.c.obj (.text:abort)
                  00002072    00000004     startup_mspm0g350x_ticlang.o (.text.Default_Handler)
                  00002076    00000004     libsysbm.a : hostexit.c.obj (.text.HOSTexit)
                  0000207a    00000004     startup_mspm0g350x_ticlang.o (.text.Reset_Handler)
                  0000207e    00000004     libc.a : pre_init.c.obj (.text._system_pre_init)
                  00002082    00000006     --HOLE-- [fill = 0]

.cinit     0    00002b40    00000038     
                  00002b40    00000013     (.cinit..data.load) [load image, compression = lzss]
                  00002b53    00000001     --HOLE-- [fill = 0]
                  00002b54    0000000c     (__TI_handler_table)
                  00002b60    00000008     (.cinit..bss.load) [load image, compression = zero_init]
                  00002b68    00000010     (__TI_cinit_table)

.rodata    0    00002088    00000ab8     
                  00002088    000005f0     oled.o (.rodata.oled_asc2_1608)
                  00002678    00000474     oled.o (.rodata.oled_asc2_1206)
                  00002aec    00000028     ti_msp_dl_config.o (.rodata.gSYSPLLConfig)
                  00002b14    00000014     ti_msp_dl_config.o (.rodata.gTIMER_0TimerConfig)
                  00002b28    00000008     ti_msp_dl_config.o (.rodata.gPWM_0Config)
                  00002b30    00000003     ti_msp_dl_config.o (.rodata.gPWM_0ClockConfig)
                  00002b33    00000003     ti_msp_dl_config.o (.rodata.gTIMER_0ClockConfig)
                  00002b36    00000003     empty.o (.rodata.str1.9517790425240694019.1)
                  00002b39    00000002     ti_msp_dl_config.o (.rodata.gOLEDClockConfig)
                  00002b3b    00000005     --HOLE-- [fill = 0]

.init_array 
*          0    00000000    00000000     UNINITIALIZED

.binit     0    00000000    00000000     

.bss       0    20200000    000004ec     UNINITIALIZED
                  20200000    00000400     (.common:OLED_GRAM)
                  20200400    000000bc     (.common:gPWM_0Backup)
                  202004bc    00000004     motor.o (.bss.Velocity_A.ControlVelocityA)
                  202004c0    00000004     motor.o (.bss.Velocity_A.Last_biasA)
                  202004c4    00000004     motor.o (.bss.Velocity_B.ControlVelocityB)
                  202004c8    00000004     motor.o (.bss.Velocity_B.Last_biasB)
                  202004cc    00000004     (.common:Get_Encoder_countA)
                  202004d0    00000004     (.common:Get_Encoder_countB)
                  202004d4    00000004     (.common:PWMA)
                  202004d8    00000004     (.common:PWMB)
                  202004dc    00000004     (.common:encoderA_cnt)
                  202004e0    00000004     (.common:encoderB_cnt)
                  202004e4    00000004     (.common:gpio_interrup1)
                  202004e8    00000004     (.common:gpio_interrup2)

.data      0    202004ec    00000010     UNINITIALIZED
                  202004ec    00000004     empty.o (.data.Flag_Stop)
                  202004f0    00000004     motor.o (.data.Velcity_Ki)
                  202004f4    00000004     motor.o (.data.Velcity_Kp)
                  202004f8    00000004     empty.o (.data.target_speed)

.stack     0    20207e00    00000200     UNINITIALIZED
                  20207e00    00000004     libc.a : boot_cortex_m.c.obj (.stack)
                  20207e04    000001fc     --HOLE--

__llvm_prf_cnts 
*          0    20200000    00000000     UNINITIALIZED

__llvm_prf_bits 
*          0    20200000    00000000     UNINITIALIZED

MODULE SUMMARY

       Module                         code   ro data   rw data
       ------                         ----   -------   -------
    .\
       ti_msp_dl_config.o             2666   76        188    
       empty.o                        472    3         24     
       startup_mspm0g350x_ticlang.o   8      192       0      
    +--+------------------------------+------+---------+---------+
       Total:                         3146   271       212    
                                                              
    .\Hardware\
       oled.o                         1222   2660      1024   
       motor.o                        760    0         24     
       encoder.o                      366    0         16     
       board.o                        204    0         0      
       led.o                          84     0         0      
    +--+------------------------------+------+---------+---------+
       Total:                         2636   2660      1064   
                                                              
    D:/AAA__Workspace/Software/TI_CCS/mspm0_sdk_2_10_00_04/source/ti/driverlib/lib/ticlang/m0p/mspm0g1x0x_g3x0x/driverlib.a
       dl_timer.o                     608    0         0      
       dl_sysctl_mspm0g1x0x_g3x0x.o   316    0         0      
       dl_i2c.o                       132    0         0      
       dl_common.o                    10     0         0      
    +--+------------------------------+------+---------+---------+
       Total:                         1066   0         0      
                                                              
    D:\AAA__Workspace\Software\TI_CCS\ccs\tools\compiler\ti-cgt-armllvm_4.0.4.LTS\lib\armv6m-ti-none-eabi/c/libc.a
       copy_decompress_lzss.c.obj     124    0         0      
       autoinit.c.obj                 60     0         0      
       boot_cortex_m.c.obj            40     0         0      
       copy_decompress_none.c.obj     18     0         0      
       memcpy16.S.obj                 18     0         0      
       copy_zero_init.c.obj           16     0         0      
       memset16.S.obj                 14     0         0      
       exit.c.obj                     6      0         0      
       pre_init.c.obj                 4      0         0      
    +--+------------------------------+------+---------+---------+
       Total:                         300    0         0      
                                                              
    D:\AAA__Workspace\Software\TI_CCS\ccs\tools\compiler\ti-cgt-armllvm_4.0.4.LTS\lib\armv6m-ti-none-eabi/c/libsysbm.a
       hostexit.c.obj                 4      0         0      
    +--+------------------------------+------+---------+---------+
       Total:                         4      0         0      
                                                              
    D:\AAA__Workspace\Software\TI_CCS\ccs\tools\compiler\ti-cgt-armllvm_4.0.4.LTS\lib\armv6m-ti-none-eabi/libclang_rt.builtins.a
       comparedf2.c.obj               220    0         0      
       addsf3.S.obj                   216    0         0      
       mulsf3.S.obj                   140    0         0      
       aeabi_dcmp.S.obj               98     0         0      
       aeabi_uidivmod.S.obj           64     0         0      
       floatsisf.S.obj                60     0         0      
       muldsi3.S.obj                  58     0         0      
       fixsfsi.S.obj                  56     0         0      
       floatunsidf.S.obj              36     0         0      
       aeabi_memset.S.obj             12     0         0      
       aeabi_memcpy.S.obj             8      0         0      
       aeabi_div0.c.obj               2      0         0      
    +--+------------------------------+------+---------+---------+
       Total:                         970    0         0      
                                                              
       Stack:                         0      0         512    
       Linker Generated:              0      55        0      
    +--+------------------------------+------+---------+---------+
       Grand Total:                   8122   2986      1788   


LINKER GENERATED COPY TABLES

__TI_cinit_table @ 00002b68 records: 2, size/record: 8, table size: 16
	.data: load addr=00002b40, load size=00000013 bytes, run addr=202004ec, run size=00000010 bytes, compression=lzss
	.bss: load addr=00002b60, load size=00000008 bytes, run addr=20200000, run size=000004ec bytes, compression=zero_init


LINKER GENERATED HANDLER TABLE

__TI_handler_table @ 00002b54 records: 3, size/record: 4, table size: 12
	index: 0, handler: __TI_decompress_lzss
	index: 1, handler: __TI_decompress_none
	index: 2, handler: __TI_zero_init


GLOBAL SYMBOLS: SORTED ALPHABETICALLY BY Name 

address   name                                 
-------   ----                                 
00002073  ADC0_IRQHandler                      
00002073  ADC1_IRQHandler                      
00002073  AES_IRQHandler                       
00002076  C$$EXIT                              
00002073  CANFD0_IRQHandler                    
00002073  DAC0_IRQHandler                      
00002059  DL_Common_delayCycles                
00001569  DL_I2C_fillControllerTXFIFO          
00001a93  DL_I2C_setClockConfig                
00001bc9  DL_SYSCTL_configFCC                  
000008a1  DL_SYSCTL_configSYSPLL               
000016b5  DL_SYSCTL_switchMCLKfromSYSOSCtoHSCLK
000005b5  DL_Timer_initFourCCPWMMode           
000006b9  DL_Timer_initTimerMode               
00001c55  DL_Timer_setCaptCompUpdateMethod     
00001e25  DL_Timer_setCaptureCompareOutCtl     
00001fe9  DL_Timer_setCaptureCompareValue      
00001c71  DL_Timer_setClockConfig              
00002073  DMA_IRQHandler                       
00002073  Default_Handler                      
202004ec  Flag_Stop                            
00002073  GROUP0_IRQHandler                    
0000026d  GROUP1_IRQHandler                    
202004cc  Get_Encoder_countA                   
202004d0  Get_Encoder_countB                   
00002077  HOSTexit                             
00002073  HardFault_Handler                    
00002073  I2C0_IRQHandler                      
00002073  I2C1_IRQHandler                      
00001f49  LED_OFF                              
00001f5d  LED_ON                               
00002073  NMI_Handler                          
00001509  OLED_Clear                           
00000d85  OLED_DrawPoint                       
20200000  OLED_GRAM                            
0000097d  OLED_Init                            
00001041  OLED_Refresh_Gram                    
00000391  OLED_ShowChar                        
00001139  OLED_ShowString                      
000013dd  OLED_WR_Byte                         
202004d4  PWMA                                 
202004d8  PWMB                                 
00002073  PendSV_Handler                       
00002073  RTC_IRQHandler                       
0000207b  Reset_Handler                        
00002073  SPI0_IRQHandler                      
00002073  SPI1_IRQHandler                      
00002073  SVC_Handler                          
000000c1  SYSCFG_DL_GPIO_init                  
00001441  SYSCFG_DL_OLED_init                  
00000ea5  SYSCFG_DL_PWM_0_init                 
000007b5  SYSCFG_DL_SYSCTL_SYSPLL_init         
000011b5  SYSCFG_DL_SYSCTL_init                
00001ff9  SYSCFG_DL_SYSTICK_init               
00001861  SYSCFG_DL_TIMER_0_init               
000018f9  SYSCFG_DL_init                       
0000130d  SYSCFG_DL_initPower                  
000004a5  Set_PWM                              
00002073  SysTick_Handler                      
00002041  Systick_getTick                      
00002073  TIMA0_IRQHandler                     
00002073  TIMA1_IRQHandler                     
00000b31  TIMG0_IRQHandler                     
00002073  TIMG12_IRQHandler                    
00002073  TIMG6_IRQHandler                     
00002073  TIMG7_IRQHandler                     
00002073  TIMG8_IRQHandler                     
00001f83  TI_memcpy_small                      
00002019  TI_memset_small                      
00002073  UART0_IRQHandler                     
00002073  UART1_IRQHandler                     
00002073  UART2_IRQHandler                     
00002073  UART3_IRQHandler                     
202004f0  Velcity_Ki                           
202004f4  Velcity_Kp                           
00000bfd  Velocity_A                           
00000cc1  Velocity_B                           
20208000  __STACK_END                          
00000200  __STACK_SIZE                         
00000000  __TI_ATRegion0_region_sz             
00000000  __TI_ATRegion0_src_addr              
00000000  __TI_ATRegion0_trg_addr              
00000000  __TI_ATRegion1_region_sz             
00000000  __TI_ATRegion1_src_addr              
00000000  __TI_ATRegion1_trg_addr              
00000000  __TI_ATRegion2_region_sz             
00000000  __TI_ATRegion2_src_addr              
00000000  __TI_ATRegion2_trg_addr              
00002b68  __TI_CINIT_Base                      
00002b78  __TI_CINIT_Limit                     
00002b78  __TI_CINIT_Warm                      
00002b54  __TI_Handler_Table_Base              
00002b60  __TI_Handler_Table_Limit             
000017b1  __TI_auto_init_nobinit_nopinit       
000010bd  __TI_decompress_lzss                 
00001f95  __TI_decompress_none                 
ffffffff  __TI_pprof_out_hndl                  
ffffffff  __TI_prof_data_size                  
ffffffff  __TI_prof_data_start                 
00000000  __TI_static_base__                   
00002009  __TI_zero_init                       
00000a63  __addsf3                             
000014a5  __aeabi_dcmpeq                       
000014e1  __aeabi_dcmpge                       
000014f5  __aeabi_dcmpgt                       
000014cd  __aeabi_dcmple                       
000014b9  __aeabi_dcmplt                       
00001829  __aeabi_f2iz                         
00000a63  __aeabi_fadd                         
00000f31  __aeabi_fmul                         
00000a59  __aeabi_fsub                         
00001775  __aeabi_i2f                          
000011b3  __aeabi_idiv0                        
0000204d  __aeabi_memclr                       
0000204d  __aeabi_memclr4                      
0000204d  __aeabi_memclr8                      
00002065  __aeabi_memcpy                       
00002065  __aeabi_memcpy4                      
00002065  __aeabi_memcpy8                      
00001add  __aeabi_ui2d                         
000016f9  __aeabi_uidiv                        
000016f9  __aeabi_uidivmod                     
ffffffff  __binit__                            
00001375  __cmpdf2                             
00001375  __eqdf2                              
00001829  __fixsfsi                            
00001775  __floatsisf                          
00001add  __floatunsidf                        
00001229  __gedf2                              
00001229  __gtdf2                              
00001375  __ledf2                              
00001375  __ltdf2                              
00001507  __mpu_init                           
000017ed  __muldsi3                            
00000f31  __mulsf3                             
00001375  __nedf2                              
20207e00  __stack                              
20200000  __start___llvm_prf_bits              
20200000  __start___llvm_prf_cnts              
20200000  __stop___llvm_prf_bits               
20200000  __stop___llvm_prf_cnts               
00000a59  __subsf3                             
00001a45  _c_int00_noargs                      
000015c7  _system_post_cinit                   
0000207f  _system_pre_init                     
0000206d  abort                                
ffffffff  binit                                
000018c9  delay_ms                             
00000e15  delay_us                             
202004dc  encoderA_cnt                         
202004e0  encoderB_cnt                         
20200400  gPWM_0Backup                         
202004e4  gpio_interrup1                       
202004e8  gpio_interrup2                       
00000000  interruptVectors                     
00001895  limit_PWM                            
0000129d  main                                 
00002678  oled_asc2_1206                       
00002088  oled_asc2_1608                       
202004f8  target_speed                         


GLOBAL SYMBOLS: SORTED BY Symbol Address 

address   name                                 
-------   ----                                 
00000000  __TI_ATRegion0_region_sz             
00000000  __TI_ATRegion0_src_addr              
00000000  __TI_ATRegion0_trg_addr              
00000000  __TI_ATRegion1_region_sz             
00000000  __TI_ATRegion1_src_addr              
00000000  __TI_ATRegion1_trg_addr              
00000000  __TI_ATRegion2_region_sz             
00000000  __TI_ATRegion2_src_addr              
00000000  __TI_ATRegion2_trg_addr              
00000000  __TI_static_base__                   
00000000  interruptVectors                     
000000c1  SYSCFG_DL_GPIO_init                  
00000200  __STACK_SIZE                         
0000026d  GROUP1_IRQHandler                    
00000391  OLED_ShowChar                        
000004a5  Set_PWM                              
000005b5  DL_Timer_initFourCCPWMMode           
000006b9  DL_Timer_initTimerMode               
000007b5  SYSCFG_DL_SYSCTL_SYSPLL_init         
000008a1  DL_SYSCTL_configSYSPLL               
0000097d  OLED_Init                            
00000a59  __aeabi_fsub                         
00000a59  __subsf3                             
00000a63  __addsf3                             
00000a63  __aeabi_fadd                         
00000b31  TIMG0_IRQHandler                     
00000bfd  Velocity_A                           
00000cc1  Velocity_B                           
00000d85  OLED_DrawPoint                       
00000e15  delay_us                             
00000ea5  SYSCFG_DL_PWM_0_init                 
00000f31  __aeabi_fmul                         
00000f31  __mulsf3                             
00001041  OLED_Refresh_Gram                    
000010bd  __TI_decompress_lzss                 
00001139  OLED_ShowString                      
000011b3  __aeabi_idiv0                        
000011b5  SYSCFG_DL_SYSCTL_init                
00001229  __gedf2                              
00001229  __gtdf2                              
0000129d  main                                 
0000130d  SYSCFG_DL_initPower                  
00001375  __cmpdf2                             
00001375  __eqdf2                              
00001375  __ledf2                              
00001375  __ltdf2                              
00001375  __nedf2                              
000013dd  OLED_WR_Byte                         
00001441  SYSCFG_DL_OLED_init                  
000014a5  __aeabi_dcmpeq                       
000014b9  __aeabi_dcmplt                       
000014cd  __aeabi_dcmple                       
000014e1  __aeabi_dcmpge                       
000014f5  __aeabi_dcmpgt                       
00001507  __mpu_init                           
00001509  OLED_Clear                           
00001569  DL_I2C_fillControllerTXFIFO          
000015c7  _system_post_cinit                   
000016b5  DL_SYSCTL_switchMCLKfromSYSOSCtoHSCLK
000016f9  __aeabi_uidiv                        
000016f9  __aeabi_uidivmod                     
00001775  __aeabi_i2f                          
00001775  __floatsisf                          
000017b1  __TI_auto_init_nobinit_nopinit       
000017ed  __muldsi3                            
00001829  __aeabi_f2iz                         
00001829  __fixsfsi                            
00001861  SYSCFG_DL_TIMER_0_init               
00001895  limit_PWM                            
000018c9  delay_ms                             
000018f9  SYSCFG_DL_init                       
00001a45  _c_int00_noargs                      
00001a93  DL_I2C_setClockConfig                
00001add  __aeabi_ui2d                         
00001add  __floatunsidf                        
00001bc9  DL_SYSCTL_configFCC                  
00001c55  DL_Timer_setCaptCompUpdateMethod     
00001c71  DL_Timer_setClockConfig              
00001e25  DL_Timer_setCaptureCompareOutCtl     
00001f49  LED_OFF                              
00001f5d  LED_ON                               
00001f83  TI_memcpy_small                      
00001f95  __TI_decompress_none                 
00001fe9  DL_Timer_setCaptureCompareValue      
00001ff9  SYSCFG_DL_SYSTICK_init               
00002009  __TI_zero_init                       
00002019  TI_memset_small                      
00002041  Systick_getTick                      
0000204d  __aeabi_memclr                       
0000204d  __aeabi_memclr4                      
0000204d  __aeabi_memclr8                      
00002059  DL_Common_delayCycles                
00002065  __aeabi_memcpy                       
00002065  __aeabi_memcpy4                      
00002065  __aeabi_memcpy8                      
0000206d  abort                                
00002073  ADC0_IRQHandler                      
00002073  ADC1_IRQHandler                      
00002073  AES_IRQHandler                       
00002073  CANFD0_IRQHandler                    
00002073  DAC0_IRQHandler                      
00002073  DMA_IRQHandler                       
00002073  Default_Handler                      
00002073  GROUP0_IRQHandler                    
00002073  HardFault_Handler                    
00002073  I2C0_IRQHandler                      
00002073  I2C1_IRQHandler                      
00002073  NMI_Handler                          
00002073  PendSV_Handler                       
00002073  RTC_IRQHandler                       
00002073  SPI0_IRQHandler                      
00002073  SPI1_IRQHandler                      
00002073  SVC_Handler                          
00002073  SysTick_Handler                      
00002073  TIMA0_IRQHandler                     
00002073  TIMA1_IRQHandler                     
00002073  TIMG12_IRQHandler                    
00002073  TIMG6_IRQHandler                     
00002073  TIMG7_IRQHandler                     
00002073  TIMG8_IRQHandler                     
00002073  UART0_IRQHandler                     
00002073  UART1_IRQHandler                     
00002073  UART2_IRQHandler                     
00002073  UART3_IRQHandler                     
00002076  C$$EXIT                              
00002077  HOSTexit                             
0000207b  Reset_Handler                        
0000207f  _system_pre_init                     
00002088  oled_asc2_1608                       
00002678  oled_asc2_1206                       
00002b54  __TI_Handler_Table_Base              
00002b60  __TI_Handler_Table_Limit             
00002b68  __TI_CINIT_Base                      
00002b78  __TI_CINIT_Limit                     
00002b78  __TI_CINIT_Warm                      
20200000  OLED_GRAM                            
20200000  __start___llvm_prf_bits              
20200000  __start___llvm_prf_cnts              
20200000  __stop___llvm_prf_bits               
20200000  __stop___llvm_prf_cnts               
20200400  gPWM_0Backup                         
202004cc  Get_Encoder_countA                   
202004d0  Get_Encoder_countB                   
202004d4  PWMA                                 
202004d8  PWMB                                 
202004dc  encoderA_cnt                         
202004e0  encoderB_cnt                         
202004e4  gpio_interrup1                       
202004e8  gpio_interrup2                       
202004ec  Flag_Stop                            
202004f0  Velcity_Ki                           
202004f4  Velcity_Kp                           
202004f8  target_speed                         
20207e00  __stack                              
20208000  __STACK_END                          
ffffffff  __TI_pprof_out_hndl                  
ffffffff  __TI_prof_data_size                  
ffffffff  __TI_prof_data_start                 
ffffffff  __binit__                            
ffffffff  binit                                

[160 symbols]
