<?xml version="1.0" encoding="ISO-8859-1" ?>
<link_info>
   <banner>TI ARM Clang Linker PC v4.0.4.LTS</banner>
   <copyright>Copyright (c) 1996-2018 Texas Instruments Incorporated</copyright>
   <command_line>D:\AAA__Workspace\Software\TI_CCS\ccs\tools\compiler\ti-cgt-armllvm_4.0.4.LTS\bin\tiarmlnk -ID:\AAA__Workspace\Software\TI_CCS\ccs\tools\compiler\ti-cgt-armllvm_4.0.4.LTS\lib -o empty_LP_MSPM0G3507_nortos_ticlang.out -mempty_LP_MSPM0G3507_nortos_ticlang.map -iD:/AAA__Workspace/Software/TI_CCS/mspm0_sdk_2_10_00_04/source -iD:/AAA__Workspace/CCS/proj0/empty_LP_MSPM0G3507_nortos_ticlang -iD:/AAA__Workspace/CCS/proj0/empty_LP_MSPM0G3507_nortos_ticlang/Debug/syscfg -iD:/AAA__Workspace/Software/TI_CCS/ccs/tools/compiler/ti-cgt-armllvm_4.0.4.LTS/lib --diag_wrap=off --display_error_number --warn_sections --xml_link_info=empty_LP_MSPM0G3507_nortos_ticlang_linkInfo.xml --rom_model ./empty.o ./ti_msp_dl_config.o ./startup_mspm0g350x_ticlang.o ./Hardware/GraySensor.o ./Hardware/board.o ./Hardware/encoder.o ./Hardware/key.o ./Hardware/led.o ./Hardware/motor.o ./Hardware/mpu6050.o ./Hardware/oled.o -l./device_linker.cmd -ldevice.cmd.genlibs -llibc.a --start-group -llibc++.a -llibc++abi.a -llibc.a -llibsys.a -llibsysbm.a -llibclang_rt.builtins.a -llibclang_rt.profile.a --end-group --cg_opt_level=0</command_line>
   <link_time>0x6a59b5b7</link_time>
   <link_errors>0x0</link_errors>
   <output_file>D:\AAA__Workspace\CCS\proj0\empty_LP_MSPM0G3507_nortos_ticlang\Debug\empty_LP_MSPM0G3507_nortos_ticlang.out</output_file>
   <entry_point>
      <name>_c_int00_noargs</name>
      <address>0x2191</address>
   </entry_point>
   <input_file_list>
      <input_file id="fl-1">
         <path>D:\AAA__Workspace\CCS\proj0\empty_LP_MSPM0G3507_nortos_ticlang\Debug\.\</path>
         <kind>object</kind>
         <file>empty.o</file>
         <name>empty.o</name>
      </input_file>
      <input_file id="fl-2">
         <path>D:\AAA__Workspace\CCS\proj0\empty_LP_MSPM0G3507_nortos_ticlang\Debug\.\</path>
         <kind>object</kind>
         <file>ti_msp_dl_config.o</file>
         <name>ti_msp_dl_config.o</name>
      </input_file>
      <input_file id="fl-3">
         <path>D:\AAA__Workspace\CCS\proj0\empty_LP_MSPM0G3507_nortos_ticlang\Debug\.\</path>
         <kind>object</kind>
         <file>startup_mspm0g350x_ticlang.o</file>
         <name>startup_mspm0g350x_ticlang.o</name>
      </input_file>
      <input_file id="fl-4">
         <path>D:\AAA__Workspace\CCS\proj0\empty_LP_MSPM0G3507_nortos_ticlang\Debug\.\Hardware\</path>
         <kind>object</kind>
         <file>GraySensor.o</file>
         <name>GraySensor.o</name>
      </input_file>
      <input_file id="fl-5">
         <path>D:\AAA__Workspace\CCS\proj0\empty_LP_MSPM0G3507_nortos_ticlang\Debug\.\Hardware\</path>
         <kind>object</kind>
         <file>board.o</file>
         <name>board.o</name>
      </input_file>
      <input_file id="fl-6">
         <path>D:\AAA__Workspace\CCS\proj0\empty_LP_MSPM0G3507_nortos_ticlang\Debug\.\Hardware\</path>
         <kind>object</kind>
         <file>encoder.o</file>
         <name>encoder.o</name>
      </input_file>
      <input_file id="fl-7">
         <path>D:\AAA__Workspace\CCS\proj0\empty_LP_MSPM0G3507_nortos_ticlang\Debug\.\Hardware\</path>
         <kind>object</kind>
         <file>key.o</file>
         <name>key.o</name>
      </input_file>
      <input_file id="fl-8">
         <path>D:\AAA__Workspace\CCS\proj0\empty_LP_MSPM0G3507_nortos_ticlang\Debug\.\Hardware\</path>
         <kind>object</kind>
         <file>led.o</file>
         <name>led.o</name>
      </input_file>
      <input_file id="fl-9">
         <path>D:\AAA__Workspace\CCS\proj0\empty_LP_MSPM0G3507_nortos_ticlang\Debug\.\Hardware\</path>
         <kind>object</kind>
         <file>motor.o</file>
         <name>motor.o</name>
      </input_file>
      <input_file id="fl-a">
         <path>D:\AAA__Workspace\CCS\proj0\empty_LP_MSPM0G3507_nortos_ticlang\Debug\.\Hardware\</path>
         <kind>object</kind>
         <file>mpu6050.o</file>
         <name>mpu6050.o</name>
      </input_file>
      <input_file id="fl-b">
         <path>D:\AAA__Workspace\CCS\proj0\empty_LP_MSPM0G3507_nortos_ticlang\Debug\.\Hardware\</path>
         <kind>object</kind>
         <file>oled.o</file>
         <name>oled.o</name>
      </input_file>
      <input_file id="fl-18">
         <path>D:\AAA__Workspace\CCS\proj0\empty_LP_MSPM0G3507_nortos_ticlang\Debug\</path>
         <kind>object</kind>
         <file>&lt;internal&gt;</file>
         <name>&lt;internal&gt;</name>
      </input_file>
      <input_file id="fl-19">
         <path>D:\AAA__Workspace\Software\TI_CCS\mspm0_sdk_2_10_00_04\source\ti\driverlib\lib\ticlang\m0p\mspm0g1x0x_g3x0x\</path>
         <kind>archive</kind>
         <file>driverlib.a</file>
         <name>dl_common.o</name>
      </input_file>
      <input_file id="fl-1a">
         <path>D:\AAA__Workspace\Software\TI_CCS\mspm0_sdk_2_10_00_04\source\ti\driverlib\lib\ticlang\m0p\mspm0g1x0x_g3x0x\</path>
         <kind>archive</kind>
         <file>driverlib.a</file>
         <name>dl_i2c.o</name>
      </input_file>
      <input_file id="fl-1b">
         <path>D:\AAA__Workspace\Software\TI_CCS\mspm0_sdk_2_10_00_04\source\ti\driverlib\lib\ticlang\m0p\mspm0g1x0x_g3x0x\</path>
         <kind>archive</kind>
         <file>driverlib.a</file>
         <name>dl_timer.o</name>
      </input_file>
      <input_file id="fl-1c">
         <path>D:\AAA__Workspace\Software\TI_CCS\mspm0_sdk_2_10_00_04\source\ti\driverlib\lib\ticlang\m0p\mspm0g1x0x_g3x0x\</path>
         <kind>archive</kind>
         <file>driverlib.a</file>
         <name>dl_sysctl_mspm0g1x0x_g3x0x.o</name>
      </input_file>
      <input_file id="fl-33">
         <path>D:\AAA__Workspace\Software\TI_CCS\ccs\tools\compiler\ti-cgt-armllvm_4.0.4.LTS\lib\armv6m-ti-none-eabi\c\</path>
         <kind>archive</kind>
         <file>libc.a</file>
         <name>boot_cortex_m.c.obj</name>
      </input_file>
      <input_file id="fl-34">
         <path>D:\AAA__Workspace\Software\TI_CCS\ccs\tools\compiler\ti-cgt-armllvm_4.0.4.LTS\lib\armv6m-ti-none-eabi\c\</path>
         <kind>archive</kind>
         <file>libc.a</file>
         <name>mathacl_init.c.obj</name>
      </input_file>
      <input_file id="fl-35">
         <path>D:\AAA__Workspace\Software\TI_CCS\ccs\tools\compiler\ti-cgt-armllvm_4.0.4.LTS\lib\armv6m-ti-none-eabi\c\</path>
         <kind>archive</kind>
         <file>libc.a</file>
         <name>autoinit.c.obj</name>
      </input_file>
      <input_file id="fl-36">
         <path>D:\AAA__Workspace\Software\TI_CCS\ccs\tools\compiler\ti-cgt-armllvm_4.0.4.LTS\lib\armv6m-ti-none-eabi\c\</path>
         <kind>archive</kind>
         <file>libc.a</file>
         <name>pre_init.c.obj</name>
      </input_file>
      <input_file id="fl-37">
         <path>D:\AAA__Workspace\Software\TI_CCS\ccs\tools\compiler\ti-cgt-armllvm_4.0.4.LTS\lib\armv6m-ti-none-eabi\c\</path>
         <kind>archive</kind>
         <file>libc.a</file>
         <name>cpy_tbl.c.obj</name>
      </input_file>
      <input_file id="fl-38">
         <path>D:\AAA__Workspace\Software\TI_CCS\ccs\tools\compiler\ti-cgt-armllvm_4.0.4.LTS\lib\armv6m-ti-none-eabi\c\</path>
         <kind>archive</kind>
         <file>libc.a</file>
         <name>copy_zero_init.c.obj</name>
      </input_file>
      <input_file id="fl-39">
         <path>D:\AAA__Workspace\Software\TI_CCS\ccs\tools\compiler\ti-cgt-armllvm_4.0.4.LTS\lib\armv6m-ti-none-eabi\c\</path>
         <kind>archive</kind>
         <file>libc.a</file>
         <name>copy_decompress_none.c.obj</name>
      </input_file>
      <input_file id="fl-3a">
         <path>D:\AAA__Workspace\Software\TI_CCS\ccs\tools\compiler\ti-cgt-armllvm_4.0.4.LTS\lib\armv6m-ti-none-eabi\c\</path>
         <kind>archive</kind>
         <file>libc.a</file>
         <name>copy_decompress_lzss.c.obj</name>
      </input_file>
      <input_file id="fl-3b">
         <path>D:\AAA__Workspace\Software\TI_CCS\ccs\tools\compiler\ti-cgt-armllvm_4.0.4.LTS\lib\armv6m-ti-none-eabi\c\</path>
         <kind>archive</kind>
         <file>libc.a</file>
         <name>exit.c.obj</name>
      </input_file>
      <input_file id="fl-3c">
         <path>D:\AAA__Workspace\Software\TI_CCS\ccs\tools\compiler\ti-cgt-armllvm_4.0.4.LTS\lib\armv6m-ti-none-eabi\c\</path>
         <kind>archive</kind>
         <file>libc.a</file>
         <name>_lock.c.obj</name>
      </input_file>
      <input_file id="fl-3d">
         <path>D:\AAA__Workspace\Software\TI_CCS\ccs\tools\compiler\ti-cgt-armllvm_4.0.4.LTS\lib\armv6m-ti-none-eabi\c\</path>
         <kind>archive</kind>
         <file>libc.a</file>
         <name>args_main.c.obj</name>
      </input_file>
      <input_file id="fl-dd">
         <path>D:\AAA__Workspace\Software\TI_CCS\ccs\tools\compiler\ti-cgt-armllvm_4.0.4.LTS\lib\armv6m-ti-none-eabi\c\</path>
         <kind>archive</kind>
         <file>libsysbm.a</file>
         <name>hostexit.c.obj</name>
      </input_file>
      <input_file id="fl-de">
         <path>D:\AAA__Workspace\Software\TI_CCS\ccs\tools\compiler\ti-cgt-armllvm_4.0.4.LTS\lib\armv6m-ti-none-eabi\</path>
         <kind>archive</kind>
         <file>libclang_rt.builtins.a</file>
         <name>addsf3.S.obj</name>
      </input_file>
      <input_file id="fl-df">
         <path>D:\AAA__Workspace\Software\TI_CCS\ccs\tools\compiler\ti-cgt-armllvm_4.0.4.LTS\lib\armv6m-ti-none-eabi\</path>
         <kind>archive</kind>
         <file>libclang_rt.builtins.a</file>
         <name>mulsf3.S.obj</name>
      </input_file>
      <input_file id="fl-e0">
         <path>D:\AAA__Workspace\Software\TI_CCS\ccs\tools\compiler\ti-cgt-armllvm_4.0.4.LTS\lib\armv6m-ti-none-eabi\</path>
         <kind>archive</kind>
         <file>libclang_rt.builtins.a</file>
         <name>fixsfsi.S.obj</name>
      </input_file>
      <input_file id="fl-e1">
         <path>D:\AAA__Workspace\Software\TI_CCS\ccs\tools\compiler\ti-cgt-armllvm_4.0.4.LTS\lib\armv6m-ti-none-eabi\</path>
         <kind>archive</kind>
         <file>libclang_rt.builtins.a</file>
         <name>floatsisf.S.obj</name>
      </input_file>
      <input_file id="fl-e2">
         <path>D:\AAA__Workspace\Software\TI_CCS\ccs\tools\compiler\ti-cgt-armllvm_4.0.4.LTS\lib\armv6m-ti-none-eabi\</path>
         <kind>archive</kind>
         <file>libclang_rt.builtins.a</file>
         <name>floatunsidf.S.obj</name>
      </input_file>
      <input_file id="fl-e3">
         <path>D:\AAA__Workspace\Software\TI_CCS\ccs\tools\compiler\ti-cgt-armllvm_4.0.4.LTS\lib\armv6m-ti-none-eabi\</path>
         <kind>archive</kind>
         <file>libclang_rt.builtins.a</file>
         <name>aeabi_dcmp.S.obj</name>
      </input_file>
      <input_file id="fl-e4">
         <path>D:\AAA__Workspace\Software\TI_CCS\ccs\tools\compiler\ti-cgt-armllvm_4.0.4.LTS\lib\armv6m-ti-none-eabi\</path>
         <kind>archive</kind>
         <file>libclang_rt.builtins.a</file>
         <name>aeabi_idivmod.S.obj</name>
      </input_file>
      <input_file id="fl-e5">
         <path>D:\AAA__Workspace\Software\TI_CCS\ccs\tools\compiler\ti-cgt-armllvm_4.0.4.LTS\lib\armv6m-ti-none-eabi\</path>
         <kind>archive</kind>
         <file>libclang_rt.builtins.a</file>
         <name>aeabi_memcpy.S.obj</name>
      </input_file>
      <input_file id="fl-e6">
         <path>D:\AAA__Workspace\Software\TI_CCS\ccs\tools\compiler\ti-cgt-armllvm_4.0.4.LTS\lib\armv6m-ti-none-eabi\</path>
         <kind>archive</kind>
         <file>libclang_rt.builtins.a</file>
         <name>aeabi_memset.S.obj</name>
      </input_file>
      <input_file id="fl-e7">
         <path>D:\AAA__Workspace\Software\TI_CCS\ccs\tools\compiler\ti-cgt-armllvm_4.0.4.LTS\lib\armv6m-ti-none-eabi\</path>
         <kind>archive</kind>
         <file>libclang_rt.builtins.a</file>
         <name>aeabi_uidivmod.S.obj</name>
      </input_file>
      <input_file id="fl-e8">
         <path>D:\AAA__Workspace\Software\TI_CCS\ccs\tools\compiler\ti-cgt-armllvm_4.0.4.LTS\lib\armv6m-ti-none-eabi\</path>
         <kind>archive</kind>
         <file>libclang_rt.builtins.a</file>
         <name>muldsi3.S.obj</name>
      </input_file>
      <input_file id="fl-e9">
         <path>D:\AAA__Workspace\Software\TI_CCS\ccs\tools\compiler\ti-cgt-armllvm_4.0.4.LTS\lib\armv6m-ti-none-eabi\</path>
         <kind>archive</kind>
         <file>libclang_rt.builtins.a</file>
         <name>comparedf2.c.obj</name>
      </input_file>
      <input_file id="fl-ea">
         <path>D:\AAA__Workspace\Software\TI_CCS\ccs\tools\compiler\ti-cgt-armllvm_4.0.4.LTS\lib\armv6m-ti-none-eabi\</path>
         <kind>archive</kind>
         <file>libclang_rt.builtins.a</file>
         <name>aeabi_div0.c.obj</name>
      </input_file>
      <input_file id="fl-eb">
         <path>D:\AAA__Workspace\Software\TI_CCS\ccs\tools\compiler\ti-cgt-armllvm_4.0.4.LTS\lib\armv6m-ti-none-eabi\c\</path>
         <kind>archive</kind>
         <file>libc.a</file>
         <name>memcpy16.S.obj</name>
      </input_file>
      <input_file id="fl-ec">
         <path>D:\AAA__Workspace\Software\TI_CCS\ccs\tools\compiler\ti-cgt-armllvm_4.0.4.LTS\lib\armv6m-ti-none-eabi\c\</path>
         <kind>archive</kind>
         <file>libc.a</file>
         <name>memset16.S.obj</name>
      </input_file>
   </input_file_list>
   <object_component_list>
      <object_component id="oc-18">
         <name>.intvecs</name>
         <load_address>0x0</load_address>
         <readonly>true</readonly>
         <run_address>0x0</run_address>
         <size>0xc0</size>
         <alignment>0x4</alignment>
         <input_file_ref idref="fl-3"/>
      </object_component>
      <object_component id="oc-106">
         <name>.text.SYSCFG_DL_GPIO_init</name>
         <load_address>0xc0</load_address>
         <readonly>true</readonly>
         <executable>true</executable>
         <run_address>0xc0</run_address>
         <size>0x1bc</size>
         <alignment>0x4</alignment>
         <input_file_ref idref="fl-2"/>
      </object_component>
      <object_component id="oc-34">
         <name>.text.GROUP1_IRQHandler</name>
         <load_address>0x27c</load_address>
         <readonly>true</readonly>
         <executable>true</executable>
         <run_address>0x27c</run_address>
         <size>0x124</size>
         <alignment>0x4</alignment>
         <input_file_ref idref="fl-6"/>
      </object_component>
      <object_component id="oc-cf">
         <name>.text.MPU6050_GetData</name>
         <load_address>0x3a0</load_address>
         <readonly>true</readonly>
         <executable>true</executable>
         <run_address>0x3a0</run_address>
         <size>0x124</size>
         <alignment>0x2</alignment>
         <input_file_ref idref="fl-a"/>
      </object_component>
      <object_component id="oc-121">
         <name>.text.OLED_ShowChar</name>
         <load_address>0x4c4</load_address>
         <readonly>true</readonly>
         <executable>true</executable>
         <run_address>0x4c4</run_address>
         <size>0x114</size>
         <alignment>0x4</alignment>
         <input_file_ref idref="fl-b"/>
      </object_component>
      <object_component id="oc-71">
         <name>.text.Set_PWM</name>
         <load_address>0x5d8</load_address>
         <readonly>true</readonly>
         <executable>true</executable>
         <run_address>0x5d8</run_address>
         <size>0x110</size>
         <alignment>0x4</alignment>
         <input_file_ref idref="fl-9"/>
      </object_component>
      <object_component id="oc-88">
         <name>.text.main</name>
         <load_address>0x6e8</load_address>
         <readonly>true</readonly>
         <executable>true</executable>
         <run_address>0x6e8</run_address>
         <size>0x108</size>
         <alignment>0x4</alignment>
         <input_file_ref idref="fl-1"/>
      </object_component>
      <object_component id="oc-161">
         <name>.text.DL_Timer_initFourCCPWMMode</name>
         <load_address>0x7f0</load_address>
         <readonly>true</readonly>
         <executable>true</executable>
         <run_address>0x7f0</run_address>
         <size>0x104</size>
         <alignment>0x4</alignment>
         <input_file_ref idref="fl-1b"/>
      </object_component>
      <object_component id="oc-169">
         <name>.text.DL_Timer_initTimerMode</name>
         <load_address>0x8f4</load_address>
         <readonly>true</readonly>
         <executable>true</executable>
         <run_address>0x8f4</run_address>
         <size>0xfc</size>
         <alignment>0x4</alignment>
         <input_file_ref idref="fl-1b"/>
      </object_component>
      <object_component id="oc-158">
         <name>.text.SYSCFG_DL_SYSCTL_SYSPLL_init</name>
         <load_address>0x9f0</load_address>
         <readonly>true</readonly>
         <executable>true</executable>
         <run_address>0x9f0</run_address>
         <size>0xec</size>
         <alignment>0x4</alignment>
         <input_file_ref idref="fl-2"/>
      </object_component>
      <object_component id="oc-152">
         <name>.text.DL_SYSCTL_configSYSPLL</name>
         <load_address>0xadc</load_address>
         <readonly>true</readonly>
         <executable>true</executable>
         <run_address>0xadc</run_address>
         <size>0xdc</size>
         <alignment>0x4</alignment>
         <input_file_ref idref="fl-1c"/>
      </object_component>
      <object_component id="oc-c5">
         <name>.text.OLED_Init</name>
         <load_address>0xbb8</load_address>
         <readonly>true</readonly>
         <executable>true</executable>
         <run_address>0xbb8</run_address>
         <size>0xdc</size>
         <alignment>0x2</alignment>
         <input_file_ref idref="fl-b"/>
      </object_component>
      <object_component id="oc-122">
         <name>.text.OLED_ShowNumber</name>
         <load_address>0xc94</load_address>
         <readonly>true</readonly>
         <executable>true</executable>
         <run_address>0xc94</run_address>
         <size>0xdc</size>
         <alignment>0x2</alignment>
         <input_file_ref idref="fl-b"/>
      </object_component>
      <object_component id="oc-9b">
         <name>.text</name>
         <load_address>0xd70</load_address>
         <readonly>true</readonly>
         <executable>true</executable>
         <run_address>0xd70</run_address>
         <size>0xd8</size>
         <alignment>0x4</alignment>
         <input_file_ref idref="fl-de"/>
      </object_component>
      <object_component id="oc-18b">
         <name>.text.I2C_ReadByte</name>
         <load_address>0xe48</load_address>
         <readonly>true</readonly>
         <executable>true</executable>
         <run_address>0xe48</run_address>
         <size>0xd0</size>
         <alignment>0x4</alignment>
         <input_file_ref idref="fl-a"/>
      </object_component>
      <object_component id="oc-39">
         <name>.text.TIMG0_IRQHandler</name>
         <load_address>0xf18</load_address>
         <readonly>true</readonly>
         <executable>true</executable>
         <run_address>0xf18</run_address>
         <size>0xcc</size>
         <alignment>0x4</alignment>
         <input_file_ref idref="fl-1"/>
      </object_component>
      <object_component id="oc-189">
         <name>.text.I2C_WriteByte</name>
         <load_address>0xfe4</load_address>
         <readonly>true</readonly>
         <executable>true</executable>
         <run_address>0xfe4</run_address>
         <size>0xc8</size>
         <alignment>0x4</alignment>
         <input_file_ref idref="fl-a"/>
      </object_component>
      <object_component id="oc-6a">
         <name>.text.Velocity_A</name>
         <load_address>0x10ac</load_address>
         <readonly>true</readonly>
         <executable>true</executable>
         <run_address>0x10ac</run_address>
         <size>0xc4</size>
         <alignment>0x4</alignment>
         <input_file_ref idref="fl-9"/>
      </object_component>
      <object_component id="oc-6f">
         <name>.text.Velocity_B</name>
         <load_address>0x1170</load_address>
         <readonly>true</readonly>
         <executable>true</executable>
         <run_address>0x1170</run_address>
         <size>0xc4</size>
         <alignment>0x4</alignment>
         <input_file_ref idref="fl-9"/>
      </object_component>
      <object_component id="oc-d1">
         <name>.text.OLED_ShowSigned</name>
         <load_address>0x1234</load_address>
         <readonly>true</readonly>
         <executable>true</executable>
         <run_address>0x1234</run_address>
         <size>0xa8</size>
         <alignment>0x2</alignment>
         <input_file_ref idref="fl-1"/>
      </object_component>
      <object_component id="oc-192">
         <name>.text.OLED_DrawPoint</name>
         <load_address>0x12dc</load_address>
         <readonly>true</readonly>
         <executable>true</executable>
         <run_address>0x12dc</run_address>
         <size>0x90</size>
         <alignment>0x4</alignment>
         <input_file_ref idref="fl-b"/>
      </object_component>
      <object_component id="oc-182">
         <name>.text.delay_us</name>
         <load_address>0x136c</load_address>
         <readonly>true</readonly>
         <executable>true</executable>
         <run_address>0x136c</run_address>
         <size>0x90</size>
         <alignment>0x4</alignment>
         <input_file_ref idref="fl-5"/>
      </object_component>
      <object_component id="oc-108">
         <name>.text.SYSCFG_DL_PWM_0_init</name>
         <load_address>0x13fc</load_address>
         <readonly>true</readonly>
         <executable>true</executable>
         <run_address>0x13fc</run_address>
         <size>0x8c</size>
         <alignment>0x4</alignment>
         <input_file_ref idref="fl-2"/>
      </object_component>
      <object_component id="oc-97">
         <name>.text.__mulsf3</name>
         <load_address>0x1488</load_address>
         <readonly>true</readonly>
         <executable>true</executable>
         <run_address>0x1488</run_address>
         <size>0x8c</size>
         <alignment>0x4</alignment>
         <input_file_ref idref="fl-df"/>
      </object_component>
      <object_component id="oc-15e">
         <name>.text.__NVIC_SetPriority</name>
         <load_address>0x1514</load_address>
         <readonly>true</readonly>
         <executable>true</executable>
         <run_address>0x1514</run_address>
         <size>0x84</size>
         <alignment>0x4</alignment>
         <input_file_ref idref="fl-2"/>
      </object_component>
      <object_component id="oc-d2">
         <name>.text.OLED_Refresh_Gram</name>
         <load_address>0x1598</load_address>
         <readonly>true</readonly>
         <executable>true</executable>
         <run_address>0x1598</run_address>
         <size>0x7c</size>
         <alignment>0x4</alignment>
         <input_file_ref idref="fl-b"/>
      </object_component>
      <object_component id="oc-1c">
         <name>.text:decompress:lzss</name>
         <load_address>0x1614</load_address>
         <readonly>true</readonly>
         <executable>true</executable>
         <run_address>0x1614</run_address>
         <size>0x7c</size>
         <alignment>0x4</alignment>
         <input_file_ref idref="fl-3a"/>
      </object_component>
      <object_component id="oc-d0">
         <name>.text.OLED_ShowString</name>
         <load_address>0x1690</load_address>
         <readonly>true</readonly>
         <executable>true</executable>
         <run_address>0x1690</run_address>
         <size>0x7a</size>
         <alignment>0x2</alignment>
         <input_file_ref idref="fl-b"/>
      </object_component>
      <object_component id="oc-18c">
         <name>.text.__aeabi_idiv0</name>
         <load_address>0x170a</load_address>
         <readonly>true</readonly>
         <executable>true</executable>
         <run_address>0x170a</run_address>
         <size>0x2</size>
         <alignment>0x2</alignment>
         <input_file_ref idref="fl-ea"/>
      </object_component>
      <object_component id="oc-107">
         <name>.text.SYSCFG_DL_SYSCTL_init</name>
         <load_address>0x170c</load_address>
         <readonly>true</readonly>
         <executable>true</executable>
         <run_address>0x170c</run_address>
         <size>0x74</size>
         <alignment>0x4</alignment>
         <input_file_ref idref="fl-2"/>
      </object_component>
      <object_component id="oc-1ca">
         <name>.text.__gedf2</name>
         <load_address>0x1780</load_address>
         <readonly>true</readonly>
         <executable>true</executable>
         <run_address>0x1780</run_address>
         <size>0x74</size>
         <alignment>0x4</alignment>
         <input_file_ref idref="fl-e9"/>
      </object_component>
      <object_component id="oc-105">
         <name>.text.SYSCFG_DL_initPower</name>
         <load_address>0x17f4</load_address>
         <readonly>true</readonly>
         <executable>true</executable>
         <run_address>0x17f4</run_address>
         <size>0x68</size>
         <alignment>0x4</alignment>
         <input_file_ref idref="fl-2"/>
      </object_component>
      <object_component id="oc-1c4">
         <name>.text.__ledf2</name>
         <load_address>0x185c</load_address>
         <readonly>true</readonly>
         <executable>true</executable>
         <run_address>0x185c</run_address>
         <size>0x68</size>
         <alignment>0x4</alignment>
         <input_file_ref idref="fl-e9"/>
      </object_component>
      <object_component id="oc-10f">
         <name>.text.OLED_WR_Byte</name>
         <load_address>0x18c4</load_address>
         <readonly>true</readonly>
         <executable>true</executable>
         <run_address>0x18c4</run_address>
         <size>0x64</size>
         <alignment>0x4</alignment>
         <input_file_ref idref="fl-b"/>
      </object_component>
      <object_component id="oc-10a">
         <name>.text.SYSCFG_DL_OLED_init</name>
         <load_address>0x1928</load_address>
         <readonly>true</readonly>
         <executable>true</executable>
         <run_address>0x1928</run_address>
         <size>0x64</size>
         <alignment>0x4</alignment>
         <input_file_ref idref="fl-2"/>
      </object_component>
      <object_component id="oc-1b4">
         <name>.text.__aeabi_dcmp</name>
         <load_address>0x198c</load_address>
         <readonly>true</readonly>
         <executable>true</executable>
         <run_address>0x198c</run_address>
         <size>0x62</size>
         <alignment>0x4</alignment>
         <input_file_ref idref="fl-e3"/>
      </object_component>
      <object_component id="oc-83">
         <name>.text.__mpu_init</name>
         <load_address>0x19ee</load_address>
         <readonly>true</readonly>
         <executable>true</executable>
         <run_address>0x19ee</run_address>
         <size>0x2</size>
         <alignment>0x2</alignment>
         <input_file_ref idref="fl-1"/>
      </object_component>
      <object_component id="oc-115">
         <name>.text.OLED_Clear</name>
         <load_address>0x19f0</load_address>
         <readonly>true</readonly>
         <executable>true</executable>
         <run_address>0x19f0</run_address>
         <size>0x60</size>
         <alignment>0x4</alignment>
         <input_file_ref idref="fl-b"/>
      </object_component>
      <object_component id="oc-180">
         <name>.text.DL_I2C_fillControllerTXFIFO</name>
         <load_address>0x1a50</load_address>
         <readonly>true</readonly>
         <executable>true</executable>
         <run_address>0x1a50</run_address>
         <size>0x5e</size>
         <alignment>0x2</alignment>
         <input_file_ref idref="fl-1a"/>
      </object_component>
      <object_component id="oc-119">
         <name>.text.MPU_WriteReg</name>
         <load_address>0x1aae</load_address>
         <readonly>true</readonly>
         <executable>true</executable>
         <run_address>0x1aae</run_address>
         <size>0x5c</size>
         <alignment>0x2</alignment>
         <input_file_ref idref="fl-a"/>
      </object_component>
      <object_component id="oc-12e">
         <name>.text._system_post_cinit</name>
         <load_address>0x1b0a</load_address>
         <readonly>true</readonly>
         <executable>true</executable>
         <run_address>0x1b0a</run_address>
         <size>0x2</size>
         <alignment>0x2</alignment>
         <input_file_ref idref="fl-1"/>
      </object_component>
      <object_component id="oc-11d">
         <name>.text.__aeabi_idivmod</name>
         <load_address>0x1b0c</load_address>
         <readonly>true</readonly>
         <executable>true</executable>
         <run_address>0x1b0c</run_address>
         <size>0x56</size>
         <alignment>0x4</alignment>
         <input_file_ref idref="fl-e4"/>
      </object_component>
      <object_component id="oc-143">
         <name>.text.DL_GPIO_initPeripheralInputFunctionFeatures</name>
         <load_address>0x1b64</load_address>
         <readonly>true</readonly>
         <executable>true</executable>
         <run_address>0x1b64</run_address>
         <size>0x50</size>
         <alignment>0x4</alignment>
         <input_file_ref idref="fl-2"/>
      </object_component>
      <object_component id="oc-181">
         <name>.text.DL_I2C_startControllerTransfer</name>
         <load_address>0x1bb4</load_address>
         <readonly>true</readonly>
         <executable>true</executable>
         <run_address>0x1bb4</run_address>
         <size>0x50</size>
         <alignment>0x4</alignment>
         <input_file_ref idref="fl-b"/>
      </object_component>
      <object_component id="oc-187">
         <name>.text.DL_GPIO_initDigitalInputFeatures</name>
         <load_address>0x1c04</load_address>
         <readonly>true</readonly>
         <executable>true</executable>
         <run_address>0x1c04</run_address>
         <size>0x4c</size>
         <alignment>0x4</alignment>
         <input_file_ref idref="fl-a"/>
      </object_component>
      <object_component id="oc-145">
         <name>.text.DL_GPIO_initDigitalInputFeatures</name>
         <load_address>0x1c50</load_address>
         <readonly>true</readonly>
         <executable>true</executable>
         <run_address>0x1c50</run_address>
         <size>0x4c</size>
         <alignment>0x4</alignment>
         <input_file_ref idref="fl-2"/>
      </object_component>
      <object_component id="oc-188">
         <name>.text.I2C_Start</name>
         <load_address>0x1c9c</load_address>
         <readonly>true</readonly>
         <executable>true</executable>
         <run_address>0x1c9c</run_address>
         <size>0x48</size>
         <alignment>0x4</alignment>
         <input_file_ref idref="fl-a"/>
      </object_component>
      <object_component id="oc-15d">
         <name>.text.DL_SYSCTL_switchMCLKfromSYSOSCtoHSCLK</name>
         <load_address>0x1ce4</load_address>
         <readonly>true</readonly>
         <executable>true</executable>
         <run_address>0x1ce4</run_address>
         <size>0x44</size>
         <alignment>0x4</alignment>
         <input_file_ref idref="fl-1c"/>
      </object_component>
      <object_component id="oc-196">
         <name>.text.__aeabi_uidivmod</name>
         <load_address>0x1d28</load_address>
         <readonly>true</readonly>
         <executable>true</executable>
         <run_address>0x1d28</run_address>
         <size>0x40</size>
         <alignment>0x4</alignment>
         <input_file_ref idref="fl-e7"/>
      </object_component>
      <object_component id="oc-ca">
         <name>.text.MPU6050_Init</name>
         <load_address>0x1d68</load_address>
         <readonly>true</readonly>
         <executable>true</executable>
         <run_address>0x1d68</run_address>
         <size>0x3e</size>
         <alignment>0x2</alignment>
         <input_file_ref idref="fl-a"/>
      </object_component>
      <object_component id="oc-11c">
         <name>.text.MPU_ReadReg</name>
         <load_address>0x1da6</load_address>
         <readonly>true</readonly>
         <executable>true</executable>
         <run_address>0x1da6</run_address>
         <size>0x3e</size>
         <alignment>0x2</alignment>
         <input_file_ref idref="fl-a"/>
      </object_component>
      <object_component id="oc-162">
         <name>.text.DL_Timer_setCounterControl</name>
         <load_address>0x1de4</load_address>
         <readonly>true</readonly>
         <executable>true</executable>
         <run_address>0x1de4</run_address>
         <size>0x3c</size>
         <alignment>0x4</alignment>
         <input_file_ref idref="fl-2"/>
      </object_component>
      <object_component id="oc-18a">
         <name>.text.I2C_Stop</name>
         <load_address>0x1e20</load_address>
         <readonly>true</readonly>
         <executable>true</executable>
         <run_address>0x1e20</run_address>
         <size>0x3c</size>
         <alignment>0x4</alignment>
         <input_file_ref idref="fl-a"/>
      </object_component>
      <object_component id="oc-93">
         <name>.text.__floatsisf</name>
         <load_address>0x1e5c</load_address>
         <readonly>true</readonly>
         <executable>true</executable>
         <run_address>0x1e5c</run_address>
         <size>0x3c</size>
         <alignment>0x4</alignment>
         <input_file_ref idref="fl-e1"/>
      </object_component>
      <object_component id="oc-e2">
         <name>.text:__TI_auto_init_nobinit_nopinit</name>
         <load_address>0x1e98</load_address>
         <readonly>true</readonly>
         <executable>true</executable>
         <run_address>0x1e98</run_address>
         <size>0x3c</size>
         <alignment>0x4</alignment>
         <input_file_ref idref="fl-35"/>
      </object_component>
      <object_component id="oc-f5">
         <name>.text.__muldsi3</name>
         <load_address>0x1ed4</load_address>
         <readonly>true</readonly>
         <executable>true</executable>
         <run_address>0x1ed4</run_address>
         <size>0x3a</size>
         <alignment>0x4</alignment>
         <input_file_ref idref="fl-e8"/>
      </object_component>
      <object_component id="oc-9f">
         <name>.text.__fixsfsi</name>
         <load_address>0x1f10</load_address>
         <readonly>true</readonly>
         <executable>true</executable>
         <run_address>0x1f10</run_address>
         <size>0x38</size>
         <alignment>0x4</alignment>
         <input_file_ref idref="fl-e0"/>
      </object_component>
      <object_component id="oc-118">
         <name>.text.I2C_Init</name>
         <load_address>0x1f48</load_address>
         <readonly>true</readonly>
         <executable>true</executable>
         <run_address>0x1f48</run_address>
         <size>0x34</size>
         <alignment>0x4</alignment>
         <input_file_ref idref="fl-a"/>
      </object_component>
      <object_component id="oc-109">
         <name>.text.SYSCFG_DL_TIMER_0_init</name>
         <load_address>0x1f7c</load_address>
         <readonly>true</readonly>
         <executable>true</executable>
         <run_address>0x1f7c</run_address>
         <size>0x34</size>
         <alignment>0x4</alignment>
         <input_file_ref idref="fl-2"/>
      </object_component>
      <object_component id="oc-70">
         <name>.text.limit_PWM</name>
         <load_address>0x1fb0</load_address>
         <readonly>true</readonly>
         <executable>true</executable>
         <run_address>0x1fb0</run_address>
         <size>0x34</size>
         <alignment>0x2</alignment>
         <input_file_ref idref="fl-9"/>
      </object_component>
      <object_component id="oc-110">
         <name>.text.delay_ms</name>
         <load_address>0x1fe4</load_address>
         <readonly>true</readonly>
         <executable>true</executable>
         <run_address>0x1fe4</run_address>
         <size>0x30</size>
         <alignment>0x4</alignment>
         <input_file_ref idref="fl-5"/>
      </object_component>
      <object_component id="oc-195">
         <name>.text.oled_pow</name>
         <load_address>0x2014</load_address>
         <readonly>true</readonly>
         <executable>true</executable>
         <run_address>0x2014</run_address>
         <size>0x30</size>
         <alignment>0x2</alignment>
         <input_file_ref idref="fl-b"/>
      </object_component>
      <object_component id="oc-bd">
         <name>.text.SYSCFG_DL_init</name>
         <load_address>0x2044</load_address>
         <readonly>true</readonly>
         <executable>true</executable>
         <run_address>0x2044</run_address>
         <size>0x2c</size>
         <alignment>0x4</alignment>
         <input_file_ref idref="fl-2"/>
      </object_component>
      <object_component id="oc-c3">
         <name>.text.__NVIC_ClearPendingIRQ</name>
         <load_address>0x2070</load_address>
         <readonly>true</readonly>
         <executable>true</executable>
         <run_address>0x2070</run_address>
         <size>0x2c</size>
         <alignment>0x4</alignment>
         <input_file_ref idref="fl-1"/>
      </object_component>
      <object_component id="oc-c4">
         <name>.text.__NVIC_EnableIRQ</name>
         <load_address>0x209c</load_address>
         <readonly>true</readonly>
         <executable>true</executable>
         <run_address>0x209c</run_address>
         <size>0x2c</size>
         <alignment>0x4</alignment>
         <input_file_ref idref="fl-1"/>
      </object_component>
      <object_component id="oc-1ba">
         <name>.text.DL_Common_updateReg</name>
         <load_address>0x20c8</load_address>
         <readonly>true</readonly>
         <executable>true</executable>
         <run_address>0x20c8</run_address>
         <size>0x28</size>
         <alignment>0x2</alignment>
         <input_file_ref idref="fl-b"/>
      </object_component>
      <object_component id="oc-1a8">
         <name>.text.DL_Common_updateReg</name>
         <load_address>0x20f0</load_address>
         <readonly>true</readonly>
         <executable>true</executable>
         <run_address>0x20f0</run_address>
         <size>0x28</size>
         <alignment>0x2</alignment>
         <input_file_ref idref="fl-2"/>
      </object_component>
      <object_component id="oc-179">
         <name>.text.DL_I2C_setControllerRXFIFOThreshold</name>
         <load_address>0x2118</load_address>
         <readonly>true</readonly>
         <executable>true</executable>
         <run_address>0x2118</run_address>
         <size>0x28</size>
         <alignment>0x4</alignment>
         <input_file_ref idref="fl-2"/>
      </object_component>
      <object_component id="oc-178">
         <name>.text.DL_I2C_setControllerTXFIFOThreshold</name>
         <load_address>0x2140</load_address>
         <readonly>true</readonly>
         <executable>true</executable>
         <run_address>0x2140</run_address>
         <size>0x28</size>
         <alignment>0x4</alignment>
         <input_file_ref idref="fl-2"/>
      </object_component>
      <object_component id="oc-17d">
         <name>.text.DL_SYSTICK_init</name>
         <load_address>0x2168</load_address>
         <readonly>true</readonly>
         <executable>true</executable>
         <run_address>0x2168</run_address>
         <size>0x28</size>
         <alignment>0x4</alignment>
         <input_file_ref idref="fl-2"/>
      </object_component>
      <object_component id="oc-59">
         <name>.text:_c_int00_noargs</name>
         <load_address>0x2190</load_address>
         <readonly>true</readonly>
         <executable>true</executable>
         <run_address>0x2190</run_address>
         <size>0x28</size>
         <alignment>0x4</alignment>
         <input_file_ref idref="fl-33"/>
      </object_component>
      <object_component id="oc-173">
         <name>.text.DL_I2C_setAnalogGlitchFilterPulseWidth</name>
         <load_address>0x21b8</load_address>
         <readonly>true</readonly>
         <executable>true</executable>
         <run_address>0x21b8</run_address>
         <size>0x26</size>
         <alignment>0x2</alignment>
         <input_file_ref idref="fl-2"/>
      </object_component>
      <object_component id="oc-16d">
         <name>.text.DL_I2C_setClockConfig</name>
         <load_address>0x21de</load_address>
         <readonly>true</readonly>
         <executable>true</executable>
         <run_address>0x21de</run_address>
         <size>0x26</size>
         <alignment>0x2</alignment>
         <input_file_ref idref="fl-1a"/>
      </object_component>
      <object_component id="oc-175">
         <name>.text.DL_I2C_setDigitalGlitchFilterPulseWidth</name>
         <load_address>0x2204</load_address>
         <readonly>true</readonly>
         <executable>true</executable>
         <run_address>0x2204</run_address>
         <size>0x24</size>
         <alignment>0x2</alignment>
         <input_file_ref idref="fl-2"/>
      </object_component>
      <object_component id="oc-1b0">
         <name>.text.__floatunsidf</name>
         <load_address>0x2228</load_address>
         <readonly>true</readonly>
         <executable>true</executable>
         <run_address>0x2228</run_address>
         <size>0x24</size>
         <alignment>0x4</alignment>
         <input_file_ref idref="fl-e2"/>
      </object_component>
      <object_component id="oc-14e">
         <name>.text.DL_SYSCTL_setFlashWaitState</name>
         <load_address>0x224c</load_address>
         <readonly>true</readonly>
         <executable>true</executable>
         <run_address>0x224c</run_address>
         <size>0x20</size>
         <alignment>0x4</alignment>
         <input_file_ref idref="fl-2"/>
      </object_component>
      <object_component id="oc-62">
         <name>.text.DL_GPIO_clearInterruptStatus</name>
         <load_address>0x226c</load_address>
         <readonly>true</readonly>
         <executable>true</executable>
         <run_address>0x226c</run_address>
         <size>0x1c</size>
         <alignment>0x4</alignment>
         <input_file_ref idref="fl-6"/>
      </object_component>
      <object_component id="oc-14b">
         <name>.text.DL_GPIO_clearInterruptStatus</name>
         <load_address>0x2288</load_address>
         <readonly>true</readonly>
         <executable>true</executable>
         <run_address>0x2288</run_address>
         <size>0x1c</size>
         <alignment>0x4</alignment>
         <input_file_ref idref="fl-2"/>
      </object_component>
      <object_component id="oc-144">
         <name>.text.DL_GPIO_enableHiZ</name>
         <load_address>0x22a4</load_address>
         <readonly>true</readonly>
         <executable>true</executable>
         <run_address>0x22a4</run_address>
         <size>0x1c</size>
         <alignment>0x4</alignment>
         <input_file_ref idref="fl-2"/>
      </object_component>
      <object_component id="oc-14c">
         <name>.text.DL_GPIO_enableInterrupt</name>
         <load_address>0x22c0</load_address>
         <readonly>true</readonly>
         <executable>true</executable>
         <run_address>0x22c0</run_address>
         <size>0x1c</size>
         <alignment>0x4</alignment>
         <input_file_ref idref="fl-2"/>
      </object_component>
      <object_component id="oc-141">
         <name>.text.DL_GPIO_initPeripheralOutputFunction</name>
         <load_address>0x22dc</load_address>
         <readonly>true</readonly>
         <executable>true</executable>
         <run_address>0x22dc</run_address>
         <size>0x1c</size>
         <alignment>0x4</alignment>
         <input_file_ref idref="fl-2"/>
      </object_component>
      <object_component id="oc-149">
         <name>.text.DL_GPIO_setLowerPinsPolarity</name>
         <load_address>0x22f8</load_address>
         <readonly>true</readonly>
         <executable>true</executable>
         <run_address>0x22f8</run_address>
         <size>0x1c</size>
         <alignment>0x4</alignment>
         <input_file_ref idref="fl-2"/>
      </object_component>
      <object_component id="oc-1ac">
         <name>.text.DL_SYSCTL_configFCC</name>
         <load_address>0x2314</load_address>
         <readonly>true</readonly>
         <executable>true</executable>
         <run_address>0x2314</run_address>
         <size>0x1c</size>
         <alignment>0x4</alignment>
         <input_file_ref idref="fl-1c"/>
      </object_component>
      <object_component id="oc-1ab">
         <name>.text.DL_SYSCTL_setFCCPeriods</name>
         <load_address>0x2330</load_address>
         <readonly>true</readonly>
         <executable>true</executable>
         <run_address>0x2330</run_address>
         <size>0x1c</size>
         <alignment>0x4</alignment>
         <input_file_ref idref="fl-2"/>
      </object_component>
      <object_component id="oc-14f">
         <name>.text.DL_SYSCTL_setSYSOSCFreq</name>
         <load_address>0x234c</load_address>
         <readonly>true</readonly>
         <executable>true</executable>
         <run_address>0x234c</run_address>
         <size>0x1c</size>
         <alignment>0x4</alignment>
         <input_file_ref idref="fl-2"/>
      </object_component>
      <object_component id="oc-15b">
         <name>.text.DL_SYSCTL_setULPCLKDivider</name>
         <load_address>0x2368</load_address>
         <readonly>true</readonly>
         <executable>true</executable>
         <run_address>0x2368</run_address>
         <size>0x1c</size>
         <alignment>0x4</alignment>
         <input_file_ref idref="fl-2"/>
      </object_component>
      <object_component id="oc-16a">
         <name>.text.DL_Timer_enableInterrupt</name>
         <load_address>0x2384</load_address>
         <readonly>true</readonly>
         <executable>true</executable>
         <run_address>0x2384</run_address>
         <size>0x1c</size>
         <alignment>0x4</alignment>
         <input_file_ref idref="fl-2"/>
      </object_component>
      <object_component id="oc-164">
         <name>.text.DL_Timer_setCaptCompUpdateMethod</name>
         <load_address>0x23a0</load_address>
         <readonly>true</readonly>
         <executable>true</executable>
         <run_address>0x23a0</run_address>
         <size>0x1c</size>
         <alignment>0x4</alignment>
         <input_file_ref idref="fl-1b"/>
      </object_component>
      <object_component id="oc-160">
         <name>.text.DL_Timer_setClockConfig</name>
         <load_address>0x23bc</load_address>
         <readonly>true</readonly>
         <executable>true</executable>
         <run_address>0x23bc</run_address>
         <size>0x1c</size>
         <alignment>0x4</alignment>
         <input_file_ref idref="fl-1b"/>
      </object_component>
      <object_component id="oc-142">
         <name>.text.DL_GPIO_enableOutput</name>
         <load_address>0x23d8</load_address>
         <readonly>true</readonly>
         <executable>true</executable>
         <run_address>0x23d8</run_address>
         <size>0x18</size>
         <alignment>0x4</alignment>
         <input_file_ref idref="fl-2"/>
      </object_component>
      <object_component id="oc-13a">
         <name>.text.DL_GPIO_enablePower</name>
         <load_address>0x23f0</load_address>
         <readonly>true</readonly>
         <executable>true</executable>
         <run_address>0x23f0</run_address>
         <size>0x18</size>
         <alignment>0x4</alignment>
         <input_file_ref idref="fl-2"/>
      </object_component>
      <object_component id="oc-60">
         <name>.text.DL_GPIO_getEnabledInterruptStatus</name>
         <load_address>0x2408</load_address>
         <readonly>true</readonly>
         <executable>true</executable>
         <run_address>0x2408</run_address>
         <size>0x18</size>
         <alignment>0x4</alignment>
         <input_file_ref idref="fl-6"/>
      </object_component>
      <object_component id="oc-185">
         <name>.text.DL_GPIO_initDigitalOutput</name>
         <load_address>0x2420</load_address>
         <readonly>true</readonly>
         <executable>true</executable>
         <run_address>0x2420</run_address>
         <size>0x18</size>
         <alignment>0x4</alignment>
         <input_file_ref idref="fl-a"/>
      </object_component>
      <object_component id="oc-146">
         <name>.text.DL_GPIO_initDigitalOutput</name>
         <load_address>0x2438</load_address>
         <readonly>true</readonly>
         <executable>true</executable>
         <run_address>0x2438</run_address>
         <size>0x18</size>
         <alignment>0x4</alignment>
         <input_file_ref idref="fl-2"/>
      </object_component>
      <object_component id="oc-137">
         <name>.text.DL_GPIO_reset</name>
         <load_address>0x2450</load_address>
         <readonly>true</readonly>
         <executable>true</executable>
         <run_address>0x2450</run_address>
         <size>0x18</size>
         <alignment>0x4</alignment>
         <input_file_ref idref="fl-2"/>
      </object_component>
      <object_component id="oc-ab">
         <name>.text.DL_GPIO_setPins</name>
         <load_address>0x2468</load_address>
         <readonly>true</readonly>
         <executable>true</executable>
         <run_address>0x2468</run_address>
         <size>0x18</size>
         <alignment>0x4</alignment>
         <input_file_ref idref="fl-9"/>
      </object_component>
      <object_component id="oc-186">
         <name>.text.DL_GPIO_setPins</name>
         <load_address>0x2480</load_address>
         <readonly>true</readonly>
         <executable>true</executable>
         <run_address>0x2480</run_address>
         <size>0x18</size>
         <alignment>0x4</alignment>
         <input_file_ref idref="fl-a"/>
      </object_component>
      <object_component id="oc-148">
         <name>.text.DL_GPIO_setPins</name>
         <load_address>0x2498</load_address>
         <readonly>true</readonly>
         <executable>true</executable>
         <run_address>0x2498</run_address>
         <size>0x18</size>
         <alignment>0x4</alignment>
         <input_file_ref idref="fl-2"/>
      </object_component>
      <object_component id="oc-14a">
         <name>.text.DL_GPIO_setUpperPinsPolarity</name>
         <load_address>0x24b0</load_address>
         <readonly>true</readonly>
         <executable>true</executable>
         <run_address>0x24b0</run_address>
         <size>0x18</size>
         <alignment>0x2</alignment>
         <input_file_ref idref="fl-2"/>
      </object_component>
      <object_component id="oc-174">
         <name>.text.DL_I2C_enableAnalogGlitchFilter</name>
         <load_address>0x24c8</load_address>
         <readonly>true</readonly>
         <executable>true</executable>
         <run_address>0x24c8</run_address>
         <size>0x18</size>
         <alignment>0x2</alignment>
         <input_file_ref idref="fl-2"/>
      </object_component>
      <object_component id="oc-17b">
         <name>.text.DL_I2C_enableController</name>
         <load_address>0x24e0</load_address>
         <readonly>true</readonly>
         <executable>true</executable>
         <run_address>0x24e0</run_address>
         <size>0x18</size>
         <alignment>0x4</alignment>
         <input_file_ref idref="fl-2"/>
      </object_component>
      <object_component id="oc-17a">
         <name>.text.DL_I2C_enableControllerClockStretching</name>
         <load_address>0x24f8</load_address>
         <readonly>true</readonly>
         <executable>true</executable>
         <run_address>0x24f8</run_address>
         <size>0x18</size>
         <alignment>0x4</alignment>
         <input_file_ref idref="fl-2"/>
      </object_component>
      <object_component id="oc-13c">
         <name>.text.DL_I2C_enablePower</name>
         <load_address>0x2510</load_address>
         <readonly>true</readonly>
         <executable>true</executable>
         <run_address>0x2510</run_address>
         <size>0x18</size>
         <alignment>0x4</alignment>
         <input_file_ref idref="fl-2"/>
      </object_component>
      <object_component id="oc-139">
         <name>.text.DL_I2C_reset</name>
         <load_address>0x2528</load_address>
         <readonly>true</readonly>
         <executable>true</executable>
         <run_address>0x2528</run_address>
         <size>0x18</size>
         <alignment>0x4</alignment>
         <input_file_ref idref="fl-2"/>
      </object_component>
      <object_component id="oc-177">
         <name>.text.DL_I2C_setTimerPeriod</name>
         <load_address>0x2540</load_address>
         <readonly>true</readonly>
         <executable>true</executable>
         <run_address>0x2540</run_address>
         <size>0x18</size>
         <alignment>0x4</alignment>
         <input_file_ref idref="fl-2"/>
      </object_component>
      <object_component id="oc-14d">
         <name>.text.DL_SYSCTL_setBORThreshold</name>
         <load_address>0x2558</load_address>
         <readonly>true</readonly>
         <executable>true</executable>
         <run_address>0x2558</run_address>
         <size>0x18</size>
         <alignment>0x4</alignment>
         <input_file_ref idref="fl-2"/>
      </object_component>
      <object_component id="oc-13b">
         <name>.text.DL_Timer_enablePower</name>
         <load_address>0x2570</load_address>
         <readonly>true</readonly>
         <executable>true</executable>
         <run_address>0x2570</run_address>
         <size>0x18</size>
         <alignment>0x4</alignment>
         <input_file_ref idref="fl-2"/>
      </object_component>
      <object_component id="oc-138">
         <name>.text.DL_Timer_reset</name>
         <load_address>0x2588</load_address>
         <readonly>true</readonly>
         <executable>true</executable>
         <run_address>0x2588</run_address>
         <size>0x18</size>
         <alignment>0x4</alignment>
         <input_file_ref idref="fl-2"/>
      </object_component>
      <object_component id="oc-163">
         <name>.text.DL_Timer_setCaptureCompareOutCtl</name>
         <load_address>0x25a0</load_address>
         <readonly>true</readonly>
         <executable>true</executable>
         <run_address>0x25a0</run_address>
         <size>0x18</size>
         <alignment>0x4</alignment>
         <input_file_ref idref="fl-1b"/>
      </object_component>
      <object_component id="oc-c2">
         <name>.text.DL_Timer_startCounter</name>
         <load_address>0x25b8</load_address>
         <readonly>true</readonly>
         <executable>true</executable>
         <run_address>0x25b8</run_address>
         <size>0x18</size>
         <alignment>0x4</alignment>
         <input_file_ref idref="fl-1"/>
      </object_component>
      <object_component id="oc-61">
         <name>.text.DL_GPIO_readPins</name>
         <load_address>0x25d0</load_address>
         <readonly>true</readonly>
         <executable>true</executable>
         <run_address>0x25d0</run_address>
         <size>0x16</size>
         <alignment>0x2</alignment>
         <input_file_ref idref="fl-6"/>
      </object_component>
      <object_component id="oc-1be">
         <name>.text.DL_GPIO_readPins</name>
         <load_address>0x25e6</load_address>
         <readonly>true</readonly>
         <executable>true</executable>
         <run_address>0x25e6</run_address>
         <size>0x16</size>
         <alignment>0x2</alignment>
         <input_file_ref idref="fl-a"/>
      </object_component>
      <object_component id="oc-ac">
         <name>.text.DL_GPIO_clearPins</name>
         <load_address>0x25fc</load_address>
         <readonly>true</readonly>
         <executable>true</executable>
         <run_address>0x25fc</run_address>
         <size>0x14</size>
         <alignment>0x2</alignment>
         <input_file_ref idref="fl-9"/>
      </object_component>
      <object_component id="oc-1bd">
         <name>.text.DL_GPIO_clearPins</name>
         <load_address>0x2610</load_address>
         <readonly>true</readonly>
         <executable>true</executable>
         <run_address>0x2610</run_address>
         <size>0x14</size>
         <alignment>0x2</alignment>
         <input_file_ref idref="fl-a"/>
      </object_component>
      <object_component id="oc-147">
         <name>.text.DL_GPIO_clearPins</name>
         <load_address>0x2624</load_address>
         <readonly>true</readonly>
         <executable>true</executable>
         <run_address>0x2624</run_address>
         <size>0x14</size>
         <alignment>0x2</alignment>
         <input_file_ref idref="fl-2"/>
      </object_component>
      <object_component id="oc-17f">
         <name>.text.DL_I2C_getControllerStatus</name>
         <load_address>0x2638</load_address>
         <readonly>true</readonly>
         <executable>true</executable>
         <run_address>0x2638</run_address>
         <size>0x14</size>
         <alignment>0x4</alignment>
         <input_file_ref idref="fl-b"/>
      </object_component>
      <object_component id="oc-176">
         <name>.text.DL_I2C_resetControllerTransfer</name>
         <load_address>0x264c</load_address>
         <readonly>true</readonly>
         <executable>true</executable>
         <run_address>0x264c</run_address>
         <size>0x14</size>
         <alignment>0x4</alignment>
         <input_file_ref idref="fl-2"/>
      </object_component>
      <object_component id="oc-151">
         <name>.text.DL_SYSCTL_disableSYSPLL</name>
         <load_address>0x2660</load_address>
         <readonly>true</readonly>
         <executable>true</executable>
         <run_address>0x2660</run_address>
         <size>0x14</size>
         <alignment>0x4</alignment>
         <input_file_ref idref="fl-2"/>
      </object_component>
      <object_component id="oc-15c">
         <name>.text.DL_SYSCTL_enableMFCLK</name>
         <load_address>0x2674</load_address>
         <readonly>true</readonly>
         <executable>true</executable>
         <run_address>0x2674</run_address>
         <size>0x14</size>
         <alignment>0x4</alignment>
         <input_file_ref idref="fl-2"/>
      </object_component>
      <object_component id="oc-159">
         <name>.text.DL_SYSCTL_enableSYSPLL</name>
         <load_address>0x2688</load_address>
         <readonly>true</readonly>
         <executable>true</executable>
         <run_address>0x2688</run_address>
         <size>0x14</size>
         <alignment>0x4</alignment>
         <input_file_ref idref="fl-2"/>
      </object_component>
      <object_component id="oc-165">
         <name>.text.DL_Timer_enableClock</name>
         <load_address>0x269c</load_address>
         <readonly>true</readonly>
         <executable>true</executable>
         <run_address>0x269c</run_address>
         <size>0x14</size>
         <alignment>0x4</alignment>
         <input_file_ref idref="fl-2"/>
      </object_component>
      <object_component id="oc-166">
         <name>.text.DL_Timer_setCCPDirection</name>
         <load_address>0x26b0</load_address>
         <readonly>true</readonly>
         <executable>true</executable>
         <run_address>0x26b0</run_address>
         <size>0x14</size>
         <alignment>0x2</alignment>
         <input_file_ref idref="fl-2"/>
      </object_component>
      <object_component id="oc-69">
         <name>.text.DL_Timer_getPendingInterrupt</name>
         <load_address>0x26c4</load_address>
         <readonly>true</readonly>
         <executable>true</executable>
         <run_address>0x26c4</run_address>
         <size>0x12</size>
         <alignment>0x2</alignment>
         <input_file_ref idref="fl-1"/>
      </object_component>
      <object_component id="oc-b3">
         <name>.text:TI_memcpy_small</name>
         <load_address>0x26d6</load_address>
         <readonly>true</readonly>
         <executable>true</executable>
         <run_address>0x26d6</run_address>
         <size>0x12</size>
         <alignment>0x1</alignment>
         <input_file_ref idref="fl-eb"/>
      </object_component>
      <object_component id="oc-20">
         <name>.text:decompress:none</name>
         <load_address>0x26e8</load_address>
         <readonly>true</readonly>
         <executable>true</executable>
         <run_address>0x26e8</run_address>
         <size>0x12</size>
         <alignment>0x2</alignment>
         <input_file_ref idref="fl-39"/>
      </object_component>
      <object_component id="oc-150">
         <name>.text.DL_SYSCTL_disableHFXT</name>
         <load_address>0x26fc</load_address>
         <readonly>true</readonly>
         <executable>true</executable>
         <run_address>0x26fc</run_address>
         <size>0x10</size>
         <alignment>0x4</alignment>
         <input_file_ref idref="fl-2"/>
      </object_component>
      <object_component id="oc-1ae">
         <name>.text.DL_SYSCTL_isFCCDone</name>
         <load_address>0x270c</load_address>
         <readonly>true</readonly>
         <executable>true</executable>
         <run_address>0x270c</run_address>
         <size>0x10</size>
         <alignment>0x2</alignment>
         <input_file_ref idref="fl-2"/>
      </object_component>
      <object_component id="oc-1ad">
         <name>.text.DL_SYSCTL_startFCC</name>
         <load_address>0x271c</load_address>
         <readonly>true</readonly>
         <executable>true</executable>
         <run_address>0x271c</run_address>
         <size>0x10</size>
         <alignment>0x4</alignment>
         <input_file_ref idref="fl-2"/>
      </object_component>
      <object_component id="oc-17e">
         <name>.text.DL_SYSTICK_enable</name>
         <load_address>0x272c</load_address>
         <readonly>true</readonly>
         <executable>true</executable>
         <run_address>0x272c</run_address>
         <size>0x10</size>
         <alignment>0x4</alignment>
         <input_file_ref idref="fl-2"/>
      </object_component>
      <object_component id="oc-ad">
         <name>.text.DL_Timer_setCaptureCompareValue</name>
         <load_address>0x273c</load_address>
         <readonly>true</readonly>
         <executable>true</executable>
         <run_address>0x273c</run_address>
         <size>0x10</size>
         <alignment>0x4</alignment>
         <input_file_ref idref="fl-1b"/>
      </object_component>
      <object_component id="oc-10b">
         <name>.text.SYSCFG_DL_SYSTICK_init</name>
         <load_address>0x274c</load_address>
         <readonly>true</readonly>
         <executable>true</executable>
         <run_address>0x274c</run_address>
         <size>0x10</size>
         <alignment>0x2</alignment>
         <input_file_ref idref="fl-2"/>
      </object_component>
      <object_component id="oc-56">
         <name>.text:decompress:ZI</name>
         <load_address>0x275c</load_address>
         <readonly>true</readonly>
         <executable>true</executable>
         <run_address>0x275c</run_address>
         <size>0x10</size>
         <alignment>0x2</alignment>
         <input_file_ref idref="fl-38"/>
      </object_component>
      <object_component id="oc-ff">
         <name>.text:TI_memset_small</name>
         <load_address>0x276c</load_address>
         <readonly>true</readonly>
         <executable>true</executable>
         <run_address>0x276c</run_address>
         <size>0xe</size>
         <alignment>0x1</alignment>
         <input_file_ref idref="fl-ec"/>
      </object_component>
      <object_component id="oc-15a">
         <name>.text.DL_SYSCTL_getClockStatus</name>
         <load_address>0x277c</load_address>
         <readonly>true</readonly>
         <executable>true</executable>
         <run_address>0x277c</run_address>
         <size>0xc</size>
         <alignment>0x4</alignment>
         <input_file_ref idref="fl-2"/>
      </object_component>
      <object_component id="oc-1af">
         <name>.text.DL_SYSCTL_readFCC</name>
         <load_address>0x2788</load_address>
         <readonly>true</readonly>
         <executable>true</executable>
         <run_address>0x2788</run_address>
         <size>0xc</size>
         <alignment>0x4</alignment>
         <input_file_ref idref="fl-2"/>
      </object_component>
      <object_component id="oc-1bb">
         <name>.text.Systick_getTick</name>
         <load_address>0x2794</load_address>
         <readonly>true</readonly>
         <executable>true</executable>
         <run_address>0x2794</run_address>
         <size>0xc</size>
         <alignment>0x4</alignment>
         <input_file_ref idref="fl-5"/>
      </object_component>
      <object_component id="oc-7e">
         <name>.text.__aeabi_memclr</name>
         <load_address>0x27a0</load_address>
         <readonly>true</readonly>
         <executable>true</executable>
         <run_address>0x27a0</run_address>
         <size>0xc</size>
         <alignment>0x4</alignment>
         <input_file_ref idref="fl-e6"/>
      </object_component>
      <object_component id="oc-13d">
         <name>.text.DL_Common_delayCycles</name>
         <load_address>0x27ac</load_address>
         <readonly>true</readonly>
         <executable>true</executable>
         <run_address>0x27ac</run_address>
         <size>0xa</size>
         <alignment>0x2</alignment>
         <input_file_ref idref="fl-19"/>
      </object_component>
      <object_component id="oc-1bc">
         <name>.text.i2c_delay</name>
         <load_address>0x27b6</load_address>
         <readonly>true</readonly>
         <executable>true</executable>
         <run_address>0x27b6</run_address>
         <size>0xa</size>
         <alignment>0x2</alignment>
         <input_file_ref idref="fl-a"/>
      </object_component>
      <object_component id="oc-49">
         <name>.text.__aeabi_memcpy</name>
         <load_address>0x27c0</load_address>
         <readonly>true</readonly>
         <executable>true</executable>
         <run_address>0x27c0</run_address>
         <size>0x8</size>
         <alignment>0x4</alignment>
         <input_file_ref idref="fl-e5"/>
      </object_component>
      <object_component id="oc-db">
         <name>.text:abort</name>
         <load_address>0x27c8</load_address>
         <readonly>true</readonly>
         <executable>true</executable>
         <run_address>0x27c8</run_address>
         <size>0x6</size>
         <alignment>0x2</alignment>
         <input_file_ref idref="fl-3b"/>
      </object_component>
      <object_component id="oc-33">
         <name>.text.Default_Handler</name>
         <load_address>0x27ce</load_address>
         <readonly>true</readonly>
         <executable>true</executable>
         <run_address>0x27ce</run_address>
         <size>0x4</size>
         <alignment>0x2</alignment>
         <input_file_ref idref="fl-3"/>
      </object_component>
      <object_component id="oc-124">
         <name>.text.HOSTexit</name>
         <load_address>0x27d2</load_address>
         <readonly>true</readonly>
         <executable>true</executable>
         <run_address>0x27d2</run_address>
         <size>0x4</size>
         <alignment>0x2</alignment>
         <input_file_ref idref="fl-dd"/>
      </object_component>
      <object_component id="oc-2f">
         <name>.text.Reset_Handler</name>
         <load_address>0x27d6</load_address>
         <readonly>true</readonly>
         <executable>true</executable>
         <run_address>0x27d6</run_address>
         <size>0x4</size>
         <alignment>0x2</alignment>
         <input_file_ref idref="fl-3"/>
      </object_component>
      <object_component id="oc-84">
         <name>.text._system_pre_init</name>
         <load_address>0x27da</load_address>
         <readonly>true</readonly>
         <executable>true</executable>
         <run_address>0x27da</run_address>
         <size>0x4</size>
         <alignment>0x2</alignment>
         <input_file_ref idref="fl-36"/>
      </object_component>
      <object_component id="oc-20f">
         <name>.cinit..data.load</name>
         <load_address>0x3298</load_address>
         <readonly>true</readonly>
         <run_address>0x3298</run_address>
         <size>0x13</size>
         <alignment>0x1</alignment>
      </object_component>
      <object_component id="oc-20d">
         <name>__TI_handler_table</name>
         <load_address>0x32ac</load_address>
         <readonly>true</readonly>
         <run_address>0x32ac</run_address>
         <size>0xc</size>
         <alignment>0x4</alignment>
      </object_component>
      <object_component id="oc-210">
         <name>.cinit..bss.load</name>
         <load_address>0x32b8</load_address>
         <readonly>true</readonly>
         <run_address>0x32b8</run_address>
         <size>0x8</size>
         <alignment>0x4</alignment>
      </object_component>
      <object_component id="oc-20e">
         <name>__TI_cinit_table</name>
         <load_address>0x32c0</load_address>
         <readonly>true</readonly>
         <run_address>0x32c0</run_address>
         <size>0x10</size>
         <alignment>0x4</alignment>
      </object_component>
      <object_component id="oc-193">
         <name>.rodata.oled_asc2_1608</name>
         <load_address>0x27e0</load_address>
         <readonly>true</readonly>
         <run_address>0x27e0</run_address>
         <size>0x5f0</size>
         <alignment>0x1</alignment>
         <input_file_ref idref="fl-b"/>
      </object_component>
      <object_component id="oc-194">
         <name>.rodata.oled_asc2_1206</name>
         <load_address>0x2dd0</load_address>
         <readonly>true</readonly>
         <run_address>0x2dd0</run_address>
         <size>0x474</size>
         <alignment>0x1</alignment>
         <input_file_ref idref="fl-b"/>
      </object_component>
      <object_component id="oc-15f">
         <name>.rodata.gSYSPLLConfig</name>
         <load_address>0x3244</load_address>
         <readonly>true</readonly>
         <run_address>0x3244</run_address>
         <size>0x28</size>
         <alignment>0x4</alignment>
         <input_file_ref idref="fl-2"/>
      </object_component>
      <object_component id="oc-16c">
         <name>.rodata.gTIMER_0TimerConfig</name>
         <load_address>0x326c</load_address>
         <readonly>true</readonly>
         <run_address>0x326c</run_address>
         <size>0x14</size>
         <alignment>0x4</alignment>
         <input_file_ref idref="fl-2"/>
      </object_component>
      <object_component id="oc-168">
         <name>.rodata.gPWM_0Config</name>
         <load_address>0x3280</load_address>
         <readonly>true</readonly>
         <run_address>0x3280</run_address>
         <size>0x8</size>
         <alignment>0x4</alignment>
         <input_file_ref idref="fl-2"/>
      </object_component>
      <object_component id="oc-167">
         <name>.rodata.gPWM_0ClockConfig</name>
         <load_address>0x3288</load_address>
         <readonly>true</readonly>
         <run_address>0x3288</run_address>
         <size>0x3</size>
         <alignment>0x1</alignment>
         <input_file_ref idref="fl-2"/>
      </object_component>
      <object_component id="oc-16b">
         <name>.rodata.gTIMER_0ClockConfig</name>
         <load_address>0x328b</load_address>
         <readonly>true</readonly>
         <run_address>0x328b</run_address>
         <size>0x3</size>
         <alignment>0x1</alignment>
         <input_file_ref idref="fl-2"/>
      </object_component>
      <object_component id="oc-da">
         <name>.rodata.str1.254342170260855183.1</name>
         <load_address>0x328e</load_address>
         <readonly>true</readonly>
         <run_address>0x328e</run_address>
         <size>0x3</size>
         <alignment>0x1</alignment>
         <input_file_ref idref="fl-1"/>
      </object_component>
      <object_component id="oc-d9">
         <name>.rodata.str1.9517790425240694019.1</name>
         <load_address>0x3291</load_address>
         <readonly>true</readonly>
         <run_address>0x3291</run_address>
         <size>0x3</size>
         <alignment>0x1</alignment>
         <input_file_ref idref="fl-1"/>
      </object_component>
      <object_component id="oc-17c">
         <name>.rodata.gOLEDClockConfig</name>
         <load_address>0x3294</load_address>
         <readonly>true</readonly>
         <run_address>0x3294</run_address>
         <size>0x2</size>
         <alignment>0x1</alignment>
         <input_file_ref idref="fl-2"/>
      </object_component>
      <object_component id="oc-1d7">
         <name>.binit</name>
         <load_address>0x0</load_address>
         <readonly>true</readonly>
         <run_address>0x0</run_address>
         <size>0x0</size>
         <alignment>0x4</alignment>
      </object_component>
      <object_component id="oc-74">
         <name>.data.Flag_Stop</name>
         <load_address>0x202004f8</load_address>
         <readwrite>true</readwrite>
         <run_address>0x202004f8</run_address>
         <size>0x4</size>
         <alignment>0x4</alignment>
         <input_file_ref idref="fl-1"/>
      </object_component>
      <object_component id="oc-75">
         <name>.data.target_speed</name>
         <load_address>0x20200504</load_address>
         <readwrite>true</readwrite>
         <run_address>0x20200504</run_address>
         <size>0x4</size>
         <alignment>0x4</alignment>
         <input_file_ref idref="fl-1"/>
      </object_component>
      <object_component id="oc-a5">
         <name>.data.Velcity_Kp</name>
         <load_address>0x20200500</load_address>
         <readwrite>true</readwrite>
         <run_address>0x20200500</run_address>
         <size>0x4</size>
         <alignment>0x4</alignment>
         <input_file_ref idref="fl-9"/>
      </object_component>
      <object_component id="oc-a3">
         <name>.data.Velcity_Ki</name>
         <load_address>0x202004fc</load_address>
         <readwrite>true</readwrite>
         <run_address>0x202004fc</run_address>
         <size>0x4</size>
         <alignment>0x4</alignment>
         <input_file_ref idref="fl-9"/>
      </object_component>
      <object_component id="oc-a6">
         <name>.bss.Velocity_A.ControlVelocityA</name>
         <uninitialized>true</uninitialized>
         <readwrite>true</readwrite>
         <run_address>0x202004bc</run_address>
         <size>0x4</size>
         <alignment>0x4</alignment>
         <input_file_ref idref="fl-9"/>
      </object_component>
      <object_component id="oc-a4">
         <name>.bss.Velocity_A.Last_biasA</name>
         <uninitialized>true</uninitialized>
         <readwrite>true</readwrite>
         <run_address>0x202004c0</run_address>
         <size>0x4</size>
         <alignment>0x4</alignment>
         <input_file_ref idref="fl-9"/>
      </object_component>
      <object_component id="oc-aa">
         <name>.bss.Velocity_B.ControlVelocityB</name>
         <uninitialized>true</uninitialized>
         <readwrite>true</readwrite>
         <run_address>0x202004c4</run_address>
         <size>0x4</size>
         <alignment>0x4</alignment>
         <input_file_ref idref="fl-9"/>
      </object_component>
      <object_component id="oc-a9">
         <name>.bss.Velocity_B.Last_biasB</name>
         <uninitialized>true</uninitialized>
         <readwrite>true</readwrite>
         <run_address>0x202004c8</run_address>
         <size>0x4</size>
         <alignment>0x4</alignment>
         <input_file_ref idref="fl-9"/>
      </object_component>
      <object_component id="oc-d3">
         <name>.common:GZ</name>
         <uninitialized>true</uninitialized>
         <readwrite>true</readwrite>
         <run_address>0x202004f6</run_address>
         <size>0x2</size>
         <alignment>0x2</alignment>
      </object_component>
      <object_component id="oc-d4">
         <name>.common:GY</name>
         <uninitialized>true</uninitialized>
         <readwrite>true</readwrite>
         <run_address>0x202004f4</run_address>
         <size>0x2</size>
         <alignment>0x2</alignment>
      </object_component>
      <object_component id="oc-d5">
         <name>.common:AX</name>
         <uninitialized>true</uninitialized>
         <readwrite>true</readwrite>
         <run_address>0x202004ec</run_address>
         <size>0x2</size>
         <alignment>0x2</alignment>
      </object_component>
      <object_component id="oc-d6">
         <name>.common:AY</name>
         <uninitialized>true</uninitialized>
         <readwrite>true</readwrite>
         <run_address>0x202004ee</run_address>
         <size>0x2</size>
         <alignment>0x2</alignment>
      </object_component>
      <object_component id="oc-d7">
         <name>.common:AZ</name>
         <uninitialized>true</uninitialized>
         <readwrite>true</readwrite>
         <run_address>0x202004f0</run_address>
         <size>0x2</size>
         <alignment>0x2</alignment>
      </object_component>
      <object_component id="oc-d8">
         <name>.common:GX</name>
         <uninitialized>true</uninitialized>
         <readwrite>true</readwrite>
         <run_address>0x202004f2</run_address>
         <size>0x2</size>
         <alignment>0x2</alignment>
      </object_component>
      <object_component id="oc-72">
         <name>.common:encoderA_cnt</name>
         <uninitialized>true</uninitialized>
         <readwrite>true</readwrite>
         <run_address>0x202004dc</run_address>
         <size>0x4</size>
         <alignment>0x4</alignment>
      </object_component>
      <object_component id="oc-73">
         <name>.common:encoderB_cnt</name>
         <uninitialized>true</uninitialized>
         <readwrite>true</readwrite>
         <run_address>0x202004e0</run_address>
         <size>0x4</size>
         <alignment>0x4</alignment>
      </object_component>
      <object_component id="oc-76">
         <name>.common:PWMA</name>
         <uninitialized>true</uninitialized>
         <readwrite>true</readwrite>
         <run_address>0x202004d4</run_address>
         <size>0x4</size>
         <alignment>0x4</alignment>
      </object_component>
      <object_component id="oc-77">
         <name>.common:PWMB</name>
         <uninitialized>true</uninitialized>
         <readwrite>true</readwrite>
         <run_address>0x202004d8</run_address>
         <size>0x4</size>
         <alignment>0x4</alignment>
      </object_component>
      <object_component id="oc-10c">
         <name>.common:gPWM_0Backup</name>
         <uninitialized>true</uninitialized>
         <readwrite>true</readwrite>
         <run_address>0x20200400</run_address>
         <size>0xbc</size>
         <alignment>0x4</alignment>
      </object_component>
      <object_component id="oc-63">
         <name>.common:gpio_interrup1</name>
         <uninitialized>true</uninitialized>
         <readwrite>true</readwrite>
         <run_address>0x202004e4</run_address>
         <size>0x4</size>
         <alignment>0x4</alignment>
      </object_component>
      <object_component id="oc-64">
         <name>.common:gpio_interrup2</name>
         <uninitialized>true</uninitialized>
         <readwrite>true</readwrite>
         <run_address>0x202004e8</run_address>
         <size>0x4</size>
         <alignment>0x4</alignment>
      </object_component>
      <object_component id="oc-65">
         <name>.common:Get_Encoder_countA</name>
         <uninitialized>true</uninitialized>
         <readwrite>true</readwrite>
         <run_address>0x202004cc</run_address>
         <size>0x4</size>
         <alignment>0x4</alignment>
      </object_component>
      <object_component id="oc-66">
         <name>.common:Get_Encoder_countB</name>
         <uninitialized>true</uninitialized>
         <readwrite>true</readwrite>
         <run_address>0x202004d0</run_address>
         <size>0x4</size>
         <alignment>0x4</alignment>
      </object_component>
      <object_component id="oc-123">
         <name>.common:OLED_GRAM</name>
         <uninitialized>true</uninitialized>
         <readwrite>true</readwrite>
         <run_address>0x20200000</run_address>
         <size>0x400</size>
         <alignment>0x1</alignment>
      </object_component>
[...]
         <value>0x20200400</value>
      </symbol>
      <symbol id="sm-154">
         <name>SYSCFG_DL_SYSCTL_SYSPLL_init</name>
         <value>0x9f1</value>
         <object_component_ref idref="oc-158"/>
      </symbol>
      <symbol id="sm-15f">
         <name>Default_Handler</name>
         <value>0x27cf</value>
         <object_component_ref idref="oc-33"/>
      </symbol>
      <symbol id="sm-160">
         <name>Reset_Handler</name>
         <value>0x27d7</value>
         <object_component_ref idref="oc-2f"/>
      </symbol>
      <symbol id="sm-161">
         <name>interruptVectors</name>
         <value>0x0</value>
         <object_component_ref idref="oc-18"/>
      </symbol>
      <symbol id="sm-162">
         <name>NMI_Handler</name>
         <value>0x27cf</value>
         <object_component_ref idref="oc-33"/>
      </symbol>
      <symbol id="sm-163">
         <name>HardFault_Handler</name>
         <value>0x27cf</value>
         <object_component_ref idref="oc-33"/>
      </symbol>
      <symbol id="sm-164">
         <name>SVC_Handler</name>
         <value>0x27cf</value>
         <object_component_ref idref="oc-33"/>
      </symbol>
      <symbol id="sm-165">
         <name>PendSV_Handler</name>
         <value>0x27cf</value>
         <object_component_ref idref="oc-33"/>
      </symbol>
      <symbol id="sm-166">
         <name>SysTick_Handler</name>
         <value>0x27cf</value>
         <object_component_ref idref="oc-33"/>
      </symbol>
      <symbol id="sm-167">
         <name>GROUP0_IRQHandler</name>
         <value>0x27cf</value>
         <object_component_ref idref="oc-33"/>
      </symbol>
      <symbol id="sm-168">
         <name>TIMG8_IRQHandler</name>
         <value>0x27cf</value>
         <object_component_ref idref="oc-33"/>
      </symbol>
      <symbol id="sm-169">
         <name>UART3_IRQHandler</name>
         <value>0x27cf</value>
         <object_component_ref idref="oc-33"/>
      </symbol>
      <symbol id="sm-16a">
         <name>ADC0_IRQHandler</name>
         <value>0x27cf</value>
         <object_component_ref idref="oc-33"/>
      </symbol>
      <symbol id="sm-16b">
         <name>ADC1_IRQHandler</name>
         <value>0x27cf</value>
         <object_component_ref idref="oc-33"/>
      </symbol>
      <symbol id="sm-16c">
         <name>CANFD0_IRQHandler</name>
         <value>0x27cf</value>
         <object_component_ref idref="oc-33"/>
      </symbol>
      <symbol id="sm-16d">
         <name>DAC0_IRQHandler</name>
         <value>0x27cf</value>
         <object_component_ref idref="oc-33"/>
      </symbol>
      <symbol id="sm-16e">
         <name>SPI0_IRQHandler</name>
         <value>0x27cf</value>
         <object_component_ref idref="oc-33"/>
      </symbol>
      <symbol id="sm-16f">
         <name>SPI1_IRQHandler</name>
         <value>0x27cf</value>
         <object_component_ref idref="oc-33"/>
      </symbol>
      <symbol id="sm-170">
         <name>UART1_IRQHandler</name>
         <value>0x27cf</value>
         <object_component_ref idref="oc-33"/>
      </symbol>
      <symbol id="sm-171">
         <name>UART2_IRQHandler</name>
         <value>0x27cf</value>
         <object_component_ref idref="oc-33"/>
      </symbol>
      <symbol id="sm-172">
         <name>UART0_IRQHandler</name>
         <value>0x27cf</value>
         <object_component_ref idref="oc-33"/>
      </symbol>
      <symbol id="sm-173">
         <name>TIMG6_IRQHandler</name>
         <value>0x27cf</value>
         <object_component_ref idref="oc-33"/>
      </symbol>
      <symbol id="sm-174">
         <name>TIMA0_IRQHandler</name>
         <value>0x27cf</value>
         <object_component_ref idref="oc-33"/>
      </symbol>
      <symbol id="sm-175">
         <name>TIMA1_IRQHandler</name>
         <value>0x27cf</value>
         <object_component_ref idref="oc-33"/>
      </symbol>
      <symbol id="sm-176">
         <name>TIMG7_IRQHandler</name>
         <value>0x27cf</value>
         <object_component_ref idref="oc-33"/>
      </symbol>
      <symbol id="sm-177">
         <name>TIMG12_IRQHandler</name>
         <value>0x27cf</value>
         <object_component_ref idref="oc-33"/>
      </symbol>
      <symbol id="sm-178">
         <name>I2C0_IRQHandler</name>
         <value>0x27cf</value>
         <object_component_ref idref="oc-33"/>
      </symbol>
      <symbol id="sm-179">
         <name>I2C1_IRQHandler</name>
         <value>0x27cf</value>
         <object_component_ref idref="oc-33"/>
      </symbol>
      <symbol id="sm-17a">
         <name>AES_IRQHandler</name>
         <value>0x27cf</value>
         <object_component_ref idref="oc-33"/>
      </symbol>
      <symbol id="sm-17b">
         <name>RTC_IRQHandler</name>
         <value>0x27cf</value>
         <object_component_ref idref="oc-33"/>
      </symbol>
      <symbol id="sm-17c">
         <name>DMA_IRQHandler</name>
         <value>0x27cf</value>
         <object_component_ref idref="oc-33"/>
      </symbol>
      <symbol id="sm-18d">
         <name>Systick_getTick</name>
         <value>0x2795</value>
         <object_component_ref idref="oc-1bb"/>
      </symbol>
      <symbol id="sm-18e">
         <name>delay_ms</name>
         <value>0x1fe5</value>
         <object_component_ref idref="oc-110"/>
      </symbol>
      <symbol id="sm-18f">
         <name>delay_us</name>
         <value>0x136d</value>
         <object_component_ref idref="oc-182"/>
      </symbol>
      <symbol id="sm-1a4">
         <name>GROUP1_IRQHandler</name>
         <value>0x27d</value>
         <object_component_ref idref="oc-34"/>
      </symbol>
      <symbol id="sm-1a5">
         <name>gpio_interrup1</name>
         <value>0x202004e4</value>
      </symbol>
      <symbol id="sm-1a6">
         <name>gpio_interrup2</name>
         <value>0x202004e8</value>
      </symbol>
      <symbol id="sm-1a7">
         <name>Get_Encoder_countA</name>
         <value>0x202004cc</value>
      </symbol>
      <symbol id="sm-1a8">
         <name>Get_Encoder_countB</name>
         <value>0x202004d0</value>
      </symbol>
      <symbol id="sm-1cb">
         <name>limit_PWM</name>
         <value>0x1fb1</value>
         <object_component_ref idref="oc-70"/>
      </symbol>
      <symbol id="sm-1cc">
         <name>Set_PWM</name>
         <value>0x5d9</value>
         <object_component_ref idref="oc-71"/>
      </symbol>
      <symbol id="sm-1cd">
         <name>Velocity_A</name>
         <value>0x10ad</value>
         <object_component_ref idref="oc-6a"/>
      </symbol>
      <symbol id="sm-1ce">
         <name>Velcity_Ki</name>
         <value>0x202004fc</value>
         <object_component_ref idref="oc-a3"/>
      </symbol>
      <symbol id="sm-1cf">
         <name>Velcity_Kp</name>
         <value>0x20200500</value>
         <object_component_ref idref="oc-a5"/>
      </symbol>
      <symbol id="sm-1d0">
         <name>Velocity_B</name>
         <value>0x1171</value>
         <object_component_ref idref="oc-6f"/>
      </symbol>
      <symbol id="sm-20a">
         <name>MPU6050_Init</name>
         <value>0x1d69</value>
         <object_component_ref idref="oc-ca"/>
      </symbol>
      <symbol id="sm-20b">
         <name>MPU6050_GetData</name>
         <value>0x3a1</value>
         <object_component_ref idref="oc-cf"/>
      </symbol>
      <symbol id="sm-234">
         <name>OLED_Refresh_Gram</name>
         <value>0x1599</value>
         <object_component_ref idref="oc-d2"/>
      </symbol>
      <symbol id="sm-235">
         <name>OLED_WR_Byte</name>
         <value>0x18c5</value>
         <object_component_ref idref="oc-10f"/>
      </symbol>
      <symbol id="sm-236">
         <name>OLED_GRAM</name>
         <value>0x20200000</value>
      </symbol>
      <symbol id="sm-237">
         <name>OLED_Clear</name>
         <value>0x19f1</value>
         <object_component_ref idref="oc-115"/>
      </symbol>
      <symbol id="sm-238">
         <name>OLED_DrawPoint</name>
         <value>0x12dd</value>
         <object_component_ref idref="oc-192"/>
      </symbol>
      <symbol id="sm-239">
         <name>OLED_ShowChar</name>
         <value>0x4c5</value>
         <object_component_ref idref="oc-121"/>
      </symbol>
      <symbol id="sm-23a">
         <name>oled_asc2_1608</name>
         <value>0x27e0</value>
         <object_component_ref idref="oc-193"/>
      </symbol>
      <symbol id="sm-23b">
         <name>oled_asc2_1206</name>
         <value>0x2dd0</value>
         <object_component_ref idref="oc-194"/>
      </symbol>
      <symbol id="sm-23c">
         <name>oled_pow</name>
         <value>0x2015</value>
         <object_component_ref idref="oc-195"/>
      </symbol>
      <symbol id="sm-23d">
         <name>OLED_ShowNumber</name>
         <value>0xc95</value>
         <object_component_ref idref="oc-122"/>
      </symbol>
      <symbol id="sm-23e">
         <name>OLED_ShowString</name>
         <value>0x1691</value>
         <object_component_ref idref="oc-d0"/>
      </symbol>
      <symbol id="sm-23f">
         <name>OLED_Init</name>
         <value>0xbb9</value>
         <object_component_ref idref="oc-c5"/>
      </symbol>
      <symbol id="sm-240">
         <name>__TI_ATRegion0_src_addr</name>
         <value>0x0</value>
      </symbol>
      <symbol id="sm-241">
         <name>__TI_ATRegion0_trg_addr</name>
         <value>0x0</value>
      </symbol>
      <symbol id="sm-242">
         <name>__TI_ATRegion0_region_sz</name>
         <value>0x0</value>
      </symbol>
      <symbol id="sm-243">
         <name>__TI_ATRegion1_src_addr</name>
         <value>0x0</value>
      </symbol>
      <symbol id="sm-244">
         <name>__TI_ATRegion1_trg_addr</name>
         <value>0x0</value>
      </symbol>
      <symbol id="sm-245">
         <name>__TI_ATRegion1_region_sz</name>
         <value>0x0</value>
      </symbol>
      <symbol id="sm-246">
         <name>__TI_ATRegion2_src_addr</name>
         <value>0x0</value>
      </symbol>
      <symbol id="sm-247">
         <name>__TI_ATRegion2_trg_addr</name>
         <value>0x0</value>
      </symbol>
      <symbol id="sm-248">
         <name>__TI_ATRegion2_region_sz</name>
         <value>0x0</value>
      </symbol>
      <symbol id="sm-251">
         <name>DL_Common_delayCycles</name>
         <value>0x27ad</value>
         <object_component_ref idref="oc-13d"/>
      </symbol>
      <symbol id="sm-25d">
         <name>DL_I2C_setClockConfig</name>
         <value>0x21df</value>
         <object_component_ref idref="oc-16d"/>
      </symbol>
      <symbol id="sm-25e">
         <name>DL_I2C_fillControllerTXFIFO</name>
         <value>0x1a51</value>
         <object_component_ref idref="oc-180"/>
      </symbol>
      <symbol id="sm-27a">
         <name>DL_Timer_setClockConfig</name>
         <value>0x23bd</value>
         <object_component_ref idref="oc-160"/>
      </symbol>
      <symbol id="sm-27b">
         <name>DL_Timer_initTimerMode</name>
         <value>0x8f5</value>
         <object_component_ref idref="oc-169"/>
      </symbol>
      <symbol id="sm-27c">
         <name>DL_Timer_setCaptureCompareValue</name>
         <value>0x273d</value>
         <object_component_ref idref="oc-ad"/>
      </symbol>
      <symbol id="sm-27d">
         <name>DL_Timer_setCaptCompUpdateMethod</name>
         <value>0x23a1</value>
         <object_component_ref idref="oc-164"/>
      </symbol>
      <symbol id="sm-27e">
         <name>DL_Timer_setCaptureCompareOutCtl</name>
         <value>0x25a1</value>
         <object_component_ref idref="oc-163"/>
      </symbol>
      <symbol id="sm-27f">
         <name>DL_Timer_initFourCCPWMMode</name>
         <value>0x7f1</value>
         <object_component_ref idref="oc-161"/>
      </symbol>
      <symbol id="sm-290">
         <name>DL_SYSCTL_configSYSPLL</name>
         <value>0xadd</value>
         <object_component_ref idref="oc-152"/>
      </symbol>
      <symbol id="sm-291">
         <name>DL_SYSCTL_switchMCLKfromSYSOSCtoHSCLK</name>
         <value>0x1ce5</value>
         <object_component_ref idref="oc-15d"/>
      </symbol>
      <symbol id="sm-292">
         <name>DL_SYSCTL_configFCC</name>
         <value>0x2315</value>
         <object_component_ref idref="oc-1ac"/>
      </symbol>
      <symbol id="sm-29d">
         <name>_c_int00_noargs</name>
         <value>0x2191</value>
         <object_component_ref idref="oc-59"/>
      </symbol>
      <symbol id="sm-29e">
         <name>__stack</name>
         <value>0x20207e00</value>
         <object_component_ref idref="oc-1a"/>
      </symbol>
      <symbol id="sm-2aa">
         <name>__TI_auto_init_nobinit_nopinit</name>
         <value>0x1e99</value>
         <object_component_ref idref="oc-e2"/>
      </symbol>
      <symbol id="sm-2b2">
         <name>_system_pre_init</name>
         <value>0x27db</value>
         <object_component_ref idref="oc-84"/>
      </symbol>
      <symbol id="sm-2bd">
         <name>__TI_zero_init</name>
         <value>0x275d</value>
         <object_component_ref idref="oc-56"/>
      </symbol>
      <symbol id="sm-2c6">
         <name>__TI_decompress_none</name>
         <value>0x26e9</value>
         <object_component_ref idref="oc-20"/>
      </symbol>
      <symbol id="sm-2d1">
         <name>__TI_decompress_lzss</name>
         <value>0x1615</value>
         <object_component_ref idref="oc-1c"/>
      </symbol>
      <symbol id="sm-2db">
         <name>abort</name>
         <value>0x27c9</value>
         <object_component_ref idref="oc-db"/>
      </symbol>
      <symbol id="sm-2e5">
         <name>HOSTexit</name>
         <value>0x27d3</value>
         <object_component_ref idref="oc-124"/>
      </symbol>
      <symbol id="sm-2e6">
         <name>C$$EXIT</name>
         <value>0x27d2</value>
         <object_component_ref idref="oc-124"/>
      </symbol>
      <symbol id="sm-2ec">
         <name>__aeabi_fadd</name>
         <value>0xd7b</value>
         <object_component_ref idref="oc-9b"/>
      </symbol>
      <symbol id="sm-2ed">
         <name>__addsf3</name>
         <value>0xd7b</value>
         <object_component_ref idref="oc-9b"/>
      </symbol>
      <symbol id="sm-2ee">
         <name>__aeabi_fsub</name>
         <value>0xd71</value>
         <object_component_ref idref="oc-9b"/>
      </symbol>
      <symbol id="sm-2ef">
         <name>__subsf3</name>
         <value>0xd71</value>
         <object_component_ref idref="oc-9b"/>
      </symbol>
      <symbol id="sm-2f5">
         <name>__aeabi_fmul</name>
         <value>0x1489</value>
         <object_component_ref idref="oc-97"/>
      </symbol>
      <symbol id="sm-2f6">
         <name>__mulsf3</name>
         <value>0x1489</value>
         <object_component_ref idref="oc-97"/>
      </symbol>
      <symbol id="sm-2fc">
         <name>__aeabi_f2iz</name>
         <value>0x1f11</value>
         <object_component_ref idref="oc-9f"/>
      </symbol>
      <symbol id="sm-2fd">
         <name>__fixsfsi</name>
         <value>0x1f11</value>
         <object_component_ref idref="oc-9f"/>
      </symbol>
      <symbol id="sm-303">
         <name>__aeabi_i2f</name>
         <value>0x1e5d</value>
         <object_component_ref idref="oc-93"/>
      </symbol>
      <symbol id="sm-304">
         <name>__floatsisf</name>
         <value>0x1e5d</value>
         <object_component_ref idref="oc-93"/>
      </symbol>
      <symbol id="sm-30a">
         <name>__aeabi_ui2d</name>
         <value>0x2229</value>
         <object_component_ref idref="oc-1b0"/>
      </symbol>
      <symbol id="sm-30b">
         <name>__floatunsidf</name>
         <value>0x2229</value>
         <object_component_ref idref="oc-1b0"/>
      </symbol>
      <symbol id="sm-311">
         <name>__aeabi_dcmpeq</name>
         <value>0x198d</value>
         <object_component_ref idref="oc-1b4"/>
      </symbol>
      <symbol id="sm-312">
         <name>__aeabi_dcmplt</name>
         <value>0x19a1</value>
         <object_component_ref idref="oc-1b4"/>
      </symbol>
      <symbol id="sm-313">
         <name>__aeabi_dcmple</name>
         <value>0x19b5</value>
         <object_component_ref idref="oc-1b4"/>
      </symbol>
      <symbol id="sm-314">
         <name>__aeabi_dcmpge</name>
         <value>0x19c9</value>
         <object_component_ref idref="oc-1b4"/>
      </symbol>
      <symbol id="sm-315">
         <name>__aeabi_dcmpgt</name>
         <value>0x19dd</value>
         <object_component_ref idref="oc-1b4"/>
      </symbol>
      <symbol id="sm-31b">
         <name>__aeabi_idiv</name>
         <value>0x1b0d</value>
         <object_component_ref idref="oc-11d"/>
      </symbol>
      <symbol id="sm-31c">
         <name>__aeabi_idivmod</name>
         <value>0x1b0d</value>
         <object_component_ref idref="oc-11d"/>
      </symbol>
      <symbol id="sm-322">
         <name>__aeabi_memcpy</name>
         <value>0x27c1</value>
         <object_component_ref idref="oc-49"/>
      </symbol>
      <symbol id="sm-323">
         <name>__aeabi_memcpy4</name>
         <value>0x27c1</value>
         <object_component_ref idref="oc-49"/>
      </symbol>
      <symbol id="sm-324">
         <name>__aeabi_memcpy8</name>
         <value>0x27c1</value>
         <object_component_ref idref="oc-49"/>
      </symbol>
      <symbol id="sm-32b">
         <name>__aeabi_memclr</name>
         <value>0x27a1</value>
         <object_component_ref idref="oc-7e"/>
      </symbol>
      <symbol id="sm-32c">
         <name>__aeabi_memclr4</name>
         <value>0x27a1</value>
         <object_component_ref idref="oc-7e"/>
      </symbol>
      <symbol id="sm-32d">
         <name>__aeabi_memclr8</name>
         <value>0x27a1</value>
         <object_component_ref idref="oc-7e"/>
      </symbol>
      <symbol id="sm-333">
         <name>__aeabi_uidiv</name>
         <value>0x1d29</value>
         <object_component_ref idref="oc-196"/>
      </symbol>
      <symbol id="sm-334">
         <name>__aeabi_uidivmod</name>
         <value>0x1d29</value>
         <object_component_ref idref="oc-196"/>
      </symbol>
      <symbol id="sm-33a">
         <name>__muldsi3</name>
         <value>0x1ed5</value>
         <object_component_ref idref="oc-f5"/>
      </symbol>
      <symbol id="sm-348">
         <name>__ledf2</name>
         <value>0x185d</value>
         <object_component_ref idref="oc-1c4"/>
      </symbol>
      <symbol id="sm-349">
         <name>__gedf2</name>
         <value>0x1781</value>
         <object_component_ref idref="oc-1ca"/>
      </symbol>
      <symbol id="sm-34a">
         <name>__cmpdf2</name>
         <value>0x185d</value>
         <object_component_ref idref="oc-1c4"/>
      </symbol>
      <symbol id="sm-34b">
         <name>__eqdf2</name>
         <value>0x185d</value>
         <object_component_ref idref="oc-1c4"/>
      </symbol>
      <symbol id="sm-34c">
         <name>__ltdf2</name>
         <value>0x185d</value>
         <object_component_ref idref="oc-1c4"/>
      </symbol>
      <symbol id="sm-34d">
         <name>__nedf2</name>
         <value>0x185d</value>
         <object_component_ref idref="oc-1c4"/>
      </symbol>
      <symbol id="sm-34e">
         <name>__gtdf2</name>
         <value>0x1781</value>
         <object_component_ref idref="oc-1ca"/>
      </symbol>
      <symbol id="sm-358">
         <name>__aeabi_idiv0</name>
         <value>0x170b</value>
         <object_component_ref idref="oc-18c"/>
      </symbol>
      <symbol id="sm-361">
         <name>TI_memcpy_small</name>
         <value>0x26d7</value>
         <object_component_ref idref="oc-b3"/>
      </symbol>
      <symbol id="sm-36a">
         <name>TI_memset_small</name>
         <value>0x276d</value>
         <object_component_ref idref="oc-ff"/>
      </symbol>
      <symbol id="sm-36b">
         <name>__TI_static_base__</name>
         <value>0x0</value>
      </symbol>
   </symbol_table>
   <title>Link successful</title>
</link_info>
