******************************************************************************
            TI ARM Clang Linker PC v4.0.4                      
******************************************************************************
>> Linked Fri Jul 17 09:18:45 2026

OUTPUT FILE NAME:   <empty_LP_MSPM0G3507_nortos_ticlang.out>
ENTRY POINT SYMBOL: "_c_int00_noargs"  address: 00001d45


MEMORY CONFIGURATION

         name            origin    length      used     unused   attr    fill
----------------------  --------  ---------  --------  --------  ----  --------
  FLASH                 00000000   00020000  00002e88  0001d178  R  X
  SRAM                  20200000   00008000  000006fd  00007903  RW X
  BCR_CONFIG            41c00000   000000ff  00000000  000000ff  R   
  BSL_CONFIG            41c00100   00000080  00000000  00000080  R   


SEGMENT ALLOCATION MAP

run origin  load origin   length   init length attrs members
----------  ----------- ---------- ----------- ----- -------
00000000    00000000    00002e88   00002e88    r-x
  00000000    00000000    000000c0   000000c0    r-- .intvecs
  000000c0    000000c0    000022e0   000022e0    r-x .text
  000023a0    000023a0    00000ab0   00000ab0    r-- .rodata
  00002e50    00002e50    00000038   00000038    r-- .cinit
20200000    20200000    00000500   00000000    rw-
  20200000    20200000    000004ed   00000000    rw- .bss
  202004f0    202004f0    00000010   00000000    rw- .data
20207e00    20207e00    00000200   00000000    rw-
  20207e00    20207e00    00000200   00000000    rw- .stack


SECTION ALLOCATION MAP

 output                                  attributes/
section   page    origin      length       input sections
--------  ----  ----------  ----------   ----------------
.intvecs   0    00000000    000000c0     
                  00000000    000000c0     startup_mspm0g350x_ticlang.o (.intvecs)

.text      0    000000c0    000022e0     
                  000000c0    000001b8     ti_msp_dl_config.o (.text.SYSCFG_DL_GPIO_init)
                  00000278    00000124     encoder.o (.text.GROUP1_IRQHandler)
                  0000039c    00000114     oled.o (.text.OLED_ShowChar)
                  000004b0    00000110     motor.o (.text.Set_PWM)
                  000005c0    00000104     driverlib.a : dl_timer.o (.text.DL_Timer_initFourCCPWMMode)
                  000006c4    000000fc                 : dl_timer.o (.text.DL_Timer_initTimerMode)
                  000007c0    000000ec     ti_msp_dl_config.o (.text.SYSCFG_DL_SYSCTL_SYSPLL_init)
                  000008ac    000000dc     driverlib.a : dl_sysctl_mspm0g1x0x_g3x0x.o (.text.DL_SYSCTL_configSYSPLL)
                  00000988    000000dc     oled.o (.text.OLED_Init)
                  00000a64    000000d8     mpu6050.o (.text.I2C_ReadByte)
                  00000b3c    000000d8     libclang_rt.builtins.a : addsf3.S.obj (.text)
                  00000c14    000000d0     mpu6050.o (.text.I2C_WriteByte)
                  00000ce4    000000cc     empty.o (.text.TIMG0_IRQHandler)
                  00000db0    000000c4     motor.o (.text.Velocity_A)
                  00000e74    000000c4     motor.o (.text.Velocity_B)
                  00000f38    00000090     oled.o (.text.OLED_DrawPoint)
                  00000fc8    00000090     board.o (.text.delay_us)
                  00001058    0000008c     ti_msp_dl_config.o (.text.SYSCFG_DL_PWM_0_init)
                  000010e4    0000008c     libclang_rt.builtins.a : mulsf3.S.obj (.text.__mulsf3)
                  00001170    00000084     ti_msp_dl_config.o (.text.__NVIC_SetPriority)
                  000011f4    00000080     empty.o (.text.main)
                  00001274    0000007c     oled.o (.text.OLED_Refresh_Gram)
                  000012f0    0000007c     libc.a : copy_decompress_lzss.c.obj (.text:decompress:lzss)
                  0000136c    00000074     ti_msp_dl_config.o (.text.SYSCFG_DL_SYSCTL_init)
                  000013e0    00000074     libclang_rt.builtins.a : comparedf2.c.obj (.text.__gedf2)
                  00001454    00000068     ti_msp_dl_config.o (.text.SYSCFG_DL_initPower)
                  000014bc    00000068     libclang_rt.builtins.a : comparedf2.c.obj (.text.__ledf2)
                  00001524    00000064     oled.o (.text.OLED_WR_Byte)
                  00001588    00000064     ti_msp_dl_config.o (.text.SYSCFG_DL_OLED_init)
                  000015ec    00000062     libclang_rt.builtins.a : aeabi_dcmp.S.obj (.text.__aeabi_dcmp)
                  0000164e    00000002                            : aeabi_div0.c.obj (.text.__aeabi_idiv0)
                  00001650    00000060     oled.o (.text.OLED_Clear)
                  000016b0    0000005e     driverlib.a : dl_i2c.o (.text.DL_I2C_fillControllerTXFIFO)
                  0000170e    00000002     empty.o (.text.__mpu_init)
                  00001710    00000050     ti_msp_dl_config.o (.text.DL_GPIO_initPeripheralInputFunctionFeatures)
                  00001760    00000050     oled.o (.text.DL_I2C_startControllerTransfer)
                  000017b0    0000004c     mpu6050.o (.text.DL_GPIO_initDigitalInputFeatures)
                  000017fc    0000004c     ti_msp_dl_config.o (.text.DL_GPIO_initDigitalInputFeatures)
                  00001848    0000004c     mpu6050.o (.text.I2C_Stop)
                  00001894    00000044     driverlib.a : dl_sysctl_mspm0g1x0x_g3x0x.o (.text.DL_SYSCTL_switchMCLKfromSYSOSCtoHSCLK)
                  000018d8    00000040     libclang_rt.builtins.a : aeabi_uidivmod.S.obj (.text.__aeabi_uidivmod)
                  00001918    0000003e     mpu6050.o (.text.MPU6050_Init)
                  00001956    0000003e     mpu6050.o (.text.MPU_ReadReg)
                  00001994    0000003c     ti_msp_dl_config.o (.text.DL_Timer_setCounterControl)
                  000019d0    0000003c     mpu6050.o (.text.I2C_Start)
                  00001a0c    0000003c     libclang_rt.builtins.a : floatsisf.S.obj (.text.__floatsisf)
                  00001a48    0000003c     libc.a : autoinit.c.obj (.text:__TI_auto_init_nobinit_nopinit)
                  00001a84    0000003a     libclang_rt.builtins.a : muldsi3.S.obj (.text.__muldsi3)
                  00001abe    00000002     empty.o (.text._system_post_cinit)
                  00001ac0    00000038     libclang_rt.builtins.a : fixsfsi.S.obj (.text.__fixsfsi)
                  00001af8    00000034     mpu6050.o (.text.I2C_Init)
                  00001b2c    00000034     ti_msp_dl_config.o (.text.SYSCFG_DL_TIMER_0_init)
                  00001b60    00000034     motor.o (.text.limit_PWM)
                  00001b94    00000032     mpu6050.o (.text.MPU_WriteReg)
                  00001bc6    00000002     --HOLE-- [fill = 0]
                  00001bc8    00000030     board.o (.text.delay_ms)
                  00001bf8    0000002c     ti_msp_dl_config.o (.text.SYSCFG_DL_init)
                  00001c24    0000002c     empty.o (.text.__NVIC_ClearPendingIRQ)
                  00001c50    0000002c     empty.o (.text.__NVIC_EnableIRQ)
                  00001c7c    00000028     oled.o (.text.DL_Common_updateReg)
                  00001ca4    00000028     ti_msp_dl_config.o (.text.DL_Common_updateReg)
                  00001ccc    00000028     ti_msp_dl_config.o (.text.DL_I2C_setControllerRXFIFOThreshold)
                  00001cf4    00000028     ti_msp_dl_config.o (.text.DL_I2C_setControllerTXFIFOThreshold)
                  00001d1c    00000028     ti_msp_dl_config.o (.text.DL_SYSTICK_init)
                  00001d44    00000028     libc.a : boot_cortex_m.c.obj (.text:_c_int00_noargs)
                  00001d6c    00000026     ti_msp_dl_config.o (.text.DL_I2C_setAnalogGlitchFilterPulseWidth)
                  00001d92    00000026     driverlib.a : dl_i2c.o (.text.DL_I2C_setClockConfig)
                  00001db8    00000024     ti_msp_dl_config.o (.text.DL_I2C_setDigitalGlitchFilterPulseWidth)
                  00001ddc    00000024     libclang_rt.builtins.a : floatunsidf.S.obj (.text.__floatunsidf)
                  00001e00    00000020     ti_msp_dl_config.o (.text.DL_SYSCTL_setFlashWaitState)
                  00001e20    0000001c     encoder.o (.text.DL_GPIO_clearInterruptStatus)
                  00001e3c    0000001c     ti_msp_dl_config.o (.text.DL_GPIO_clearInterruptStatus)
                  00001e58    0000001c     ti_msp_dl_config.o (.text.DL_GPIO_enableHiZ)
                  00001e74    0000001c     ti_msp_dl_config.o (.text.DL_GPIO_enableInterrupt)
                  00001e90    0000001c     ti_msp_dl_config.o (.text.DL_GPIO_initPeripheralOutputFunction)
                  00001eac    0000001c     ti_msp_dl_config.o (.text.DL_GPIO_setLowerPinsPolarity)
                  00001ec8    0000001c     driverlib.a : dl_sysctl_mspm0g1x0x_g3x0x.o (.text.DL_SYSCTL_configFCC)
                  00001ee4    0000001c     ti_msp_dl_config.o (.text.DL_SYSCTL_setFCCPeriods)
                  00001f00    0000001c     ti_msp_dl_config.o (.text.DL_SYSCTL_setSYSOSCFreq)
                  00001f1c    0000001c     ti_msp_dl_config.o (.text.DL_SYSCTL_setULPCLKDivider)
                  00001f38    0000001c     ti_msp_dl_config.o (.text.DL_Timer_enableInterrupt)
                  00001f54    0000001c     driverlib.a : dl_timer.o (.text.DL_Timer_setCaptCompUpdateMethod)
                  00001f70    0000001c                 : dl_timer.o (.text.DL_Timer_setClockConfig)
                  00001f8c    00000018     ti_msp_dl_config.o (.text.DL_GPIO_enableOutput)
                  00001fa4    00000018     ti_msp_dl_config.o (.text.DL_GPIO_enablePower)
                  00001fbc    00000018     encoder.o (.text.DL_GPIO_getEnabledInterruptStatus)
                  00001fd4    00000018     mpu6050.o (.text.DL_GPIO_initDigitalOutput)
                  00001fec    00000018     ti_msp_dl_config.o (.text.DL_GPIO_initDigitalOutput)
                  00002004    00000018     ti_msp_dl_config.o (.text.DL_GPIO_reset)
                  0000201c    00000018     motor.o (.text.DL_GPIO_setPins)
                  00002034    00000018     mpu6050.o (.text.DL_GPIO_setPins)
                  0000204c    00000018     ti_msp_dl_config.o (.text.DL_GPIO_setPins)
                  00002064    00000018     ti_msp_dl_config.o (.text.DL_GPIO_setUpperPinsPolarity)
                  0000207c    00000018     ti_msp_dl_config.o (.text.DL_I2C_enableAnalogGlitchFilter)
                  00002094    00000018     ti_msp_dl_config.o (.text.DL_I2C_enableController)
                  000020ac    00000018     ti_msp_dl_config.o (.text.DL_I2C_enableControllerClockStretching)
                  000020c4    00000018     ti_msp_dl_config.o (.text.DL_I2C_enablePower)
                  000020dc    00000018     ti_msp_dl_config.o (.text.DL_I2C_reset)
                  000020f4    00000018     ti_msp_dl_config.o (.text.DL_I2C_setTimerPeriod)
                  0000210c    00000018     ti_msp_dl_config.o (.text.DL_SYSCTL_setBORThreshold)
                  00002124    00000018     ti_msp_dl_config.o (.text.DL_Timer_enablePower)
                  0000213c    00000018     ti_msp_dl_config.o (.text.DL_Timer_reset)
                  00002154    00000018     driverlib.a : dl_timer.o (.text.DL_Timer_setCaptureCompareOutCtl)
                  0000216c    00000018     empty.o (.text.DL_Timer_startCounter)
                  00002184    00000016     encoder.o (.text.DL_GPIO_readPins)
                  0000219a    00000016     mpu6050.o (.text.DL_GPIO_readPins)
                  000021b0    00000014     motor.o (.text.DL_GPIO_clearPins)
                  000021c4    00000014     mpu6050.o (.text.DL_GPIO_clearPins)
                  000021d8    00000014     ti_msp_dl_config.o (.text.DL_GPIO_clearPins)
                  000021ec    00000014     oled.o (.text.DL_I2C_getControllerStatus)
                  00002200    00000014     ti_msp_dl_config.o (.text.DL_I2C_resetControllerTransfer)
                  00002214    00000014     ti_msp_dl_config.o (.text.DL_SYSCTL_disableSYSPLL)
                  00002228    00000014     ti_msp_dl_config.o (.text.DL_SYSCTL_enableMFCLK)
                  0000223c    00000014     ti_msp_dl_config.o (.text.DL_SYSCTL_enableSYSPLL)
                  00002250    00000014     ti_msp_dl_config.o (.text.DL_Timer_enableClock)
                  00002264    00000014     ti_msp_dl_config.o (.text.DL_Timer_setCCPDirection)
                  00002278    00000012     empty.o (.text.DL_Timer_getPendingInterrupt)
                  0000228a    00000012     libc.a : memcpy16.S.obj (.text:TI_memcpy_small)
                  0000229c    00000012            : copy_decompress_none.c.obj (.text:decompress:none)
                  000022ae    00000002     --HOLE-- [fill = 0]
                  000022b0    00000010     ti_msp_dl_config.o (.text.DL_SYSCTL_disableHFXT)
                  000022c0    00000010     ti_msp_dl_config.o (.text.DL_SYSCTL_isFCCDone)
                  000022d0    00000010     ti_msp_dl_config.o (.text.DL_SYSCTL_startFCC)
                  000022e0    00000010     ti_msp_dl_config.o (.text.DL_SYSTICK_enable)
                  000022f0    00000010     driverlib.a : dl_timer.o (.text.DL_Timer_setCaptureCompareValue)
                  00002300    00000010     ti_msp_dl_config.o (.text.SYSCFG_DL_SYSTICK_init)
                  00002310    00000010     libc.a : copy_zero_init.c.obj (.text:decompress:ZI)
                  00002320    0000000e            : memset16.S.obj (.text:TI_memset_small)
                  0000232e    00000002     --HOLE-- [fill = 0]
                  00002330    0000000c     ti_msp_dl_config.o (.text.DL_SYSCTL_getClockStatus)
                  0000233c    0000000c     ti_msp_dl_config.o (.text.DL_SYSCTL_readFCC)
                  00002348    0000000c     board.o (.text.Systick_getTick)
                  00002354    0000000c     libclang_rt.builtins.a : aeabi_memset.S.obj (.text.__aeabi_memclr)
                  00002360    0000000a     driverlib.a : dl_common.o (.text.DL_Common_delayCycles)
                  0000236a    0000000a     mpu6050.o (.text.MPU6050_GetID)
                  00002374    0000000a     mpu6050.o (.text.i2c_delay)
                  0000237e    00000002     --HOLE-- [fill = 0]
                  00002380    00000008     libclang_rt.builtins.a : aeabi_memcpy.S.obj (.text.__aeabi_memcpy)
                  00002388    00000006     libc.a : exit.c.obj (.text:abort)
                  0000238e    00000004     startup_mspm0g350x_ticlang.o (.text.Default_Handler)
                  00002392    00000004     libsysbm.a : hostexit.c.obj (.text.HOSTexit)
                  00002396    00000004     startup_mspm0g350x_ticlang.o (.text.Reset_Handler)
                  0000239a    00000004     libc.a : pre_init.c.obj (.text._system_pre_init)
                  0000239e    00000002     --HOLE-- [fill = 0]

.cinit     0    00002e50    00000038     
                  00002e50    00000013     (.cinit..data.load) [load image, compression = lzss]
                  00002e63    00000001     --HOLE-- [fill = 0]
                  00002e64    0000000c     (__TI_handler_table)
                  00002e70    00000008     (.cinit..bss.load) [load image, compression = zero_init]
                  00002e78    00000010     (__TI_cinit_table)

.rodata    0    000023a0    00000ab0     
                  000023a0    000005f0     oled.o (.rodata.oled_asc2_1608)
                  00002990    00000474     oled.o (.rodata.oled_asc2_1206)
                  00002e04    00000028     ti_msp_dl_config.o (.rodata.gSYSPLLConfig)
                  00002e2c    00000014     ti_msp_dl_config.o (.rodata.gTIMER_0TimerConfig)
                  00002e40    00000008     ti_msp_dl_config.o (.rodata.gPWM_0Config)
                  00002e48    00000003     ti_msp_dl_config.o (.rodata.gPWM_0ClockConfig)
                  00002e4b    00000003     ti_msp_dl_config.o (.rodata.gTIMER_0ClockConfig)
                  00002e4e    00000002     ti_msp_dl_config.o (.rodata.gOLEDClockConfig)

.init_array 
*          0    00000000    00000000     UNINITIALIZED

.binit     0    00000000    00000000     

.bss       0    20200000    000004ed     UNINITIALIZED
                  20200000    00000400     (.common:OLED_GRAM)
                  20200400    000000bc     (.common:gPWM_0Backup)
                  202004bc    00000004     motor.o (.bss.Velocity_A.ControlVelocityA)
                  202004c0    00000004     motor.o (.bss.Velocity_A.Last_biasA)
                  202004c4    00000004     motor.o (.bss.Velocity_B.ControlVelocityB)
                  202004c8    00000004     motor.o (.bss.Velocity_B.Last_biasB)
                  202004cc    00000004     (.common:Get_Encoder_countA)
                  202004d0    00000004     (.common:Get_Encoder_countB)
                  202004d4    00000004     (.common:PWMA)
                  202004d8    00000004     (.common:PWMB)
                  202004dc    00000004     (.common:encoderA_cnt)
                  202004e0    00000004     (.common:encoderB_cnt)
                  202004e4    00000004     (.common:gpio_interrup1)
                  202004e8    00000004     (.common:gpio_interrup2)
                  202004ec    00000001     (.common:MPUID)

.data      0    202004f0    00000010     UNINITIALIZED
                  202004f0    00000004     empty.o (.data.Flag_Stop)
                  202004f4    00000004     motor.o (.data.Velcity_Ki)
                  202004f8    00000004     motor.o (.data.Velcity_Kp)
                  202004fc    00000004     empty.o (.data.target_speed)

.stack     0    20207e00    00000200     UNINITIALIZED
                  20207e00    00000004     libc.a : boot_cortex_m.c.obj (.stack)
                  20207e04    000001fc     --HOLE--

__llvm_prf_cnts 
*          0    20200000    00000000     UNINITIALIZED

__llvm_prf_bits 
*          0    20200000    00000000     UNINITIALIZED

MODULE SUMMARY

       Module                         code   ro data   rw data
       ------                         ----   -------   -------
    .\
       ti_msp_dl_config.o             2702   76        188    
       empty.o                        466    0         25     
       startup_mspm0g350x_ticlang.o   8      192       0      
    +--+------------------------------+------+---------+---------+
       Total:                         3176   268       213    
                                                              
    .\Hardware\
       oled.o                         1100   2660      1024   
       mpu6050.o                      972    0         0      
       motor.o                        760    0         24     
       encoder.o                      366    0         16     
       board.o                        204    0         0      
    +--+------------------------------+------+---------+---------+
       Total:                         3402   2660      1064   
                                                              
    D:/AAA__Workspace/Software/TI_CCS/mspm0_sdk_2_10_00_04/source/ti/driverlib/lib/ticlang/m0p/mspm0g1x0x_g3x0x/driverlib.a
       dl_timer.o                     608    0         0      
       dl_sysctl_mspm0g1x0x_g3x0x.o   316    0         0      
       dl_i2c.o                       132    0         0      
       dl_common.o                    10     0         0      
    +--+------------------------------+------+---------+---------+
       Total:                         1066   0         0      
                                                              
    D:\AAA__Workspace\Software\TI_CCS\ccs\tools\compiler\ti-cgt-armllvm_4.0.4.LTS\lib\armv6m-ti-none-eabi/c/libc.a
       copy_decompress_lzss.c.obj     124    0         0      
       autoinit.c.obj                 60     0         0      
       boot_cortex_m.c.obj            40     0         0      
       copy_decompress_none.c.obj     18     0         0      
       memcpy16.S.obj                 18     0         0      
       copy_zero_init.c.obj           16     0         0      
       memset16.S.obj                 14     0         0      
       exit.c.obj                     6      0         0      
       pre_init.c.obj                 4      0         0      
    +--+------------------------------+------+---------+---------+
       Total:                         300    0         0      
                                                              
    D:\AAA__Workspace\Software\TI_CCS\ccs\tools\compiler\ti-cgt-armllvm_4.0.4.LTS\lib\armv6m-ti-none-eabi/c/libsysbm.a
       hostexit.c.obj                 4      0         0      
    +--+------------------------------+------+---------+---------+
       Total:                         4      0         0      
                                                              
    D:\AAA__Workspace\Software\TI_CCS\ccs\tools\compiler\ti-cgt-armllvm_4.0.4.LTS\lib\armv6m-ti-none-eabi/libclang_rt.builtins.a
       comparedf2.c.obj               220    0         0      
       addsf3.S.obj                   216    0         0      
       mulsf3.S.obj                   140    0         0      
       aeabi_dcmp.S.obj               98     0         0      
       aeabi_uidivmod.S.obj           64     0         0      
       floatsisf.S.obj                60     0         0      
       muldsi3.S.obj                  58     0         0      
       fixsfsi.S.obj                  56     0         0      
       floatunsidf.S.obj              36     0         0      
       aeabi_memset.S.obj             12     0         0      
       aeabi_memcpy.S.obj             8      0         0      
       aeabi_div0.c.obj               2      0         0      
    +--+------------------------------+------+---------+---------+
       Total:                         970    0         0      
                                                              
       Stack:                         0      0         512    
       Linker Generated:              0      55        0      
    +--+------------------------------+------+---------+---------+
       Grand Total:                   8918   2983      1789   


LINKER GENERATED COPY TABLES

__TI_cinit_table @ 00002e78 records: 2, size/record: 8, table size: 16
	.data: load addr=00002e50, load size=00000013 bytes, run addr=202004f0, run size=00000010 bytes, compression=lzss
	.bss: load addr=00002e70, load size=00000008 bytes, run addr=20200000, run size=000004ed bytes, compression=zero_init


LINKER GENERATED HANDLER TABLE

__TI_handler_table @ 00002e64 records: 3, size/record: 4, table size: 12
	index: 0, handler: __TI_decompress_lzss
	index: 1, handler: __TI_decompress_none
	index: 2, handler: __TI_zero_init


GLOBAL SYMBOLS: SORTED ALPHABETICALLY BY Name 

address   name                                 
-------   ----                                 
0000238f  ADC0_IRQHandler                      
0000238f  ADC1_IRQHandler                      
0000238f  AES_IRQHandler                       
00002392  C$$EXIT                              
0000238f  CANFD0_IRQHandler                    
0000238f  DAC0_IRQHandler                      
00002361  DL_Common_delayCycles                
000016b1  DL_I2C_fillControllerTXFIFO          
00001d93  DL_I2C_setClockConfig                
00001ec9  DL_SYSCTL_configFCC                  
000008ad  DL_SYSCTL_configSYSPLL               
00001895  DL_SYSCTL_switchMCLKfromSYSOSCtoHSCLK
000005c1  DL_Timer_initFourCCPWMMode           
000006c5  DL_Timer_initTimerMode               
00001f55  DL_Timer_setCaptCompUpdateMethod     
00002155  DL_Timer_setCaptureCompareOutCtl     
000022f1  DL_Timer_setCaptureCompareValue      
00001f71  DL_Timer_setClockConfig              
0000238f  DMA_IRQHandler                       
0000238f  Default_Handler                      
202004f0  Flag_Stop                            
0000238f  GROUP0_IRQHandler                    
00000279  GROUP1_IRQHandler                    
202004cc  Get_Encoder_countA                   
202004d0  Get_Encoder_countB                   
00002393  HOSTexit                             
0000238f  HardFault_Handler                    
0000238f  I2C0_IRQHandler                      
0000238f  I2C1_IRQHandler                      
0000236b  MPU6050_GetID                        
00001919  MPU6050_Init                         
202004ec  MPUID                                
0000238f  NMI_Handler                          
00001651  OLED_Clear                           
00000f39  OLED_DrawPoint                       
20200000  OLED_GRAM                            
00000989  OLED_Init                            
00001275  OLED_Refresh_Gram                    
0000039d  OLED_ShowChar                        
00001525  OLED_WR_Byte                         
202004d4  PWMA                                 
202004d8  PWMB                                 
0000238f  PendSV_Handler                       
0000238f  RTC_IRQHandler                       
00002397  Reset_Handler                        
0000238f  SPI0_IRQHandler                      
0000238f  SPI1_IRQHandler                      
0000238f  SVC_Handler                          
000000c1  SYSCFG_DL_GPIO_init                  
00001589  SYSCFG_DL_OLED_init                  
00001059  SYSCFG_DL_PWM_0_init                 
000007c1  SYSCFG_DL_SYSCTL_SYSPLL_init         
0000136d  SYSCFG_DL_SYSCTL_init                
00002301  SYSCFG_DL_SYSTICK_init               
00001b2d  SYSCFG_DL_TIMER_0_init               
00001bf9  SYSCFG_DL_init                       
00001455  SYSCFG_DL_initPower                  
000004b1  Set_PWM                              
0000238f  SysTick_Handler                      
00002349  Systick_getTick                      
0000238f  TIMA0_IRQHandler                     
0000238f  TIMA1_IRQHandler                     
00000ce5  TIMG0_IRQHandler                     
0000238f  TIMG12_IRQHandler                    
0000238f  TIMG6_IRQHandler                     
0000238f  TIMG7_IRQHandler                     
0000238f  TIMG8_IRQHandler                     
0000228b  TI_memcpy_small                      
00002321  TI_memset_small                      
0000238f  UART0_IRQHandler                     
0000238f  UART1_IRQHandler                     
0000238f  UART2_IRQHandler                     
0000238f  UART3_IRQHandler                     
202004f4  Velcity_Ki                           
202004f8  Velcity_Kp                           
00000db1  Velocity_A                           
00000e75  Velocity_B                           
20208000  __STACK_END                          
00000200  __STACK_SIZE                         
00000000  __TI_ATRegion0_region_sz             
00000000  __TI_ATRegion0_src_addr              
00000000  __TI_ATRegion0_trg_addr              
00000000  __TI_ATRegion1_region_sz             
00000000  __TI_ATRegion1_src_addr              
00000000  __TI_ATRegion1_trg_addr              
00000000  __TI_ATRegion2_region_sz             
00000000  __TI_ATRegion2_src_addr              
00000000  __TI_ATRegion2_trg_addr              
00002e78  __TI_CINIT_Base                      
00002e88  __TI_CINIT_Limit                     
00002e88  __TI_CINIT_Warm                      
00002e64  __TI_Handler_Table_Base              
00002e70  __TI_Handler_Table_Limit             
00001a49  __TI_auto_init_nobinit_nopinit       
000012f1  __TI_decompress_lzss                 
0000229d  __TI_decompress_none                 
ffffffff  __TI_pprof_out_hndl                  
ffffffff  __TI_prof_data_size                  
ffffffff  __TI_prof_data_start                 
00000000  __TI_static_base__                   
00002311  __TI_zero_init                       
00000b47  __addsf3                             
000015ed  __aeabi_dcmpeq                       
00001629  __aeabi_dcmpge                       
0000163d  __aeabi_dcmpgt                       
00001615  __aeabi_dcmple                       
00001601  __aeabi_dcmplt                       
00001ac1  __aeabi_f2iz                         
00000b47  __aeabi_fadd                         
000010e5  __aeabi_fmul                         
00000b3d  __aeabi_fsub                         
00001a0d  __aeabi_i2f                          
0000164f  __aeabi_idiv0                        
00002355  __aeabi_memclr                       
00002355  __aeabi_memclr4                      
00002355  __aeabi_memclr8                      
00002381  __aeabi_memcpy                       
00002381  __aeabi_memcpy4                      
00002381  __aeabi_memcpy8                      
00001ddd  __aeabi_ui2d                         
000018d9  __aeabi_uidiv                        
000018d9  __aeabi_uidivmod                     
ffffffff  __binit__                            
000014bd  __cmpdf2                             
000014bd  __eqdf2                              
00001ac1  __fixsfsi                            
00001a0d  __floatsisf                          
00001ddd  __floatunsidf                        
000013e1  __gedf2                              
000013e1  __gtdf2                              
000014bd  __ledf2                              
000014bd  __ltdf2                              
0000170f  __mpu_init                           
00001a85  __muldsi3                            
000010e5  __mulsf3                             
000014bd  __nedf2                              
20207e00  __stack                              
20200000  __start___llvm_prf_bits              
20200000  __start___llvm_prf_cnts              
20200000  __stop___llvm_prf_bits               
20200000  __stop___llvm_prf_cnts               
00000b3d  __subsf3                             
00001d45  _c_int00_noargs                      
00001abf  _system_post_cinit                   
0000239b  _system_pre_init                     
00002389  abort                                
ffffffff  binit                                
00001bc9  delay_ms                             
00000fc9  delay_us                             
202004dc  encoderA_cnt                         
202004e0  encoderB_cnt                         
20200400  gPWM_0Backup                         
202004e4  gpio_interrup1                       
202004e8  gpio_interrup2                       
00000000  interruptVectors                     
00001b61  limit_PWM                            
000011f5  main                                 
00002990  oled_asc2_1206                       
000023a0  oled_asc2_1608                       
202004fc  target_speed                         


GLOBAL SYMBOLS: SORTED BY Symbol Address 

address   name                                 
-------   ----                                 
00000000  __TI_ATRegion0_region_sz             
00000000  __TI_ATRegion0_src_addr              
00000000  __TI_ATRegion0_trg_addr              
00000000  __TI_ATRegion1_region_sz             
00000000  __TI_ATRegion1_src_addr              
00000000  __TI_ATRegion1_trg_addr              
00000000  __TI_ATRegion2_region_sz             
00000000  __TI_ATRegion2_src_addr              
00000000  __TI_ATRegion2_trg_addr              
00000000  __TI_static_base__                   
00000000  interruptVectors                     
000000c1  SYSCFG_DL_GPIO_init                  
00000200  __STACK_SIZE                         
00000279  GROUP1_IRQHandler                    
0000039d  OLED_ShowChar                        
000004b1  Set_PWM                              
000005c1  DL_Timer_initFourCCPWMMode           
000006c5  DL_Timer_initTimerMode               
000007c1  SYSCFG_DL_SYSCTL_SYSPLL_init         
000008ad  DL_SYSCTL_configSYSPLL               
00000989  OLED_Init                            
00000b3d  __aeabi_fsub                         
00000b3d  __subsf3                             
00000b47  __addsf3                             
00000b47  __aeabi_fadd                         
00000ce5  TIMG0_IRQHandler                     
00000db1  Velocity_A                           
00000e75  Velocity_B                           
00000f39  OLED_DrawPoint                       
00000fc9  delay_us                             
00001059  SYSCFG_DL_PWM_0_init                 
000010e5  __aeabi_fmul                         
000010e5  __mulsf3                             
000011f5  main                                 
00001275  OLED_Refresh_Gram                    
000012f1  __TI_decompress_lzss                 
0000136d  SYSCFG_DL_SYSCTL_init                
000013e1  __gedf2                              
000013e1  __gtdf2                              
00001455  SYSCFG_DL_initPower                  
000014bd  __cmpdf2                             
000014bd  __eqdf2                              
000014bd  __ledf2                              
000014bd  __ltdf2                              
000014bd  __nedf2                              
00001525  OLED_WR_Byte                         
00001589  SYSCFG_DL_OLED_init                  
000015ed  __aeabi_dcmpeq                       
00001601  __aeabi_dcmplt                       
00001615  __aeabi_dcmple                       
00001629  __aeabi_dcmpge                       
0000163d  __aeabi_dcmpgt                       
0000164f  __aeabi_idiv0                        
00001651  OLED_Clear                           
000016b1  DL_I2C_fillControllerTXFIFO          
0000170f  __mpu_init                           
00001895  DL_SYSCTL_switchMCLKfromSYSOSCtoHSCLK
000018d9  __aeabi_uidiv                        
000018d9  __aeabi_uidivmod                     
00001919  MPU6050_Init                         
00001a0d  __aeabi_i2f                          
00001a0d  __floatsisf                          
00001a49  __TI_auto_init_nobinit_nopinit       
00001a85  __muldsi3                            
00001abf  _system_post_cinit                   
00001ac1  __aeabi_f2iz                         
00001ac1  __fixsfsi                            
00001b2d  SYSCFG_DL_TIMER_0_init               
00001b61  limit_PWM                            
00001bc9  delay_ms                             
00001bf9  SYSCFG_DL_init                       
00001d45  _c_int00_noargs                      
00001d93  DL_I2C_setClockConfig                
00001ddd  __aeabi_ui2d                         
00001ddd  __floatunsidf                        
00001ec9  DL_SYSCTL_configFCC                  
00001f55  DL_Timer_setCaptCompUpdateMethod     
00001f71  DL_Timer_setClockConfig              
00002155  DL_Timer_setCaptureCompareOutCtl     
0000228b  TI_memcpy_small                      
0000229d  __TI_decompress_none                 
000022f1  DL_Timer_setCaptureCompareValue      
00002301  SYSCFG_DL_SYSTICK_init               
00002311  __TI_zero_init                       
00002321  TI_memset_small                      
00002349  Systick_getTick                      
00002355  __aeabi_memclr                       
00002355  __aeabi_memclr4                      
00002355  __aeabi_memclr8                      
00002361  DL_Common_delayCycles                
0000236b  MPU6050_GetID                        
00002381  __aeabi_memcpy                       
00002381  __aeabi_memcpy4                      
00002381  __aeabi_memcpy8                      
00002389  abort                                
0000238f  ADC0_IRQHandler                      
0000238f  ADC1_IRQHandler                      
0000238f  AES_IRQHandler                       
0000238f  CANFD0_IRQHandler                    
0000238f  DAC0_IRQHandler                      
0000238f  DMA_IRQHandler                       
0000238f  Default_Handler                      
0000238f  GROUP0_IRQHandler                    
0000238f  HardFault_Handler                    
0000238f  I2C0_IRQHandler                      
0000238f  I2C1_IRQHandler                      
0000238f  NMI_Handler                          
0000238f  PendSV_Handler                       
0000238f  RTC_IRQHandler                       
0000238f  SPI0_IRQHandler                      
0000238f  SPI1_IRQHandler                      
0000238f  SVC_Handler                          
0000238f  SysTick_Handler                      
0000238f  TIMA0_IRQHandler                     
0000238f  TIMA1_IRQHandler                     
0000238f  TIMG12_IRQHandler                    
0000238f  TIMG6_IRQHandler                     
0000238f  TIMG7_IRQHandler                     
0000238f  TIMG8_IRQHandler                     
0000238f  UART0_IRQHandler                     
0000238f  UART1_IRQHandler                     
0000238f  UART2_IRQHandler                     
0000238f  UART3_IRQHandler                     
00002392  C$$EXIT                              
00002393  HOSTexit                             
00002397  Reset_Handler                        
0000239b  _system_pre_init                     
000023a0  oled_asc2_1608                       
00002990  oled_asc2_1206                       
00002e64  __TI_Handler_Table_Base              
00002e70  __TI_Handler_Table_Limit             
00002e78  __TI_CINIT_Base                      
00002e88  __TI_CINIT_Limit                     
00002e88  __TI_CINIT_Warm                      
20200000  OLED_GRAM                            
20200000  __start___llvm_prf_bits              
20200000  __start___llvm_prf_cnts              
20200000  __stop___llvm_prf_bits               
20200000  __stop___llvm_prf_cnts               
20200400  gPWM_0Backup                         
202004cc  Get_Encoder_countA                   
202004d0  Get_Encoder_countB                   
202004d4  PWMA                                 
202004d8  PWMB                                 
202004dc  encoderA_cnt                         
202004e0  encoderB_cnt                         
202004e4  gpio_interrup1                       
202004e8  gpio_interrup2                       
202004ec  MPUID                                
202004f0  Flag_Stop                            
202004f4  Velcity_Ki                           
202004f8  Velcity_Kp                           
202004fc  target_speed                         
20207e00  __stack                              
20208000  __STACK_END                          
ffffffff  __TI_pprof_out_hndl                  
ffffffff  __TI_prof_data_size                  
ffffffff  __TI_prof_data_start                 
ffffffff  __binit__                            
ffffffff  binit                                

[160 symbols]
