<?xml version="1.0" encoding="ISO-8859-1" ?>
<link_info>
   <banner>TI ARM Clang Linker PC v4.0.4.LTS</banner>
   <copyright>Copyright (c) 1996-2018 Texas Instruments Incorporated</copyright>
   <command_line>D:\AAA__Workspace\Software\TI_CCS\ccs\tools\compiler\ti-cgt-armllvm_4.0.4.LTS\bin\tiarmlnk -ID:\AAA__Workspace\Software\TI_CCS\ccs\tools\compiler\ti-cgt-armllvm_4.0.4.LTS\lib -o empty_LP_MSPM0G3507_nortos_ticlang.out -mempty_LP_MSPM0G3507_nortos_ticlang.map -iD:/AAA__Workspace/Software/TI_CCS/mspm0_sdk_2_10_00_04/source -iD:/AAA__Workspace/CCS/proj0/empty_LP_MSPM0G3507_nortos_ticlang -iD:/AAA__Workspace/CCS/proj0/empty_LP_MSPM0G3507_nortos_ticlang/Debug/syscfg -iD:/AAA__Workspace/Software/TI_CCS/ccs/tools/compiler/ti-cgt-armllvm_4.0.4.LTS/lib --diag_wrap=off --display_error_number --warn_sections --xml_link_info=empty_LP_MSPM0G3507_nortos_ticlang_linkInfo.xml --rom_model ./empty.o ./ti_msp_dl_config.o ./startup_mspm0g350x_ticlang.o ./Hardware/GraySensor.o ./Hardware/board.o ./Hardware/encoder.o ./Hardware/key.o ./Hardware/led.o ./Hardware/motor.o ./Hardware/mpu6050.o ./Hardware/oled.o -l./device_linker.cmd -ldevice.cmd.genlibs -llibc.a --start-group -llibc++.a -llibc++abi.a -llibc.a -llibsys.a -llibsysbm.a -llibclang_rt.builtins.a -llibclang_rt.profile.a --end-group --cg_opt_level=0</command_line>
   <link_time>0x6a598e23</link_time>
   <link_errors>0x0</link_errors>
   <output_file>D:\AAA__Workspace\CCS\proj0\empty_LP_MSPM0G3507_nortos_ticlang\Debug\empty_LP_MSPM0G3507_nortos_ticlang.out</output_file>
   <entry_point>
      <name>_c_int00_noargs</name>
      <address>0x1f2d</address>
   </entry_point>
   <input_file_list>
      <input_file id="fl-1">
         <path>D:\AAA__Workspace\CCS\proj0\empty_LP_MSPM0G3507_nortos_ticlang\Debug\.\</path>
         <kind>object</kind>
         <file>empty.o</file>
         <name>empty.o</name>
      </input_file>
      <input_file id="fl-2">
         <path>D:\AAA__Workspace\CCS\proj0\empty_LP_MSPM0G3507_nortos_ticlang\Debug\.\</path>
         <kind>object</kind>
         <file>ti_msp_dl_config.o</file>
         <name>ti_msp_dl_config.o</name>
      </input_file>
      <input_file id="fl-3">
         <path>D:\AAA__Workspace\CCS\proj0\empty_LP_MSPM0G3507_nortos_ticlang\Debug\.\</path>
         <kind>object</kind>
         <file>startup_mspm0g350x_ticlang.o</file>
         <name>startup_mspm0g350x_ticlang.o</name>
      </input_file>
      <input_file id="fl-4">
         <path>D:\AAA__Workspace\CCS\proj0\empty_LP_MSPM0G3507_nortos_ticlang\Debug\.\Hardware\</path>
         <kind>object</kind>
         <file>GraySensor.o</file>
         <name>GraySensor.o</name>
      </input_file>
      <input_file id="fl-5">
         <path>D:\AAA__Workspace\CCS\proj0\empty_LP_MSPM0G3507_nortos_ticlang\Debug\.\Hardware\</path>
         <kind>object</kind>
         <file>board.o</file>
         <name>board.o</name>
      </input_file>
      <input_file id="fl-6">
         <path>D:\AAA__Workspace\CCS\proj0\empty_LP_MSPM0G3507_nortos_ticlang\Debug\.\Hardware\</path>
         <kind>object</kind>
         <file>encoder.o</file>
         <name>encoder.o</name>
      </input_file>
      <input_file id="fl-7">
         <path>D:\AAA__Workspace\CCS\proj0\empty_LP_MSPM0G3507_nortos_ticlang\Debug\.\Hardware\</path>
         <kind>object</kind>
         <file>key.o</file>
         <name>key.o</name>
      </input_file>
      <input_file id="fl-8">
         <path>D:\AAA__Workspace\CCS\proj0\empty_LP_MSPM0G3507_nortos_ticlang\Debug\.\Hardware\</path>
         <kind>object</kind>
         <file>led.o</file>
         <name>led.o</name>
      </input_file>
      <input_file id="fl-9">
         <path>D:\AAA__Workspace\CCS\proj0\empty_LP_MSPM0G3507_nortos_ticlang\Debug\.\Hardware\</path>
         <kind>object</kind>
         <file>motor.o</file>
         <name>motor.o</name>
      </input_file>
      <input_file id="fl-a">
         <path>D:\AAA__Workspace\CCS\proj0\empty_LP_MSPM0G3507_nortos_ticlang\Debug\.\Hardware\</path>
         <kind>object</kind>
         <file>mpu6050.o</file>
         <name>mpu6050.o</name>
      </input_file>
      <input_file id="fl-b">
         <path>D:\AAA__Workspace\CCS\proj0\empty_LP_MSPM0G3507_nortos_ticlang\Debug\.\Hardware\</path>
         <kind>object</kind>
         <file>oled.o</file>
         <name>oled.o</name>
      </input_file>
      <input_file id="fl-18">
         <path>D:\AAA__Workspace\CCS\proj0\empty_LP_MSPM0G3507_nortos_ticlang\Debug\</path>
         <kind>object</kind>
         <file>&lt;internal&gt;</file>
         <name>&lt;internal&gt;</name>
      </input_file>
      <input_file id="fl-19">
         <path>D:\AAA__Workspace\Software\TI_CCS\mspm0_sdk_2_10_00_04\source\ti\driverlib\lib\ticlang\m0p\mspm0g1x0x_g3x0x\</path>
         <kind>archive</kind>
         <file>driverlib.a</file>
         <name>dl_common.o</name>
      </input_file>
      <input_file id="fl-1a">
         <path>D:\AAA__Workspace\Software\TI_CCS\mspm0_sdk_2_10_00_04\source\ti\driverlib\lib\ticlang\m0p\mspm0g1x0x_g3x0x\</path>
         <kind>archive</kind>
         <file>driverlib.a</file>
         <name>dl_i2c.o</name>
      </input_file>
      <input_file id="fl-1b">
         <path>D:\AAA__Workspace\Software\TI_CCS\mspm0_sdk_2_10_00_04\source\ti\driverlib\lib\ticlang\m0p\mspm0g1x0x_g3x0x\</path>
         <kind>archive</kind>
         <file>driverlib.a</file>
         <name>dl_timer.o</name>
      </input_file>
      <input_file id="fl-1c">
         <path>D:\AAA__Workspace\Software\TI_CCS\mspm0_sdk_2_10_00_04\source\ti\driverlib\lib\ticlang\m0p\mspm0g1x0x_g3x0x\</path>
         <kind>archive</kind>
         <file>driverlib.a</file>
         <name>dl_sysctl_mspm0g1x0x_g3x0x.o</name>
      </input_file>
      <input_file id="fl-33">
         <path>D:\AAA__Workspace\Software\TI_CCS\ccs\tools\compiler\ti-cgt-armllvm_4.0.4.LTS\lib\armv6m-ti-none-eabi\c\</path>
         <kind>archive</kind>
         <file>libc.a</file>
         <name>boot_cortex_m.c.obj</name>
      </input_file>
      <input_file id="fl-34">
         <path>D:\AAA__Workspace\Software\TI_CCS\ccs\tools\compiler\ti-cgt-armllvm_4.0.4.LTS\lib\armv6m-ti-none-eabi\c\</path>
         <kind>archive</kind>
         <file>libc.a</file>
         <name>mathacl_init.c.obj</name>
      </input_file>
      <input_file id="fl-35">
         <path>D:\AAA__Workspace\Software\TI_CCS\ccs\tools\compiler\ti-cgt-armllvm_4.0.4.LTS\lib\armv6m-ti-none-eabi\c\</path>
         <kind>archive</kind>
         <file>libc.a</file>
         <name>autoinit.c.obj</name>
      </input_file>
      <input_file id="fl-36">
         <path>D:\AAA__Workspace\Software\TI_CCS\ccs\tools\compiler\ti-cgt-armllvm_4.0.4.LTS\lib\armv6m-ti-none-eabi\c\</path>
         <kind>archive</kind>
         <file>libc.a</file>
         <name>pre_init.c.obj</name>
      </input_file>
      <input_file id="fl-37">
         <path>D:\AAA__Workspace\Software\TI_CCS\ccs\tools\compiler\ti-cgt-armllvm_4.0.4.LTS\lib\armv6m-ti-none-eabi\c\</path>
         <kind>archive</kind>
         <file>libc.a</file>
         <name>cpy_tbl.c.obj</name>
      </input_file>
      <input_file id="fl-38">
         <path>D:\AAA__Workspace\Software\TI_CCS\ccs\tools\compiler\ti-cgt-armllvm_4.0.4.LTS\lib\armv6m-ti-none-eabi\c\</path>
         <kind>archive</kind>
         <file>libc.a</file>
         <name>copy_zero_init.c.obj</name>
      </input_file>
      <input_file id="fl-39">
         <path>D:\AAA__Workspace\Software\TI_CCS\ccs\tools\compiler\ti-cgt-armllvm_4.0.4.LTS\lib\armv6m-ti-none-eabi\c\</path>
         <kind>archive</kind>
         <file>libc.a</file>
         <name>copy_decompress_none.c.obj</name>
      </input_file>
      <input_file id="fl-3a">
         <path>D:\AAA__Workspace\Software\TI_CCS\ccs\tools\compiler\ti-cgt-armllvm_4.0.4.LTS\lib\armv6m-ti-none-eabi\c\</path>
         <kind>archive</kind>
         <file>libc.a</file>
         <name>copy_decompress_lzss.c.obj</name>
      </input_file>
      <input_file id="fl-3b">
         <path>D:\AAA__Workspace\Software\TI_CCS\ccs\tools\compiler\ti-cgt-armllvm_4.0.4.LTS\lib\armv6m-ti-none-eabi\c\</path>
         <kind>archive</kind>
         <file>libc.a</file>
         <name>exit.c.obj</name>
      </input_file>
      <input_file id="fl-3c">
         <path>D:\AAA__Workspace\Software\TI_CCS\ccs\tools\compiler\ti-cgt-armllvm_4.0.4.LTS\lib\armv6m-ti-none-eabi\c\</path>
         <kind>archive</kind>
         <file>libc.a</file>
         <name>_lock.c.obj</name>
      </input_file>
      <input_file id="fl-3d">
         <path>D:\AAA__Workspace\Software\TI_CCS\ccs\tools\compiler\ti-cgt-armllvm_4.0.4.LTS\lib\armv6m-ti-none-eabi\c\</path>
         <kind>archive</kind>
         <file>libc.a</file>
         <name>args_main.c.obj</name>
      </input_file>
      <input_file id="fl-dd">
         <path>D:\AAA__Workspace\Software\TI_CCS\ccs\tools\compiler\ti-cgt-armllvm_4.0.4.LTS\lib\armv6m-ti-none-eabi\c\</path>
         <kind>archive</kind>
         <file>libsysbm.a</file>
         <name>hostexit.c.obj</name>
      </input_file>
      <input_file id="fl-de">
         <path>D:\AAA__Workspace\Software\TI_CCS\ccs\tools\compiler\ti-cgt-armllvm_4.0.4.LTS\lib\armv6m-ti-none-eabi\</path>
         <kind>archive</kind>
         <file>libclang_rt.builtins.a</file>
         <name>addsf3.S.obj</name>
      </input_file>
      <input_file id="fl-df">
         <path>D:\AAA__Workspace\Software\TI_CCS\ccs\tools\compiler\ti-cgt-armllvm_4.0.4.LTS\lib\armv6m-ti-none-eabi\</path>
         <kind>archive</kind>
         <file>libclang_rt.builtins.a</file>
         <name>mulsf3.S.obj</name>
      </input_file>
      <input_file id="fl-e0">
         <path>D:\AAA__Workspace\Software\TI_CCS\ccs\tools\compiler\ti-cgt-armllvm_4.0.4.LTS\lib\armv6m-ti-none-eabi\</path>
         <kind>archive</kind>
         <file>libclang_rt.builtins.a</file>
         <name>fixsfsi.S.obj</name>
      </input_file>
      <input_file id="fl-e1">
         <path>D:\AAA__Workspace\Software\TI_CCS\ccs\tools\compiler\ti-cgt-armllvm_4.0.4.LTS\lib\armv6m-ti-none-eabi\</path>
         <kind>archive</kind>
         <file>libclang_rt.builtins.a</file>
         <name>floatsisf.S.obj</name>
      </input_file>
      <input_file id="fl-e2">
         <path>D:\AAA__Workspace\Software\TI_CCS\ccs\tools\compiler\ti-cgt-armllvm_4.0.4.LTS\lib\armv6m-ti-none-eabi\</path>
         <kind>archive</kind>
         <file>libclang_rt.builtins.a</file>
         <name>floatunsidf.S.obj</name>
      </input_file>
      <input_file id="fl-e3">
         <path>D:\AAA__Workspace\Software\TI_CCS\ccs\tools\compiler\ti-cgt-armllvm_4.0.4.LTS\lib\armv6m-ti-none-eabi\</path>
         <kind>archive</kind>
         <file>libclang_rt.builtins.a</file>
         <name>aeabi_dcmp.S.obj</name>
      </input_file>
      <input_file id="fl-e4">
         <path>D:\AAA__Workspace\Software\TI_CCS\ccs\tools\compiler\ti-cgt-armllvm_4.0.4.LTS\lib\armv6m-ti-none-eabi\</path>
         <kind>archive</kind>
         <file>libclang_rt.builtins.a</file>
         <name>aeabi_memcpy.S.obj</name>
      </input_file>
      <input_file id="fl-e5">
         <path>D:\AAA__Workspace\Software\TI_CCS\ccs\tools\compiler\ti-cgt-armllvm_4.0.4.LTS\lib\armv6m-ti-none-eabi\</path>
         <kind>archive</kind>
         <file>libclang_rt.builtins.a</file>
         <name>aeabi_memset.S.obj</name>
      </input_file>
      <input_file id="fl-e6">
         <path>D:\AAA__Workspace\Software\TI_CCS\ccs\tools\compiler\ti-cgt-armllvm_4.0.4.LTS\lib\armv6m-ti-none-eabi\</path>
         <kind>archive</kind>
         <file>libclang_rt.builtins.a</file>
         <name>aeabi_uidivmod.S.obj</name>
      </input_file>
      <input_file id="fl-e7">
         <path>D:\AAA__Workspace\Software\TI_CCS\ccs\tools\compiler\ti-cgt-armllvm_4.0.4.LTS\lib\armv6m-ti-none-eabi\</path>
         <kind>archive</kind>
         <file>libclang_rt.builtins.a</file>
         <name>muldsi3.S.obj</name>
      </input_file>
      <input_file id="fl-e8">
         <path>D:\AAA__Workspace\Software\TI_CCS\ccs\tools\compiler\ti-cgt-armllvm_4.0.4.LTS\lib\armv6m-ti-none-eabi\</path>
         <kind>archive</kind>
         <file>libclang_rt.builtins.a</file>
         <name>comparedf2.c.obj</name>
      </input_file>
      <input_file id="fl-e9">
         <path>D:\AAA__Workspace\Software\TI_CCS\ccs\tools\compiler\ti-cgt-armllvm_4.0.4.LTS\lib\armv6m-ti-none-eabi\</path>
         <kind>archive</kind>
         <file>libclang_rt.builtins.a</file>
         <name>aeabi_div0.c.obj</name>
      </input_file>
      <input_file id="fl-ea">
         <path>D:\AAA__Workspace\Software\TI_CCS\ccs\tools\compiler\ti-cgt-armllvm_4.0.4.LTS\lib\armv6m-ti-none-eabi\c\</path>
         <kind>archive</kind>
         <file>libc.a</file>
         <name>memcpy16.S.obj</name>
      </input_file>
      <input_file id="fl-eb">
         <path>D:\AAA__Workspace\Software\TI_CCS\ccs\tools\compiler\ti-cgt-armllvm_4.0.4.LTS\lib\armv6m-ti-none-eabi\c\</path>
         <kind>archive</kind>
         <file>libc.a</file>
         <name>memset16.S.obj</name>
      </input_file>
   </input_file_list>
   <object_component_list>
      <object_component id="oc-18">
         <name>.intvecs</name>
         <load_address>0x0</load_address>
         <readonly>true</readonly>
         <run_address>0x0</run_address>
         <size>0xc0</size>
         <alignment>0x4</alignment>
         <input_file_ref idref="fl-3"/>
      </object_component>
      <object_component id="oc-101">
         <name>.text.SYSCFG_DL_GPIO_init</name>
         <load_address>0xc0</load_address>
         <readonly>true</readonly>
         <executable>true</executable>
         <run_address>0xc0</run_address>
         <size>0x1b8</size>
         <alignment>0x4</alignment>
         <input_file_ref idref="fl-2"/>
      </object_component>
      <object_component id="oc-34">
         <name>.text.GROUP1_IRQHandler</name>
         <load_address>0x278</load_address>
         <readonly>true</readonly>
         <executable>true</executable>
         <run_address>0x278</run_address>
         <size>0x124</size>
         <alignment>0x4</alignment>
         <input_file_ref idref="fl-6"/>
      </object_component>
      <object_component id="oc-d0">
         <name>.text.OLED_ShowChar</name>
         <load_address>0x39c</load_address>
         <readonly>true</readonly>
         <executable>true</executable>
         <run_address>0x39c</run_address>
         <size>0x114</size>
         <alignment>0x4</alignment>
         <input_file_ref idref="fl-b"/>
      </object_component>
      <object_component id="oc-71">
         <name>.text.Set_PWM</name>
         <load_address>0x4b0</load_address>
         <readonly>true</readonly>
         <executable>true</executable>
         <run_address>0x4b0</run_address>
         <size>0x110</size>
         <alignment>0x4</alignment>
         <input_file_ref idref="fl-9"/>
      </object_component>
      <object_component id="oc-15e">
         <name>.text.DL_Timer_initFourCCPWMMode</name>
         <load_address>0x5c0</load_address>
         <readonly>true</readonly>
         <executable>true</executable>
         <run_address>0x5c0</run_address>
         <size>0x104</size>
         <alignment>0x4</alignment>
         <input_file_ref idref="fl-1b"/>
      </object_component>
      <object_component id="oc-166">
         <name>.text.DL_Timer_initTimerMode</name>
         <load_address>0x6c4</load_address>
         <readonly>true</readonly>
         <executable>true</executable>
         <run_address>0x6c4</run_address>
         <size>0xfc</size>
         <alignment>0x4</alignment>
         <input_file_ref idref="fl-1b"/>
      </object_component>
      <object_component id="oc-155">
         <name>.text.SYSCFG_DL_SYSCTL_SYSPLL_init</name>
         <load_address>0x7c0</load_address>
         <readonly>true</readonly>
         <executable>true</executable>
         <run_address>0x7c0</run_address>
         <size>0xec</size>
         <alignment>0x4</alignment>
         <input_file_ref idref="fl-2"/>
      </object_component>
      <object_component id="oc-14f">
         <name>.text.DL_SYSCTL_configSYSPLL</name>
         <load_address>0x8ac</load_address>
         <readonly>true</readonly>
         <executable>true</executable>
         <run_address>0x8ac</run_address>
         <size>0xdc</size>
         <alignment>0x4</alignment>
         <input_file_ref idref="fl-1c"/>
      </object_component>
      <object_component id="oc-c5">
         <name>.text.OLED_Init</name>
         <load_address>0x988</load_address>
         <readonly>true</readonly>
         <executable>true</executable>
         <run_address>0x988</run_address>
         <size>0xdc</size>
         <alignment>0x2</alignment>
         <input_file_ref idref="fl-b"/>
      </object_component>
      <object_component id="oc-d2">
         <name>.text.OLED_ShowNumber</name>
         <load_address>0xa64</load_address>
         <readonly>true</readonly>
         <executable>true</executable>
         <run_address>0xa64</run_address>
         <size>0xdc</size>
         <alignment>0x2</alignment>
         <input_file_ref idref="fl-b"/>
      </object_component>
      <object_component id="oc-9b">
         <name>.text</name>
         <load_address>0xb40</load_address>
         <readonly>true</readonly>
         <executable>true</executable>
         <run_address>0xb40</run_address>
         <size>0xd8</size>
         <alignment>0x4</alignment>
         <input_file_ref idref="fl-de"/>
      </object_component>
      <object_component id="oc-188">
         <name>.text.I2C_ReadByte</name>
         <load_address>0xc18</load_address>
         <readonly>true</readonly>
         <executable>true</executable>
         <run_address>0xc18</run_address>
         <size>0xd0</size>
         <alignment>0x4</alignment>
         <input_file_ref idref="fl-a"/>
      </object_component>
      <object_component id="oc-39">
         <name>.text.TIMG0_IRQHandler</name>
         <load_address>0xce8</load_address>
         <readonly>true</readonly>
         <executable>true</executable>
         <run_address>0xce8</run_address>
         <size>0xcc</size>
         <alignment>0x4</alignment>
         <input_file_ref idref="fl-1"/>
      </object_component>
      <object_component id="oc-88">
         <name>.text.main</name>
         <load_address>0xdb4</load_address>
         <readonly>true</readonly>
         <executable>true</executable>
         <run_address>0xdb4</run_address>
         <size>0xcc</size>
         <alignment>0x4</alignment>
         <input_file_ref idref="fl-1"/>
      </object_component>
      <object_component id="oc-186">
         <name>.text.I2C_WriteByte</name>
         <load_address>0xe80</load_address>
         <readonly>true</readonly>
         <executable>true</executable>
         <run_address>0xe80</run_address>
         <size>0xc8</size>
         <alignment>0x4</alignment>
         <input_file_ref idref="fl-a"/>
      </object_component>
      <object_component id="oc-6a">
         <name>.text.Velocity_A</name>
         <load_address>0xf48</load_address>
         <readonly>true</readonly>
         <executable>true</executable>
         <run_address>0xf48</run_address>
         <size>0xc4</size>
         <alignment>0x4</alignment>
         <input_file_ref idref="fl-9"/>
      </object_component>
      <object_component id="oc-6f">
         <name>.text.Velocity_B</name>
         <load_address>0x100c</load_address>
         <readonly>true</readonly>
         <executable>true</executable>
         <run_address>0x100c</run_address>
         <size>0xc4</size>
         <alignment>0x4</alignment>
         <input_file_ref idref="fl-9"/>
      </object_component>
      <object_component id="oc-118">
         <name>.text.OLED_DrawPoint</name>
         <load_address>0x10d0</load_address>
         <readonly>true</readonly>
         <executable>true</executable>
         <run_address>0x10d0</run_address>
         <size>0x90</size>
         <alignment>0x4</alignment>
         <input_file_ref idref="fl-b"/>
      </object_component>
      <object_component id="oc-17f">
         <name>.text.delay_us</name>
         <load_address>0x1160</load_address>
         <readonly>true</readonly>
         <executable>true</executable>
         <run_address>0x1160</run_address>
         <size>0x90</size>
         <alignment>0x4</alignment>
         <input_file_ref idref="fl-5"/>
      </object_component>
      <object_component id="oc-103">
         <name>.text.SYSCFG_DL_PWM_0_init</name>
         <load_address>0x11f0</load_address>
         <readonly>true</readonly>
         <executable>true</executable>
         <run_address>0x11f0</run_address>
         <size>0x8c</size>
         <alignment>0x4</alignment>
         <input_file_ref idref="fl-2"/>
      </object_component>
      <object_component id="oc-97">
         <name>.text.__mulsf3</name>
         <load_address>0x127c</load_address>
         <readonly>true</readonly>
         <executable>true</executable>
         <run_address>0x127c</run_address>
         <size>0x8c</size>
         <alignment>0x4</alignment>
         <input_file_ref idref="fl-df"/>
      </object_component>
      <object_component id="oc-15b">
         <name>.text.__NVIC_SetPriority</name>
         <load_address>0x1308</load_address>
         <readonly>true</readonly>
         <executable>true</executable>
         <run_address>0x1308</run_address>
         <size>0x84</size>
         <alignment>0x4</alignment>
         <input_file_ref idref="fl-2"/>
      </object_component>
      <object_component id="oc-d3">
         <name>.text.OLED_Refresh_Gram</name>
         <load_address>0x138c</load_address>
         <readonly>true</readonly>
         <executable>true</executable>
         <run_address>0x138c</run_address>
         <size>0x7c</size>
         <alignment>0x4</alignment>
         <input_file_ref idref="fl-b"/>
      </object_component>
      <object_component id="oc-1c">
         <name>.text:decompress:lzss</name>
         <load_address>0x1408</load_address>
         <readonly>true</readonly>
         <executable>true</executable>
         <run_address>0x1408</run_address>
         <size>0x7c</size>
         <alignment>0x4</alignment>
         <input_file_ref idref="fl-3a"/>
      </object_component>
      <object_component id="oc-d1">
         <name>.text.OLED_ShowString</name>
         <load_address>0x1484</load_address>
         <readonly>true</readonly>
         <executable>true</executable>
         <run_address>0x1484</run_address>
         <size>0x7a</size>
         <alignment>0x2</alignment>
         <input_file_ref idref="fl-b"/>
      </object_component>
      <object_component id="oc-189">
         <name>.text.__aeabi_idiv0</name>
         <load_address>0x14fe</load_address>
         <readonly>true</readonly>
         <executable>true</executable>
         <run_address>0x14fe</run_address>
         <size>0x2</size>
         <alignment>0x2</alignment>
         <input_file_ref idref="fl-e9"/>
      </object_component>
      <object_component id="oc-102">
         <name>.text.SYSCFG_DL_SYSCTL_init</name>
         <load_address>0x1500</load_address>
         <readonly>true</readonly>
         <executable>true</executable>
         <run_address>0x1500</run_address>
         <size>0x74</size>
         <alignment>0x4</alignment>
         <input_file_ref idref="fl-2"/>
      </object_component>
      <object_component id="oc-1be">
         <name>.text.__gedf2</name>
         <load_address>0x1574</load_address>
         <readonly>true</readonly>
         <executable>true</executable>
         <run_address>0x1574</run_address>
         <size>0x74</size>
         <alignment>0x4</alignment>
         <input_file_ref idref="fl-e8"/>
      </object_component>
      <object_component id="oc-100">
         <name>.text.SYSCFG_DL_initPower</name>
         <load_address>0x15e8</load_address>
         <readonly>true</readonly>
         <executable>true</executable>
         <run_address>0x15e8</run_address>
         <size>0x68</size>
         <alignment>0x4</alignment>
         <input_file_ref idref="fl-2"/>
      </object_component>
      <object_component id="oc-1b8">
         <name>.text.__ledf2</name>
         <load_address>0x1650</load_address>
         <readonly>true</readonly>
         <executable>true</executable>
         <run_address>0x1650</run_address>
         <size>0x68</size>
         <alignment>0x4</alignment>
         <input_file_ref idref="fl-e8"/>
      </object_component>
      <object_component id="oc-10a">
         <name>.text.OLED_WR_Byte</name>
         <load_address>0x16b8</load_address>
         <readonly>true</readonly>
         <executable>true</executable>
         <run_address>0x16b8</run_address>
         <size>0x64</size>
         <alignment>0x4</alignment>
         <input_file_ref idref="fl-b"/>
      </object_component>
      <object_component id="oc-105">
         <name>.text.SYSCFG_DL_OLED_init</name>
         <load_address>0x171c</load_address>
         <readonly>true</readonly>
         <executable>true</executable>
         <run_address>0x171c</run_address>
         <size>0x64</size>
         <alignment>0x4</alignment>
         <input_file_ref idref="fl-2"/>
      </object_component>
      <object_component id="oc-1a9">
         <name>.text.__aeabi_dcmp</name>
         <load_address>0x1780</load_address>
         <readonly>true</readonly>
         <executable>true</executable>
         <run_address>0x1780</run_address>
         <size>0x62</size>
         <alignment>0x4</alignment>
         <input_file_ref idref="fl-e3"/>
      </object_component>
      <object_component id="oc-83">
         <name>.text.__mpu_init</name>
         <load_address>0x17e2</load_address>
         <readonly>true</readonly>
         <executable>true</executable>
         <run_address>0x17e2</run_address>
         <size>0x2</size>
         <alignment>0x2</alignment>
         <input_file_ref idref="fl-1"/>
      </object_component>
      <object_component id="oc-110">
         <name>.text.OLED_Clear</name>
         <load_address>0x17e4</load_address>
         <readonly>true</readonly>
         <executable>true</executable>
         <run_address>0x17e4</run_address>
         <size>0x60</size>
         <alignment>0x4</alignment>
         <input_file_ref idref="fl-b"/>
      </object_component>
      <object_component id="oc-17d">
         <name>.text.DL_I2C_fillControllerTXFIFO</name>
         <load_address>0x1844</load_address>
         <readonly>true</readonly>
         <executable>true</executable>
         <run_address>0x1844</run_address>
         <size>0x5e</size>
         <alignment>0x2</alignment>
         <input_file_ref idref="fl-1a"/>
      </object_component>
      <object_component id="oc-114">
         <name>.text.MPU_WriteReg</name>
         <load_address>0x18a2</load_address>
         <readonly>true</readonly>
         <executable>true</executable>
         <run_address>0x18a2</run_address>
         <size>0x5c</size>
         <alignment>0x2</alignment>
         <input_file_ref idref="fl-a"/>
      </object_component>
      <object_component id="oc-12b">
         <name>.text._system_post_cinit</name>
         <load_address>0x18fe</load_address>
         <readonly>true</readonly>
         <executable>true</executable>
         <run_address>0x18fe</run_address>
         <size>0x2</size>
         <alignment>0x2</alignment>
         <input_file_ref idref="fl-1"/>
      </object_component>
      <object_component id="oc-140">
         <name>.text.DL_GPIO_initPeripheralInputFunctionFeatures</name>
         <load_address>0x1900</load_address>
         <readonly>true</readonly>
         <executable>true</executable>
         <run_address>0x1900</run_address>
         <size>0x50</size>
         <alignment>0x4</alignment>
         <input_file_ref idref="fl-2"/>
      </object_component>
      <object_component id="oc-17e">
         <name>.text.DL_I2C_startControllerTransfer</name>
         <load_address>0x1950</load_address>
         <readonly>true</readonly>
         <executable>true</executable>
         <run_address>0x1950</run_address>
         <size>0x50</size>
         <alignment>0x4</alignment>
         <input_file_ref idref="fl-b"/>
      </object_component>
      <object_component id="oc-184">
         <name>.text.DL_GPIO_initDigitalInputFeatures</name>
         <load_address>0x19a0</load_address>
         <readonly>true</readonly>
         <executable>true</executable>
         <run_address>0x19a0</run_address>
         <size>0x4c</size>
         <alignment>0x4</alignment>
         <input_file_ref idref="fl-a"/>
      </object_component>
      <object_component id="oc-142">
         <name>.text.DL_GPIO_initDigitalInputFeatures</name>
         <load_address>0x19ec</load_address>
         <readonly>true</readonly>
         <executable>true</executable>
         <run_address>0x19ec</run_address>
         <size>0x4c</size>
         <alignment>0x4</alignment>
         <input_file_ref idref="fl-2"/>
      </object_component>
      <object_component id="oc-185">
         <name>.text.I2C_Start</name>
         <load_address>0x1a38</load_address>
         <readonly>true</readonly>
         <executable>true</executable>
         <run_address>0x1a38</run_address>
         <size>0x48</size>
         <alignment>0x4</alignment>
         <input_file_ref idref="fl-a"/>
      </object_component>
      <object_component id="oc-15a">
         <name>.text.DL_SYSCTL_switchMCLKfromSYSOSCtoHSCLK</name>
         <load_address>0x1a80</load_address>
         <readonly>true</readonly>
         <executable>true</executable>
         <run_address>0x1a80</run_address>
         <size>0x44</size>
         <alignment>0x4</alignment>
         <input_file_ref idref="fl-1c"/>
      </object_component>
      <object_component id="oc-11c">
         <name>.text.__aeabi_uidivmod</name>
         <load_address>0x1ac4</load_address>
         <readonly>true</readonly>
         <executable>true</executable>
         <run_address>0x1ac4</run_address>
         <size>0x40</size>
         <alignment>0x4</alignment>
         <input_file_ref idref="fl-e6"/>
      </object_component>
      <object_component id="oc-ca">
         <name>.text.MPU6050_Init</name>
         <load_address>0x1b04</load_address>
         <readonly>true</readonly>
         <executable>true</executable>
         <run_address>0x1b04</run_address>
         <size>0x3e</size>
         <alignment>0x2</alignment>
         <input_file_ref idref="fl-a"/>
      </object_component>
      <object_component id="oc-117">
         <name>.text.MPU_ReadReg</name>
         <load_address>0x1b42</load_address>
         <readonly>true</readonly>
         <executable>true</executable>
         <run_address>0x1b42</run_address>
         <size>0x3e</size>
         <alignment>0x2</alignment>
         <input_file_ref idref="fl-a"/>
      </object_component>
      <object_component id="oc-15f">
         <name>.text.DL_Timer_setCounterControl</name>
         <load_address>0x1b80</load_address>
         <readonly>true</readonly>
         <executable>true</executable>
         <run_address>0x1b80</run_address>
         <size>0x3c</size>
         <alignment>0x4</alignment>
         <input_file_ref idref="fl-2"/>
      </object_component>
      <object_component id="oc-187">
         <name>.text.I2C_Stop</name>
         <load_address>0x1bbc</load_address>
         <readonly>true</readonly>
         <executable>true</executable>
         <run_address>0x1bbc</run_address>
         <size>0x3c</size>
         <alignment>0x4</alignment>
         <input_file_ref idref="fl-a"/>
      </object_component>
      <object_component id="oc-93">
         <name>.text.__floatsisf</name>
         <load_address>0x1bf8</load_address>
         <readonly>true</readonly>
         <executable>true</executable>
         <run_address>0x1bf8</run_address>
         <size>0x3c</size>
         <alignment>0x4</alignment>
         <input_file_ref idref="fl-e1"/>
      </object_component>
      <object_component id="oc-dd">
         <name>.text:__TI_auto_init_nobinit_nopinit</name>
         <load_address>0x1c34</load_address>
         <readonly>true</readonly>
         <executable>true</executable>
         <run_address>0x1c34</run_address>
         <size>0x3c</size>
         <alignment>0x4</alignment>
         <input_file_ref idref="fl-35"/>
      </object_component>
      <object_component id="oc-f0">
         <name>.text.__muldsi3</name>
         <load_address>0x1c70</load_address>
         <readonly>true</readonly>
         <executable>true</executable>
         <run_address>0x1c70</run_address>
         <size>0x3a</size>
         <alignment>0x4</alignment>
         <input_file_ref idref="fl-e7"/>
      </object_component>
      <object_component id="oc-9f">
         <name>.text.__fixsfsi</name>
         <load_address>0x1cac</load_address>
         <readonly>true</readonly>
         <executable>true</executable>
         <run_address>0x1cac</run_address>
         <size>0x38</size>
         <alignment>0x4</alignment>
         <input_file_ref idref="fl-e0"/>
      </object_component>
      <object_component id="oc-113">
         <name>.text.I2C_Init</name>
         <load_address>0x1ce4</load_address>
         <readonly>true</readonly>
         <executable>true</executable>
         <run_address>0x1ce4</run_address>
         <size>0x34</size>
         <alignment>0x4</alignment>
         <input_file_ref idref="fl-a"/>
      </object_component>
      <object_component id="oc-104">
         <name>.text.SYSCFG_DL_TIMER_0_init</name>
         <load_address>0x1d18</load_address>
         <readonly>true</readonly>
         <executable>true</executable>
         <run_address>0x1d18</run_address>
         <size>0x34</size>
         <alignment>0x4</alignment>
         <input_file_ref idref="fl-2"/>
      </object_component>
      <object_component id="oc-70">
         <name>.text.limit_PWM</name>
         <load_address>0x1d4c</load_address>
         <readonly>true</readonly>
         <executable>true</executable>
         <run_address>0x1d4c</run_address>
         <size>0x34</size>
         <alignment>0x2</alignment>
         <input_file_ref idref="fl-9"/>
      </object_component>
      <object_component id="oc-10b">
         <name>.text.delay_ms</name>
         <load_address>0x1d80</load_address>
         <readonly>true</readonly>
         <executable>true</executable>
         <run_address>0x1d80</run_address>
         <size>0x30</size>
         <alignment>0x4</alignment>
         <input_file_ref idref="fl-5"/>
      </object_component>
      <object_component id="oc-11b">
         <name>.text.oled_pow</name>
         <load_address>0x1db0</load_address>
         <readonly>true</readonly>
         <executable>true</executable>
         <run_address>0x1db0</run_address>
         <size>0x30</size>
         <alignment>0x2</alignment>
         <input_file_ref idref="fl-b"/>
      </object_component>
      <object_component id="oc-bd">
         <name>.text.SYSCFG_DL_init</name>
         <load_address>0x1de0</load_address>
         <readonly>true</readonly>
         <executable>true</executable>
         <run_address>0x1de0</run_address>
         <size>0x2c</size>
         <alignment>0x4</alignment>
         <input_file_ref idref="fl-2"/>
      </object_component>
      <object_component id="oc-c3">
         <name>.text.__NVIC_ClearPendingIRQ</name>
         <load_address>0x1e0c</load_address>
         <readonly>true</readonly>
         <executable>true</executable>
         <run_address>0x1e0c</run_address>
         <size>0x2c</size>
         <alignment>0x4</alignment>
         <input_file_ref idref="fl-1"/>
      </object_component>
      <object_component id="oc-c4">
         <name>.text.__NVIC_EnableIRQ</name>
         <load_address>0x1e38</load_address>
         <readonly>true</readonly>
         <executable>true</executable>
         <run_address>0x1e38</run_address>
         <size>0x2c</size>
         <alignment>0x4</alignment>
         <input_file_ref idref="fl-1"/>
      </object_component>
      <object_component id="oc-1af">
         <name>.text.DL_Common_updateReg</name>
         <load_address>0x1e64</load_address>
         <readonly>true</readonly>
         <executable>true</executable>
         <run_address>0x1e64</run_address>
         <size>0x28</size>
         <alignment>0x2</alignment>
         <input_file_ref idref="fl-b"/>
      </object_component>
      <object_component id="oc-19d">
         <name>.text.DL_Common_updateReg</name>
         <load_address>0x1e8c</load_address>
         <readonly>true</readonly>
         <executable>true</executable>
         <run_address>0x1e8c</run_address>
         <size>0x28</size>
         <alignment>0x2</alignment>
         <input_file_ref idref="fl-2"/>
      </object_component>
      <object_component id="oc-176">
         <name>.text.DL_I2C_setControllerRXFIFOThreshold</name>
         <load_address>0x1eb4</load_address>
         <readonly>true</readonly>
         <executable>true</executable>
         <run_address>0x1eb4</run_address>
         <size>0x28</size>
         <alignment>0x4</alignment>
         <input_file_ref idref="fl-2"/>
      </object_component>
      <object_component id="oc-175">
         <name>.text.DL_I2C_setControllerTXFIFOThreshold</name>
         <load_address>0x1edc</load_address>
         <readonly>true</readonly>
         <executable>true</executable>
         <run_address>0x1edc</run_address>
         <size>0x28</size>
         <alignment>0x4</alignment>
         <input_file_ref idref="fl-2"/>
      </object_component>
      <object_component id="oc-17a">
         <name>.text.DL_SYSTICK_init</name>
         <load_address>0x1f04</load_address>
         <readonly>true</readonly>
         <executable>true</executable>
         <run_address>0x1f04</run_address>
         <size>0x28</size>
         <alignment>0x4</alignment>
         <input_file_ref idref="fl-2"/>
      </object_component>
      <object_component id="oc-59">
         <name>.text:_c_int00_noargs</name>
         <load_address>0x1f2c</load_address>
         <readonly>true</readonly>
         <executable>true</executable>
         <run_address>0x1f2c</run_address>
         <size>0x28</size>
         <alignment>0x4</alignment>
         <input_file_ref idref="fl-33"/>
      </object_component>
      <object_component id="oc-170">
         <name>.text.DL_I2C_setAnalogGlitchFilterPulseWidth</name>
         <load_address>0x1f54</load_address>
         <readonly>true</readonly>
         <executable>true</executable>
         <run_address>0x1f54</run_address>
         <size>0x26</size>
         <alignment>0x2</alignment>
         <input_file_ref idref="fl-2"/>
      </object_component>
      <object_component id="oc-16a">
         <name>.text.DL_I2C_setClockConfig</name>
         <load_address>0x1f7a</load_address>
         <readonly>true</readonly>
         <executable>true</executable>
         <run_address>0x1f7a</run_address>
         <size>0x26</size>
         <alignment>0x2</alignment>
         <input_file_ref idref="fl-1a"/>
      </object_component>
      <object_component id="oc-172">
         <name>.text.DL_I2C_setDigitalGlitchFilterPulseWidth</name>
         <load_address>0x1fa0</load_address>
         <readonly>true</readonly>
         <executable>true</executable>
         <run_address>0x1fa0</run_address>
         <size>0x24</size>
         <alignment>0x2</alignment>
         <input_file_ref idref="fl-2"/>
      </object_component>
      <object_component id="oc-1a5">
         <name>.text.__floatunsidf</name>
         <load_address>0x1fc4</load_address>
         <readonly>true</readonly>
         <executable>true</executable>
         <run_address>0x1fc4</run_address>
         <size>0x24</size>
         <alignment>0x4</alignment>
         <input_file_ref idref="fl-e2"/>
      </object_component>
      <object_component id="oc-14b">
         <name>.text.DL_SYSCTL_setFlashWaitState</name>
         <load_address>0x1fe8</load_address>
         <readonly>true</readonly>
         <executable>true</executable>
         <run_address>0x1fe8</run_address>
         <size>0x20</size>
         <alignment>0x4</alignment>
         <input_file_ref idref="fl-2"/>
      </object_component>
      <object_component id="oc-62">
         <name>.text.DL_GPIO_clearInterruptStatus</name>
         <load_address>0x2008</load_address>
         <readonly>true</readonly>
         <executable>true</executable>
         <run_address>0x2008</run_address>
         <size>0x1c</size>
         <alignment>0x4</alignment>
         <input_file_ref idref="fl-6"/>
      </object_component>
      <object_component id="oc-148">
         <name>.text.DL_GPIO_clearInterruptStatus</name>
         <load_address>0x2024</load_address>
         <readonly>true</readonly>
         <executable>true</executable>
         <run_address>0x2024</run_address>
         <size>0x1c</size>
         <alignment>0x4</alignment>
         <input_file_ref idref="fl-2"/>
      </object_component>
      <object_component id="oc-141">
         <name>.text.DL_GPIO_enableHiZ</name>
         <load_address>0x2040</load_address>
         <readonly>true</readonly>
         <executable>true</executable>
         <run_address>0x2040</run_address>
         <size>0x1c</size>
         <alignment>0x4</alignment>
         <input_file_ref idref="fl-2"/>
      </object_component>
      <object_component id="oc-149">
         <name>.text.DL_GPIO_enableInterrupt</name>
         <load_address>0x205c</load_address>
         <readonly>true</readonly>
         <executable>true</executable>
         <run_address>0x205c</run_address>
         <size>0x1c</size>
         <alignment>0x4</alignment>
         <input_file_ref idref="fl-2"/>
      </object_component>
      <object_component id="oc-13e">
         <name>.text.DL_GPIO_initPeripheralOutputFunction</name>
         <load_address>0x2078</load_address>
         <readonly>true</readonly>
         <executable>true</executable>
         <run_address>0x2078</run_address>
         <size>0x1c</size>
         <alignment>0x4</alignment>
         <input_file_ref idref="fl-2"/>
      </object_component>
      <object_component id="oc-146">
         <name>.text.DL_GPIO_setLowerPinsPolarity</name>
         <load_address>0x2094</load_address>
         <readonly>true</readonly>
         <executable>true</executable>
         <run_address>0x2094</run_address>
         <size>0x1c</size>
         <alignment>0x4</alignment>
         <input_file_ref idref="fl-2"/>
      </object_component>
      <object_component id="oc-1a1">
         <name>.text.DL_SYSCTL_configFCC</name>
         <load_address>0x20b0</load_address>
         <readonly>true</readonly>
         <executable>true</executable>
         <run_address>0x20b0</run_address>
         <size>0x1c</size>
         <alignment>0x4</alignment>
         <input_file_ref idref="fl-1c"/>
      </object_component>
      <object_component id="oc-1a0">
         <name>.text.DL_SYSCTL_setFCCPeriods</name>
         <load_address>0x20cc</load_address>
         <readonly>true</readonly>
         <executable>true</executable>
         <run_address>0x20cc</run_address>
         <size>0x1c</size>
         <alignment>0x4</alignment>
         <input_file_ref idref="fl-2"/>
      </object_component>
      <object_component id="oc-14c">
         <name>.text.DL_SYSCTL_setSYSOSCFreq</name>
         <load_address>0x20e8</load_address>
         <readonly>true</readonly>
         <executable>true</executable>
         <run_address>0x20e8</run_address>
         <size>0x1c</size>
         <alignment>0x4</alignment>
         <input_file_ref idref="fl-2"/>
      </object_component>
      <object_component id="oc-158">
         <name>.text.DL_SYSCTL_setULPCLKDivider</name>
         <load_address>0x2104</load_address>
         <readonly>true</readonly>
         <executable>true</executable>
         <run_address>0x2104</run_address>
         <size>0x1c</size>
         <alignment>0x4</alignment>
         <input_file_ref idref="fl-2"/>
      </object_component>
      <object_component id="oc-167">
         <name>.text.DL_Timer_enableInterrupt</name>
         <load_address>0x2120</load_address>
         <readonly>true</readonly>
         <executable>true</executable>
         <run_address>0x2120</run_address>
         <size>0x1c</size>
         <alignment>0x4</alignment>
         <input_file_ref idref="fl-2"/>
      </object_component>
      <object_component id="oc-161">
         <name>.text.DL_Timer_setCaptCompUpdateMethod</name>
         <load_address>0x213c</load_address>
         <readonly>true</readonly>
         <executable>true</executable>
         <run_address>0x213c</run_address>
         <size>0x1c</size>
         <alignment>0x4</alignment>
         <input_file_ref idref="fl-1b"/>
      </object_component>
      <object_component id="oc-15d">
         <name>.text.DL_Timer_setClockConfig</name>
         <load_address>0x2158</load_address>
         <readonly>true</readonly>
         <executable>true</executable>
         <run_address>0x2158</run_address>
         <size>0x1c</size>
         <alignment>0x4</alignment>
         <input_file_ref idref="fl-1b"/>
      </object_component>
      <object_component id="oc-13f">
         <name>.text.DL_GPIO_enableOutput</name>
         <load_address>0x2174</load_address>
         <readonly>true</readonly>
         <executable>true</executable>
         <run_address>0x2174</run_address>
         <size>0x18</size>
         <alignment>0x4</alignment>
         <input_file_ref idref="fl-2"/>
      </object_component>
      <object_component id="oc-137">
         <name>.text.DL_GPIO_enablePower</name>
         <load_address>0x218c</load_address>
         <readonly>true</readonly>
         <executable>true</executable>
         <run_address>0x218c</run_address>
         <size>0x18</size>
         <alignment>0x4</alignment>
         <input_file_ref idref="fl-2"/>
      </object_component>
      <object_component id="oc-60">
         <name>.text.DL_GPIO_getEnabledInterruptStatus</name>
         <load_address>0x21a4</load_address>
         <readonly>true</readonly>
         <executable>true</executable>
         <run_address>0x21a4</run_address>
         <size>0x18</size>
         <alignment>0x4</alignment>
         <input_file_ref idref="fl-6"/>
      </object_component>
      <object_component id="oc-182">
         <name>.text.DL_GPIO_initDigitalOutput</name>
         <load_address>0x21bc</load_address>
         <readonly>true</readonly>
         <executable>true</executable>
         <run_address>0x21bc</run_address>
         <size>0x18</size>
         <alignment>0x4</alignment>
         <input_file_ref idref="fl-a"/>
      </object_component>
      <object_component id="oc-143">
         <name>.text.DL_GPIO_initDigitalOutput</name>
         <load_address>0x21d4</load_address>
         <readonly>true</readonly>
         <executable>true</executable>
         <run_address>0x21d4</run_address>
         <size>0x18</size>
         <alignment>0x4</alignment>
         <input_file_ref idref="fl-2"/>
      </object_component>
      <object_component id="oc-134">
         <name>.text.DL_GPIO_reset</name>
         <load_address>0x21ec</load_address>
         <readonly>true</readonly>
         <executable>true</executable>
         <run_address>0x21ec</run_address>
         <size>0x18</size>
         <alignment>0x4</alignment>
         <input_file_ref idref="fl-2"/>
      </object_component>
      <object_component id="oc-ab">
         <name>.text.DL_GPIO_setPins</name>
         <load_address>0x2204</load_address>
         <readonly>true</readonly>
         <executable>true</executable>
         <run_address>0x2204</run_address>
         <size>0x18</size>
         <alignment>0x4</alignment>
         <input_file_ref idref="fl-9"/>
      </object_component>
      <object_component id="oc-183">
         <name>.text.DL_GPIO_setPins</name>
         <load_address>0x221c</load_address>
         <readonly>true</readonly>
         <executable>true</executable>
         <run_address>0x221c</run_address>
         <size>0x18</size>
         <alignment>0x4</alignment>
         <input_file_ref idref="fl-a"/>
      </object_component>
      <object_component id="oc-145">
         <name>.text.DL_GPIO_setPins</name>
         <load_address>0x2234</load_address>
         <readonly>true</readonly>
         <executable>true</executable>
         <run_address>0x2234</run_address>
         <size>0x18</size>
         <alignment>0x4</alignment>
         <input_file_ref idref="fl-2"/>
      </object_component>
      <object_component id="oc-147">
         <name>.text.DL_GPIO_setUpperPinsPolarity</name>
         <load_address>0x224c</load_address>
         <readonly>true</readonly>
         <executable>true</executable>
         <run_address>0x224c</run_address>
         <size>0x18</size>
         <alignment>0x2</alignment>
         <input_file_ref idref="fl-2"/>
      </object_component>
      <object_component id="oc-171">
         <name>.text.DL_I2C_enableAnalogGlitchFilter</name>
         <load_address>0x2264</load_address>
         <readonly>true</readonly>
         <executable>true</executable>
         <run_address>0x2264</run_address>
         <size>0x18</size>
         <alignment>0x2</alignment>
         <input_file_ref idref="fl-2"/>
      </object_component>
      <object_component id="oc-178">
         <name>.text.DL_I2C_enableController</name>
         <load_address>0x227c</load_address>
         <readonly>true</readonly>
         <executable>true</executable>
         <run_address>0x227c</run_address>
         <size>0x18</size>
         <alignment>0x4</alignment>
         <input_file_ref idref="fl-2"/>
      </object_component>
      <object_component id="oc-177">
         <name>.text.DL_I2C_enableControllerClockStretching</name>
         <load_address>0x2294</load_address>
         <readonly>true</readonly>
         <executable>true</executable>
         <run_address>0x2294</run_address>
         <size>0x18</size>
         <alignment>0x4</alignment>
         <input_file_ref idref="fl-2"/>
      </object_component>
      <object_component id="oc-139">
         <name>.text.DL_I2C_enablePower</name>
         <load_address>0x22ac</load_address>
         <readonly>true</readonly>
         <executable>true</executable>
         <run_address>0x22ac</run_address>
         <size>0x18</size>
         <alignment>0x4</alignment>
         <input_file_ref idref="fl-2"/>
      </object_component>
      <object_component id="oc-136">
         <name>.text.DL_I2C_reset</name>
         <load_address>0x22c4</load_address>
         <readonly>true</readonly>
         <executable>true</executable>
         <run_address>0x22c4</run_address>
         <size>0x18</size>
         <alignment>0x4</alignment>
         <input_file_ref idref="fl-2"/>
      </object_component>
      <object_component id="oc-174">
         <name>.text.DL_I2C_setTimerPeriod</name>
         <load_address>0x22dc</load_address>
         <readonly>true</readonly>
         <executable>true</executable>
         <run_address>0x22dc</run_address>
         <size>0x18</size>
         <alignment>0x4</alignment>
         <input_file_ref idref="fl-2"/>
      </object_component>
      <object_component id="oc-14a">
         <name>.text.DL_SYSCTL_setBORThreshold</name>
         <load_address>0x22f4</load_address>
         <readonly>true</readonly>
         <executable>true</executable>
         <run_address>0x22f4</run_address>
         <size>0x18</size>
         <alignment>0x4</alignment>
         <input_file_ref idref="fl-2"/>
      </object_component>
      <object_component id="oc-138">
         <name>.text.DL_Timer_enablePower</name>
         <load_address>0x230c</load_address>
         <readonly>true</readonly>
         <executable>true</executable>
         <run_address>0x230c</run_address>
         <size>0x18</size>
         <alignment>0x4</alignment>
         <input_file_ref idref="fl-2"/>
      </object_component>
      <object_component id="oc-135">
         <name>.text.DL_Timer_reset</name>
         <load_address>0x2324</load_address>
         <readonly>true</readonly>
         <executable>true</executable>
         <run_address>0x2324</run_address>
         <size>0x18</size>
         <alignment>0x4</alignment>
         <input_file_ref idref="fl-2"/>
      </object_component>
      <object_component id="oc-160">
         <name>.text.DL_Timer_setCaptureCompareOutCtl</name>
         <load_address>0x233c</load_address>
         <readonly>true</readonly>
         <executable>true</executable>
         <run_address>0x233c</run_address>
         <size>0x18</size>
         <alignment>0x4</alignment>
         <input_file_ref idref="fl-1b"/>
      </object_component>
      <object_component id="oc-c2">
         <name>.text.DL_Timer_startCounter</name>
         <load_address>0x2354</load_address>
         <readonly>true</readonly>
         <executable>true</executable>
         <run_address>0x2354</run_address>
         <size>0x18</size>
         <alignment>0x4</alignment>
         <input_file_ref idref="fl-1"/>
      </object_component>
      <object_component id="oc-61">
         <name>.text.DL_GPIO_readPins</name>
         <load_address>0x236c</load_address>
         <readonly>true</readonly>
         <executable>true</executable>
         <run_address>0x236c</run_address>
         <size>0x16</size>
         <alignment>0x2</alignment>
         <input_file_ref idref="fl-6"/>
      </object_component>
      <object_component id="oc-1b3">
         <name>.text.DL_GPIO_readPins</name>
         <load_address>0x2382</load_address>
         <readonly>true</readonly>
         <executable>true</executable>
         <run_address>0x2382</run_address>
         <size>0x16</size>
         <alignment>0x2</alignment>
         <input_file_ref idref="fl-a"/>
      </object_component>
      <object_component id="oc-ac">
         <name>.text.DL_GPIO_clearPins</name>
         <load_address>0x2398</load_address>
         <readonly>true</readonly>
         <executable>true</executable>
         <run_address>0x2398</run_address>
         <size>0x14</size>
         <alignment>0x2</alignment>
         <input_file_ref idref="fl-9"/>
      </object_component>
      <object_component id="oc-1b2">
         <name>.text.DL_GPIO_clearPins</name>
         <load_address>0x23ac</load_address>
         <readonly>true</readonly>
         <executable>true</executable>
         <run_address>0x23ac</run_address>
         <size>0x14</size>
         <alignment>0x2</alignment>
         <input_file_ref idref="fl-a"/>
      </object_component>
      <object_component id="oc-144">
         <name>.text.DL_GPIO_clearPins</name>
         <load_address>0x23c0</load_address>
         <readonly>true</readonly>
         <executable>true</executable>
         <run_address>0x23c0</run_address>
         <size>0x14</size>
         <alignment>0x2</alignment>
         <input_file_ref idref="fl-2"/>
      </object_component>
      <object_component id="oc-17c">
         <name>.text.DL_I2C_getControllerStatus</name>
         <load_address>0x23d4</load_address>
         <readonly>true</readonly>
         <executable>true</executable>
         <run_address>0x23d4</run_address>
         <size>0x14</size>
         <alignment>0x4</alignment>
         <input_file_ref idref="fl-b"/>
      </object_component>
      <object_component id="oc-173">
         <name>.text.DL_I2C_resetControllerTransfer</name>
         <load_address>0x23e8</load_address>
         <readonly>true</readonly>
         <executable>true</executable>
         <run_address>0x23e8</run_address>
         <size>0x14</size>
         <alignment>0x4</alignment>
         <input_file_ref idref="fl-2"/>
      </object_component>
      <object_component id="oc-14e">
         <name>.text.DL_SYSCTL_disableSYSPLL</name>
         <load_address>0x23fc</load_address>
         <readonly>true</readonly>
         <executable>true</executable>
         <run_address>0x23fc</run_address>
         <size>0x14</size>
         <alignment>0x4</alignment>
         <input_file_ref idref="fl-2"/>
      </object_component>
      <object_component id="oc-159">
         <name>.text.DL_SYSCTL_enableMFCLK</name>
         <load_address>0x2410</load_address>
         <readonly>true</readonly>
         <executable>true</executable>
         <run_address>0x2410</run_address>
         <size>0x14</size>
         <alignment>0x4</alignment>
         <input_file_ref idref="fl-2"/>
      </object_component>
      <object_component id="oc-156">
         <name>.text.DL_SYSCTL_enableSYSPLL</name>
         <load_address>0x2424</load_address>
         <readonly>true</readonly>
         <executable>true</executable>
         <run_address>0x2424</run_address>
         <size>0x14</size>
         <alignment>0x4</alignment>
         <input_file_ref idref="fl-2"/>
      </object_component>
      <object_component id="oc-162">
         <name>.text.DL_Timer_enableClock</name>
         <load_address>0x2438</load_address>
         <readonly>true</readonly>
         <executable>true</executable>
         <run_address>0x2438</run_address>
         <size>0x14</size>
         <alignment>0x4</alignment>
         <input_file_ref idref="fl-2"/>
      </object_component>
      <object_component id="oc-163">
         <name>.text.DL_Timer_setCCPDirection</name>
         <load_address>0x244c</load_address>
         <readonly>true</readonly>
         <executable>true</executable>
         <run_address>0x244c</run_address>
         <size>0x14</size>
         <alignment>0x2</alignment>
         <input_file_ref idref="fl-2"/>
      </object_component>
      <object_component id="oc-69">
         <name>.text.DL_Timer_getPendingInterrupt</name>
         <load_address>0x2460</load_address>
         <readonly>true</readonly>
         <executable>true</executable>
         <run_address>0x2460</run_address>
         <size>0x12</size>
         <alignment>0x2</alignment>
         <input_file_ref idref="fl-1"/>
      </object_component>
      <object_component id="oc-b3">
         <name>.text:TI_memcpy_small</name>
         <load_address>0x2472</load_address>
         <readonly>true</readonly>
         <executable>true</executable>
         <run_address>0x2472</run_address>
         <size>0x12</size>
         <alignment>0x1</alignment>
         <input_file_ref idref="fl-ea"/>
      </object_component>
      <object_component id="oc-20">
         <name>.text:decompress:none</name>
         <load_address>0x2484</load_address>
         <readonly>true</readonly>
         <executable>true</executable>
         <run_address>0x2484</run_address>
         <size>0x12</size>
         <alignment>0x2</alignment>
         <input_file_ref idref="fl-39"/>
      </object_component>
      <object_component id="oc-14d">
         <name>.text.DL_SYSCTL_disableHFXT</name>
         <load_address>0x2498</load_address>
         <readonly>true</readonly>
         <executable>true</executable>
         <run_address>0x2498</run_address>
         <size>0x10</size>
         <alignment>0x4</alignment>
         <input_file_ref idref="fl-2"/>
      </object_component>
      <object_component id="oc-1a3">
         <name>.text.DL_SYSCTL_isFCCDone</name>
         <load_address>0x24a8</load_address>
         <readonly>true</readonly>
         <executable>true</executable>
         <run_address>0x24a8</run_address>
         <size>0x10</size>
         <alignment>0x2</alignment>
         <input_file_ref idref="fl-2"/>
      </object_component>
      <object_component id="oc-1a2">
         <name>.text.DL_SYSCTL_startFCC</name>
         <load_address>0x24b8</load_address>
         <readonly>true</readonly>
         <executable>true</executable>
         <run_address>0x24b8</run_address>
         <size>0x10</size>
         <alignment>0x4</alignment>
         <input_file_ref idref="fl-2"/>
      </object_component>
      <object_component id="oc-17b">
         <name>.text.DL_SYSTICK_enable</name>
         <load_address>0x24c8</load_address>
         <readonly>true</readonly>
         <executable>true</executable>
         <run_address>0x24c8</run_address>
         <size>0x10</size>
         <alignment>0x4</alignment>
         <input_file_ref idref="fl-2"/>
      </object_component>
      <object_component id="oc-ad">
         <name>.text.DL_Timer_setCaptureCompareValue</name>
         <load_address>0x24d8</load_address>
         <readonly>true</readonly>
         <executable>true</executable>
         <run_address>0x24d8</run_address>
         <size>0x10</size>
         <alignment>0x4</alignment>
         <input_file_ref idref="fl-1b"/>
      </object_component>
      <object_component id="oc-106">
         <name>.text.SYSCFG_DL_SYSTICK_init</name>
         <load_address>0x24e8</load_address>
         <readonly>true</readonly>
         <executable>true</executable>
         <run_address>0x24e8</run_address>
         <size>0x10</size>
         <alignment>0x2</alignment>
         <input_file_ref idref="fl-2"/>
      </object_component>
      <object_component id="oc-56">
         <name>.text:decompress:ZI</name>
         <load_address>0x24f8</load_address>
         <readonly>true</readonly>
         <executable>true</executable>
         <run_address>0x24f8</run_address>
         <size>0x10</size>
         <alignment>0x2</alignment>
         <input_file_ref idref="fl-38"/>
      </object_component>
      <object_component id="oc-fa">
         <name>.text:TI_memset_small</name>
         <load_address>0x2508</load_address>
         <readonly>true</readonly>
         <executable>true</executable>
         <run_address>0x2508</run_address>
         <size>0xe</size>
         <alignment>0x1</alignment>
         <input_file_ref idref="fl-eb"/>
      </object_component>
      <object_component id="oc-157">
         <name>.text.DL_SYSCTL_getClockStatus</name>
         <load_address>0x2518</load_address>
         <readonly>true</readonly>
         <executable>true</executable>
         <run_address>0x2518</run_address>
         <size>0xc</size>
         <alignment>0x4</alignment>
         <input_file_ref idref="fl-2"/>
      </object_component>
      <object_component id="oc-1a4">
         <name>.text.DL_SYSCTL_readFCC</name>
         <load_address>0x2524</load_address>
         <readonly>true</readonly>
         <executable>true</executable>
         <run_address>0x2524</run_address>
         <size>0xc</size>
         <alignment>0x4</alignment>
         <input_file_ref idref="fl-2"/>
      </object_component>
      <object_component id="oc-1b0">
         <name>.text.Systick_getTick</name>
         <load_address>0x2530</load_address>
         <readonly>true</readonly>
         <executable>true</executable>
         <run_address>0x2530</run_address>
         <size>0xc</size>
         <alignment>0x4</alignment>
         <input_file_ref idref="fl-5"/>
      </object_component>
      <object_component id="oc-7e">
         <name>.text.__aeabi_memclr</name>
         <load_address>0x253c</load_address>
         <readonly>true</readonly>
         <executable>true</executable>
         <run_address>0x253c</run_address>
         <size>0xc</size>
         <alignment>0x4</alignment>
         <input_file_ref idref="fl-e5"/>
      </object_component>
      <object_component id="oc-13a">
         <name>.text.DL_Common_delayCycles</name>
         <load_address>0x2548</load_address>
         <readonly>true</readonly>
         <executable>true</executable>
         <run_address>0x2548</run_address>
         <size>0xa</size>
         <alignment>0x2</alignment>
         <input_file_ref idref="fl-19"/>
      </object_component>
      <object_component id="oc-cf">
         <name>.text.MPU6050_GetID</name>
         <load_address>0x2552</load_address>
         <readonly>true</readonly>
         <executable>true</executable>
         <run_address>0x2552</run_address>
         <size>0xa</size>
         <alignment>0x2</alignment>
         <input_file_ref idref="fl-a"/>
      </object_component>
      <object_component id="oc-1b1">
         <name>.text.i2c_delay</name>
         <load_address>0x255c</load_address>
         <readonly>true</readonly>
         <executable>true</executable>
         <run_address>0x255c</run_address>
         <size>0xa</size>
         <alignment>0x2</alignment>
         <input_file_ref idref="fl-a"/>
      </object_component>
      <object_component id="oc-49">
         <name>.text.__aeabi_memcpy</name>
         <load_address>0x2568</load_address>
         <readonly>true</readonly>
         <executable>true</executable>
         <run_address>0x2568</run_address>
         <size>0x8</size>
         <alignment>0x4</alignment>
         <input_file_ref idref="fl-e4"/>
      </object_component>
      <object_component id="oc-d6">
         <name>.text:abort</name>
         <load_address>0x2570</load_address>
         <readonly>true</readonly>
         <executable>true</executable>
         <run_address>0x2570</run_address>
         <size>0x6</size>
         <alignment>0x2</alignment>
         <input_file_ref idref="fl-3b"/>
      </object_component>
      <object_component id="oc-33">
         <name>.text.Default_Handler</name>
         <load_address>0x2576</load_address>
         <readonly>true</readonly>
         <executable>true</executable>
         <run_address>0x2576</run_address>
         <size>0x4</size>
         <alignment>0x2</alignment>
         <input_file_ref idref="fl-3"/>
      </object_component>
      <object_component id="oc-121">
         <name>.text.HOSTexit</name>
         <load_address>0x257a</load_address>
         <readonly>true</readonly>
         <executable>true</executable>
         <run_address>0x257a</run_address>
         <size>0x4</size>
         <alignment>0x2</alignment>
         <input_file_ref idref="fl-dd"/>
      </object_component>
      <object_component id="oc-2f">
         <name>.text.Reset_Handler</name>
         <load_address>0x257e</load_address>
         <readonly>true</readonly>
         <executable>true</executable>
         <run_address>0x257e</run_address>
         <size>0x4</size>
         <alignment>0x2</alignment>
         <input_file_ref idref="fl-3"/>
      </object_component>
      <object_component id="oc-84">
         <name>.text._system_pre_init</name>
         <load_address>0x2582</load_address>
         <readonly>true</readonly>
         <executable>true</executable>
         <run_address>0x2582</run_address>
         <size>0x4</size>
         <alignment>0x2</alignment>
         <input_file_ref idref="fl-36"/>
      </object_component>
      <object_component id="oc-203">
         <name>.cinit..data.load</name>
         <load_address>0x3040</load_address>
         <readonly>true</readonly>
         <run_address>0x3040</run_address>
         <size>0x13</size>
         <alignment>0x1</alignment>
      </object_component>
      <object_component id="oc-201">
         <name>__TI_handler_table</name>
         <load_address>0x3054</load_address>
         <readonly>true</readonly>
         <run_address>0x3054</run_address>
         <size>0xc</size>
         <alignment>0x4</alignment>
      </object_component>
      <object_component id="oc-204">
         <name>.cinit..bss.load</name>
         <load_address>0x3060</load_address>
         <readonly>true</readonly>
         <run_address>0x3060</run_address>
         <size>0x8</size>
         <alignment>0x4</alignment>
      </object_component>
      <object_component id="oc-202">
         <name>__TI_cinit_table</name>
         <load_address>0x3068</load_address>
         <readonly>true</readonly>
         <run_address>0x3068</run_address>
         <size>0x10</size>
         <alignment>0x4</alignment>
      </object_component>
      <object_component id="oc-119">
         <name>.rodata.oled_asc2_1608</name>
         <load_address>0x2588</load_address>
         <readonly>true</readonly>
         <run_address>0x2588</run_address>
         <size>0x5f0</size>
         <alignment>0x1</alignment>
         <input_file_ref idref="fl-b"/>
      </object_component>
      <object_component id="oc-11a">
         <name>.rodata.oled_asc2_1206</name>
         <load_address>0x2b78</load_address>
         <readonly>true</readonly>
         <run_address>0x2b78</run_address>
         <size>0x474</size>
         <alignment>0x1</alignment>
         <input_file_ref idref="fl-b"/>
      </object_component>
      <object_component id="oc-15c">
         <name>.rodata.gSYSPLLConfig</name>
         <load_address>0x2fec</load_address>
         <readonly>true</readonly>
         <run_address>0x2fec</run_address>
         <size>0x28</size>
         <alignment>0x4</alignment>
         <input_file_ref idref="fl-2"/>
      </object_component>
      <object_component id="oc-169">
         <name>.rodata.gTIMER_0TimerConfig</name>
         <load_address>0x3014</load_address>
         <readonly>true</readonly>
         <run_address>0x3014</run_address>
         <size>0x14</size>
         <alignment>0x4</alignment>
         <input_file_ref idref="fl-2"/>
      </object_component>
      <object_component id="oc-165">
         <name>.rodata.gPWM_0Config</name>
         <load_address>0x3028</load_address>
         <readonly>true</readonly>
         <run_address>0x3028</run_address>
         <size>0x8</size>
         <alignment>0x4</alignment>
         <input_file_ref idref="fl-2"/>
      </object_component>
      <object_component id="oc-d5">
         <name>.rodata.str1.9517790425240694019.1</name>
         <load_address>0x3030</load_address>
         <readonly>true</readonly>
         <run_address>0x3030</run_address>
         <size>0x4</size>
         <alignment>0x1</alignment>
         <input_file_ref idref="fl-1"/>
      </object_component>
      <object_component id="oc-164">
         <name>.rodata.gPWM_0ClockConfig</name>
         <load_address>0x3034</load_address>
         <readonly>true</readonly>
         <run_address>0x3034</run_address>
         <size>0x3</size>
         <alignment>0x1</alignment>
         <input_file_ref idref="fl-2"/>
      </object_component>
      <object_component id="oc-168">
         <name>.rodata.gTIMER_0ClockConfig</name>
         <load_address>0x3037</load_address>
         <readonly>true</readonly>
         <run_address>0x3037</run_address>
         <size>0x3</size>
         <alignment>0x1</alignment>
         <input_file_ref idref="fl-2"/>
      </object_component>
      <object_component id="oc-179">
         <name>.rodata.gOLEDClockConfig</name>
         <load_address>0x303a</load_address>
         <readonly>true</readonly>
         <run_address>0x303a</run_address>
         <size>0x2</size>
         <alignment>0x1</alignment>
         <input_file_ref idref="fl-2"/>
      </object_component>
      <object_component id="oc-1cb">
         <name>.binit</name>
         <load_address>0x0</load_address>
         <readonly>true</readonly>
         <run_address>0x0</run_address>
         <size>0x0</size>
         <alignment>0x4</alignment>
      </object_component>
      <object_component id="oc-74">
         <name>.data.Flag_Stop</name>
         <load_address>0x202004f0</load_address>
         <readwrite>true</readwrite>
         <run_address>0x202004f0</run_address>
         <size>0x4</size>
         <alignment>0x4</alignment>
         <input_file_ref idref="fl-1"/>
      </object_component>
      <object_component id="oc-75">
         <name>.data.target_speed</name>
         <load_address>0x202004fc</load_address>
         <readwrite>true</readwrite>
         <run_address>0x202004fc</run_address>
         <size>0x4</size>
         <alignment>0x4</alignment>
         <input_file_ref idref="fl-1"/>
      </object_component>
      <object_component id="oc-a5">
         <name>.data.Velcity_Kp</name>
         <load_address>0x202004f8</load_address>
         <readwrite>true</readwrite>
         <run_address>0x202004f8</run_address>
         <size>0x4</size>
         <alignment>0x4</alignment>
         <input_file_ref idref="fl-9"/>
      </object_component>
      <object_component id="oc-a3">
         <name>.data.Velcity_Ki</name>
         <load_address>0x202004f4</load_address>
         <readwrite>true</readwrite>
         <run_address>0x202004f4</run_address>
         <size>0x4</size>
         <alignment>0x4</alignment>
         <input_file_ref idref="fl-9"/>
      </object_component>
      <object_component id="oc-a6">
         <name>.bss.Velocity_A.ControlVelocityA</name>
         <uninitialized>true</uninitialized>
         <readwrite>true</readwrite>
         <run_address>0x202004bc</run_address>
         <size>0x4</size>
         <alignment>0x4</alignment>
         <input_file_ref idref="fl-9"/>
      </object_component>
      <object_component id="oc-a4">
         <name>.bss.Velocity_A.Last_biasA</name>
         <uninitialized>true</uninitialized>
         <readwrite>true</readwrite>
         <run_address>0x202004c0</run_address>
         <size>0x4</size>
         <alignment>0x4</alignment>
         <input_file_ref idref="fl-9"/>
      </object_component>
      <object_component id="oc-aa">
         <name>.bss.Velocity_B.ControlVelocityB</name>
         <uninitialized>true</uninitialized>
         <readwrite>true</readwrite>
         <run_address>0x202004c4</run_address>
         <size>0x4</size>
         <alignment>0x4</alignment>
         <input_file_ref idref="fl-9"/>
      </object_component>
      <object_component id="oc-a9">
         <name>.bss.Velocity_B.Last_biasB</name>
         <uninitialized>true</uninitialized>
         <readwrite>true</readwrite>
         <run_address>0x202004c8</run_address>
         <size>0x4</size>
         <alignment>0x4</alignment>
         <input_file_ref idref="fl-9"/>
      </object_component>
      <object_component id="oc-d4">
         <name>.common:MPUID</name>
         <uninitialized>true</uninitialized>
         <readwrite>true</readwrite>
         <run_address>0x202004ec</run_address>
         <size>0x1</size>
         <alignment>0x1</alignment>
      </object_component>
      <object_component id="oc-72">
         <name>.common:encoderA_cnt</name>
         <uninitialized>true</uninitialized>
         <readwrite>true</readwrite>
         <run_address>0x202004dc</run_address>
         <size>0x4</size>
         <alignment>0x4</alignment>
      </object_component>
      <object_component id="oc-73">
         <name>.common:encoderB_cnt</name>
         <uninitialized>true</uninitialized>
         <readwrite>true</readwrite>
         <run_address>0x202004e0</run_address>
         <size>0x4</size>
         <alignment>0x4</alignment>
      </object_component>
      <object_component id="oc-76">
         <name>.common:PWMA</name>
         <uninitialized>true</uninitialized>
         <readwrite>true</readwrite>
         <run_address>0x202004d4</run_address>
         <size>0x4</size>
         <alignment>0x4</alignment>
      </object_component>
      <object_component id="oc-77">
         <name>.common:PWMB</name>
         <uninitialized>true</uninitialized>
         <readwrite>true</readwrite>
         <run_address>0x202004d8</run_address>
         <size>0x4</size>
         <alignment>0x4</alignment>
      </object_component>
      <object_component id="oc-107">
         <name>.common:gPWM_0Backup</name>
         <uninitialized>true</uninitialized>
         <readwrite>true</readwrite>
         <run_address>0x20200400</run_address>
         <size>0xbc</size>
         <alignment>0x4</alignment>
      </object_component>
      <object_component id="oc-63">
         <name>.common:gpio_interrup1</name>
         <uninitialized>true</uninitialized>
         <readwrite>true</readwrite>
         <run_address>0x202004e4</run_address>
         <size>0x4</size>
         <alignment>0x4</alignment>
      </object_component>
      <object_component id="oc-64">
         <name>.common:gpio_interrup2</name>
         <uninitialized>true</uninitialized>
         <readwrite>true</readwrite>
         <run_address>0x202004e8</run_address>
         <size>0x4</size>
         <alignment>0x4</alignment>
      </object_component>
      <object_component id="oc-65">
         <name>.common:Get_Encoder_countA</name>
         <uninitialized>true</uninitialized>
         <readwrite>true</readwrite>
         <run_address>0x202004cc</run_address>
         <size>0x4</size>
         <alignment>0x4</alignment>
      </object_component>
      <object_component id="oc-66">
         <name>.common:Get_Encoder_countB</name>
         <uninitialized>true</uninitialized>
         <readwrite>true</readwrite>
         <run_address>0x202004d0</run_address>
         <size>0x4</size>
         <alignment>0x4</alignment>
      </object_component>
      <object_component id="oc-120">
         <name>.common:OLED_GRAM</name>
         <uninitialized>true</uninitialized>
         <readwrite>true</readwrite>
         <run_address>0x20200000</run_address>
         <size>0x400</size>
         <alignment>0x1</alignment>
      </object_component>
      <object_component id="oc-1a">
         <name>.stack</name>
         <uninitialized>true</uninitialized>
         <readwrite>true</readwrite>
         <run_address>0x20207e00</run_address>
         <size>0x4</size>
         <alignment>0x4</alignment>
         <input_file_ref idref="fl-33"/>
      </object_component>
      <object_component id="oc-206">
         <name>.stack</name>
         <uninitialized>true</uninitialized>
         <readwrite>true</readwrite>
         <run_address>0x20207e00</run_address>
         <size>0x0</size>
         <alignment>0x8</alignment>
      </object_component>
      <object_component id="oc-78">
         <name>.debug_abbrev</name>
         <load_address>0x0</load_address>
         <run_address>0x0</run_address>
         <size>0x1cf</size>
         <alignment>0x1</alignment>
         <input_file_ref idref="fl-1"/>
      </object_component>
      <object_component id="oc-108">
         <name>.debug_abbrev</name>
         <load_address>0x1cf</load_address>
         <run_address>0x1cf</run_address>
         <size>0x242</size>
         <alignment>0x1</alignment>
         <input_file_ref idref="fl-2"/>
      </object_component>
      <object_component id="oc-3e">
         <name>.debug_abbrev</name>
         <load_address>0x411</load_address>
         <run_address>0x411</run_address>
         <size>0x6d</size>
         <alignment>0x1</alignment>
         <input_file_ref idref="fl-3"/>
      </object_component>
      <object_component id="oc-180">
         <name>.debug_abbrev</name>
         <load_address>0x47e</load_address>
         <run_address>0x47e</run_address>
         <size>0x15b</size>
         <alignment>0x1</alignment>
         <input_file_ref idref="fl-5"/>
      </object_component>
      <object_component id="oc-67">
         <name>.debug_abbrev</name>
         <load_address>0x5d9</load_address>
         <run_address>0x5d9</run_address>
         <size>0x10b</size>
         <alignment>0x1</alignment>
         <input_file_ref idref="fl-6"/>
      </object_component>
      <object_component id="oc-a7">
         <name>.debug_abbrev</name>
         <load_address>0x6e4</load_address>
         <run_address>0x6e4</run_address>
         <size>0x150</size>
         <alignment>0x1</alignment>
         <input_file_ref idref="fl-9"/>
      </object_component>
      <object_component id="oc-115">
         <name>.debug_abbrev</name>
         <load_address>0x834</load_address>
         <run_address>0x834</run_address>
         <size>0x19b</size>
         <alignment>0x1</alignment>
         <input_file_ref idref="fl-a"/>
      </object_component>
      <object_component id="oc-111">
         <name>.debug_abbrev</name>
         <load_address>0x9cf</load_address>
         <run_address>0x9cf</run_address>
         <size>0x1a3</size>
[...]
         <value>0x171d</value>
         <object_component_ref idref="oc-105"/>
      </symbol>
      <symbol id="sm-149">
         <name>SYSCFG_DL_SYSTICK_init</name>
         <value>0x24e9</value>
         <object_component_ref idref="oc-106"/>
      </symbol>
      <symbol id="sm-14a">
         <name>gPWM_0Backup</name>
         <value>0x20200400</value>
      </symbol>
      <symbol id="sm-14b">
         <name>SYSCFG_DL_SYSCTL_SYSPLL_init</name>
         <value>0x7c1</value>
         <object_component_ref idref="oc-155"/>
      </symbol>
      <symbol id="sm-156">
         <name>Default_Handler</name>
         <value>0x2577</value>
         <object_component_ref idref="oc-33"/>
      </symbol>
      <symbol id="sm-157">
         <name>Reset_Handler</name>
         <value>0x257f</value>
         <object_component_ref idref="oc-2f"/>
      </symbol>
      <symbol id="sm-158">
         <name>interruptVectors</name>
         <value>0x0</value>
         <object_component_ref idref="oc-18"/>
      </symbol>
      <symbol id="sm-159">
         <name>NMI_Handler</name>
         <value>0x2577</value>
         <object_component_ref idref="oc-33"/>
      </symbol>
      <symbol id="sm-15a">
         <name>HardFault_Handler</name>
         <value>0x2577</value>
         <object_component_ref idref="oc-33"/>
      </symbol>
      <symbol id="sm-15b">
         <name>SVC_Handler</name>
         <value>0x2577</value>
         <object_component_ref idref="oc-33"/>
      </symbol>
      <symbol id="sm-15c">
         <name>PendSV_Handler</name>
         <value>0x2577</value>
         <object_component_ref idref="oc-33"/>
      </symbol>
      <symbol id="sm-15d">
         <name>SysTick_Handler</name>
         <value>0x2577</value>
         <object_component_ref idref="oc-33"/>
      </symbol>
      <symbol id="sm-15e">
         <name>GROUP0_IRQHandler</name>
         <value>0x2577</value>
         <object_component_ref idref="oc-33"/>
      </symbol>
      <symbol id="sm-15f">
         <name>TIMG8_IRQHandler</name>
         <value>0x2577</value>
         <object_component_ref idref="oc-33"/>
      </symbol>
      <symbol id="sm-160">
         <name>UART3_IRQHandler</name>
         <value>0x2577</value>
         <object_component_ref idref="oc-33"/>
      </symbol>
      <symbol id="sm-161">
         <name>ADC0_IRQHandler</name>
         <value>0x2577</value>
         <object_component_ref idref="oc-33"/>
      </symbol>
      <symbol id="sm-162">
         <name>ADC1_IRQHandler</name>
         <value>0x2577</value>
         <object_component_ref idref="oc-33"/>
      </symbol>
      <symbol id="sm-163">
         <name>CANFD0_IRQHandler</name>
         <value>0x2577</value>
         <object_component_ref idref="oc-33"/>
      </symbol>
      <symbol id="sm-164">
         <name>DAC0_IRQHandler</name>
         <value>0x2577</value>
         <object_component_ref idref="oc-33"/>
      </symbol>
      <symbol id="sm-165">
         <name>SPI0_IRQHandler</name>
         <value>0x2577</value>
         <object_component_ref idref="oc-33"/>
      </symbol>
      <symbol id="sm-166">
         <name>SPI1_IRQHandler</name>
         <value>0x2577</value>
         <object_component_ref idref="oc-33"/>
      </symbol>
      <symbol id="sm-167">
         <name>UART1_IRQHandler</name>
         <value>0x2577</value>
         <object_component_ref idref="oc-33"/>
      </symbol>
      <symbol id="sm-168">
         <name>UART2_IRQHandler</name>
         <value>0x2577</value>
         <object_component_ref idref="oc-33"/>
      </symbol>
      <symbol id="sm-169">
         <name>UART0_IRQHandler</name>
         <value>0x2577</value>
         <object_component_ref idref="oc-33"/>
      </symbol>
      <symbol id="sm-16a">
         <name>TIMG6_IRQHandler</name>
         <value>0x2577</value>
         <object_component_ref idref="oc-33"/>
      </symbol>
      <symbol id="sm-16b">
         <name>TIMA0_IRQHandler</name>
         <value>0x2577</value>
         <object_component_ref idref="oc-33"/>
      </symbol>
      <symbol id="sm-16c">
         <name>TIMA1_IRQHandler</name>
         <value>0x2577</value>
         <object_component_ref idref="oc-33"/>
      </symbol>
      <symbol id="sm-16d">
         <name>TIMG7_IRQHandler</name>
         <value>0x2577</value>
         <object_component_ref idref="oc-33"/>
      </symbol>
      <symbol id="sm-16e">
         <name>TIMG12_IRQHandler</name>
         <value>0x2577</value>
         <object_component_ref idref="oc-33"/>
      </symbol>
      <symbol id="sm-16f">
         <name>I2C0_IRQHandler</name>
         <value>0x2577</value>
         <object_component_ref idref="oc-33"/>
      </symbol>
      <symbol id="sm-170">
         <name>I2C1_IRQHandler</name>
         <value>0x2577</value>
         <object_component_ref idref="oc-33"/>
      </symbol>
      <symbol id="sm-171">
         <name>AES_IRQHandler</name>
         <value>0x2577</value>
         <object_component_ref idref="oc-33"/>
      </symbol>
      <symbol id="sm-172">
         <name>RTC_IRQHandler</name>
         <value>0x2577</value>
         <object_component_ref idref="oc-33"/>
      </symbol>
      <symbol id="sm-173">
         <name>DMA_IRQHandler</name>
         <value>0x2577</value>
         <object_component_ref idref="oc-33"/>
      </symbol>
      <symbol id="sm-184">
         <name>Systick_getTick</name>
         <value>0x2531</value>
         <object_component_ref idref="oc-1b0"/>
      </symbol>
      <symbol id="sm-185">
         <name>delay_ms</name>
         <value>0x1d81</value>
         <object_component_ref idref="oc-10b"/>
      </symbol>
      <symbol id="sm-186">
         <name>delay_us</name>
         <value>0x1161</value>
         <object_component_ref idref="oc-17f"/>
      </symbol>
      <symbol id="sm-19b">
         <name>GROUP1_IRQHandler</name>
         <value>0x279</value>
         <object_component_ref idref="oc-34"/>
      </symbol>
      <symbol id="sm-19c">
         <name>gpio_interrup1</name>
         <value>0x202004e4</value>
      </symbol>
      <symbol id="sm-19d">
         <name>gpio_interrup2</name>
         <value>0x202004e8</value>
      </symbol>
      <symbol id="sm-19e">
         <name>Get_Encoder_countA</name>
         <value>0x202004cc</value>
      </symbol>
      <symbol id="sm-19f">
         <name>Get_Encoder_countB</name>
         <value>0x202004d0</value>
      </symbol>
      <symbol id="sm-1c2">
         <name>limit_PWM</name>
         <value>0x1d4d</value>
         <object_component_ref idref="oc-70"/>
      </symbol>
      <symbol id="sm-1c3">
         <name>Set_PWM</name>
         <value>0x4b1</value>
         <object_component_ref idref="oc-71"/>
      </symbol>
      <symbol id="sm-1c4">
         <name>Velocity_A</name>
         <value>0xf49</value>
         <object_component_ref idref="oc-6a"/>
      </symbol>
      <symbol id="sm-1c5">
         <name>Velcity_Ki</name>
         <value>0x202004f4</value>
         <object_component_ref idref="oc-a3"/>
      </symbol>
      <symbol id="sm-1c6">
         <name>Velcity_Kp</name>
         <value>0x202004f8</value>
         <object_component_ref idref="oc-a5"/>
      </symbol>
      <symbol id="sm-1c7">
         <name>Velocity_B</name>
         <value>0x100d</value>
         <object_component_ref idref="oc-6f"/>
      </symbol>
      <symbol id="sm-201">
         <name>MPU6050_Init</name>
         <value>0x1b05</value>
         <object_component_ref idref="oc-ca"/>
      </symbol>
      <symbol id="sm-202">
         <name>MPU6050_GetID</name>
         <value>0x2553</value>
         <object_component_ref idref="oc-cf"/>
      </symbol>
      <symbol id="sm-22b">
         <name>OLED_Refresh_Gram</name>
         <value>0x138d</value>
         <object_component_ref idref="oc-d3"/>
      </symbol>
      <symbol id="sm-22c">
         <name>OLED_WR_Byte</name>
         <value>0x16b9</value>
         <object_component_ref idref="oc-10a"/>
      </symbol>
      <symbol id="sm-22d">
         <name>OLED_GRAM</name>
         <value>0x20200000</value>
      </symbol>
      <symbol id="sm-22e">
         <name>OLED_Clear</name>
         <value>0x17e5</value>
         <object_component_ref idref="oc-110"/>
      </symbol>
      <symbol id="sm-22f">
         <name>OLED_DrawPoint</name>
         <value>0x10d1</value>
         <object_component_ref idref="oc-118"/>
      </symbol>
      <symbol id="sm-230">
         <name>OLED_ShowChar</name>
         <value>0x39d</value>
         <object_component_ref idref="oc-d0"/>
      </symbol>
      <symbol id="sm-231">
         <name>oled_asc2_1608</name>
         <value>0x2588</value>
         <object_component_ref idref="oc-119"/>
      </symbol>
      <symbol id="sm-232">
         <name>oled_asc2_1206</name>
         <value>0x2b78</value>
         <object_component_ref idref="oc-11a"/>
      </symbol>
      <symbol id="sm-233">
         <name>oled_pow</name>
         <value>0x1db1</value>
         <object_component_ref idref="oc-11b"/>
      </symbol>
      <symbol id="sm-234">
         <name>OLED_ShowNumber</name>
         <value>0xa65</value>
         <object_component_ref idref="oc-d2"/>
      </symbol>
      <symbol id="sm-235">
         <name>OLED_ShowString</name>
         <value>0x1485</value>
         <object_component_ref idref="oc-d1"/>
      </symbol>
      <symbol id="sm-236">
         <name>OLED_Init</name>
         <value>0x989</value>
         <object_component_ref idref="oc-c5"/>
      </symbol>
      <symbol id="sm-237">
         <name>__TI_ATRegion0_src_addr</name>
         <value>0x0</value>
      </symbol>
      <symbol id="sm-238">
         <name>__TI_ATRegion0_trg_addr</name>
         <value>0x0</value>
      </symbol>
      <symbol id="sm-239">
         <name>__TI_ATRegion0_region_sz</name>
         <value>0x0</value>
      </symbol>
      <symbol id="sm-23a">
         <name>__TI_ATRegion1_src_addr</name>
         <value>0x0</value>
      </symbol>
      <symbol id="sm-23b">
         <name>__TI_ATRegion1_trg_addr</name>
         <value>0x0</value>
      </symbol>
      <symbol id="sm-23c">
         <name>__TI_ATRegion1_region_sz</name>
         <value>0x0</value>
      </symbol>
      <symbol id="sm-23d">
         <name>__TI_ATRegion2_src_addr</name>
         <value>0x0</value>
      </symbol>
      <symbol id="sm-23e">
         <name>__TI_ATRegion2_trg_addr</name>
         <value>0x0</value>
      </symbol>
      <symbol id="sm-23f">
         <name>__TI_ATRegion2_region_sz</name>
         <value>0x0</value>
      </symbol>
      <symbol id="sm-248">
         <name>DL_Common_delayCycles</name>
         <value>0x2549</value>
         <object_component_ref idref="oc-13a"/>
      </symbol>
      <symbol id="sm-254">
         <name>DL_I2C_setClockConfig</name>
         <value>0x1f7b</value>
         <object_component_ref idref="oc-16a"/>
      </symbol>
      <symbol id="sm-255">
         <name>DL_I2C_fillControllerTXFIFO</name>
         <value>0x1845</value>
         <object_component_ref idref="oc-17d"/>
      </symbol>
      <symbol id="sm-271">
         <name>DL_Timer_setClockConfig</name>
         <value>0x2159</value>
         <object_component_ref idref="oc-15d"/>
      </symbol>
      <symbol id="sm-272">
         <name>DL_Timer_initTimerMode</name>
         <value>0x6c5</value>
         <object_component_ref idref="oc-166"/>
      </symbol>
      <symbol id="sm-273">
         <name>DL_Timer_setCaptureCompareValue</name>
         <value>0x24d9</value>
         <object_component_ref idref="oc-ad"/>
      </symbol>
      <symbol id="sm-274">
         <name>DL_Timer_setCaptCompUpdateMethod</name>
         <value>0x213d</value>
         <object_component_ref idref="oc-161"/>
      </symbol>
      <symbol id="sm-275">
         <name>DL_Timer_setCaptureCompareOutCtl</name>
         <value>0x233d</value>
         <object_component_ref idref="oc-160"/>
      </symbol>
      <symbol id="sm-276">
         <name>DL_Timer_initFourCCPWMMode</name>
         <value>0x5c1</value>
         <object_component_ref idref="oc-15e"/>
      </symbol>
      <symbol id="sm-287">
         <name>DL_SYSCTL_configSYSPLL</name>
         <value>0x8ad</value>
         <object_component_ref idref="oc-14f"/>
      </symbol>
      <symbol id="sm-288">
         <name>DL_SYSCTL_switchMCLKfromSYSOSCtoHSCLK</name>
         <value>0x1a81</value>
         <object_component_ref idref="oc-15a"/>
      </symbol>
      <symbol id="sm-289">
         <name>DL_SYSCTL_configFCC</name>
         <value>0x20b1</value>
         <object_component_ref idref="oc-1a1"/>
      </symbol>
      <symbol id="sm-294">
         <name>_c_int00_noargs</name>
         <value>0x1f2d</value>
         <object_component_ref idref="oc-59"/>
      </symbol>
      <symbol id="sm-295">
         <name>__stack</name>
         <value>0x20207e00</value>
         <object_component_ref idref="oc-1a"/>
      </symbol>
      <symbol id="sm-2a1">
         <name>__TI_auto_init_nobinit_nopinit</name>
         <value>0x1c35</value>
         <object_component_ref idref="oc-dd"/>
      </symbol>
      <symbol id="sm-2a9">
         <name>_system_pre_init</name>
         <value>0x2583</value>
         <object_component_ref idref="oc-84"/>
      </symbol>
      <symbol id="sm-2b4">
         <name>__TI_zero_init</name>
         <value>0x24f9</value>
         <object_component_ref idref="oc-56"/>
      </symbol>
      <symbol id="sm-2bd">
         <name>__TI_decompress_none</name>
         <value>0x2485</value>
         <object_component_ref idref="oc-20"/>
      </symbol>
      <symbol id="sm-2c8">
         <name>__TI_decompress_lzss</name>
         <value>0x1409</value>
         <object_component_ref idref="oc-1c"/>
      </symbol>
      <symbol id="sm-2d2">
         <name>abort</name>
         <value>0x2571</value>
         <object_component_ref idref="oc-d6"/>
      </symbol>
      <symbol id="sm-2dc">
         <name>HOSTexit</name>
         <value>0x257b</value>
         <object_component_ref idref="oc-121"/>
      </symbol>
      <symbol id="sm-2dd">
         <name>C$$EXIT</name>
         <value>0x257a</value>
         <object_component_ref idref="oc-121"/>
      </symbol>
      <symbol id="sm-2e3">
         <name>__aeabi_fadd</name>
         <value>0xb4b</value>
         <object_component_ref idref="oc-9b"/>
      </symbol>
      <symbol id="sm-2e4">
         <name>__addsf3</name>
         <value>0xb4b</value>
         <object_component_ref idref="oc-9b"/>
      </symbol>
      <symbol id="sm-2e5">
         <name>__aeabi_fsub</name>
         <value>0xb41</value>
         <object_component_ref idref="oc-9b"/>
      </symbol>
      <symbol id="sm-2e6">
         <name>__subsf3</name>
         <value>0xb41</value>
         <object_component_ref idref="oc-9b"/>
      </symbol>
      <symbol id="sm-2ec">
         <name>__aeabi_fmul</name>
         <value>0x127d</value>
         <object_component_ref idref="oc-97"/>
      </symbol>
      <symbol id="sm-2ed">
         <name>__mulsf3</name>
         <value>0x127d</value>
         <object_component_ref idref="oc-97"/>
      </symbol>
      <symbol id="sm-2f3">
         <name>__aeabi_f2iz</name>
         <value>0x1cad</value>
         <object_component_ref idref="oc-9f"/>
      </symbol>
      <symbol id="sm-2f4">
         <name>__fixsfsi</name>
         <value>0x1cad</value>
         <object_component_ref idref="oc-9f"/>
      </symbol>
      <symbol id="sm-2fa">
         <name>__aeabi_i2f</name>
         <value>0x1bf9</value>
         <object_component_ref idref="oc-93"/>
      </symbol>
      <symbol id="sm-2fb">
         <name>__floatsisf</name>
         <value>0x1bf9</value>
         <object_component_ref idref="oc-93"/>
      </symbol>
      <symbol id="sm-301">
         <name>__aeabi_ui2d</name>
         <value>0x1fc5</value>
         <object_component_ref idref="oc-1a5"/>
      </symbol>
      <symbol id="sm-302">
         <name>__floatunsidf</name>
         <value>0x1fc5</value>
         <object_component_ref idref="oc-1a5"/>
      </symbol>
      <symbol id="sm-308">
         <name>__aeabi_dcmpeq</name>
         <value>0x1781</value>
         <object_component_ref idref="oc-1a9"/>
      </symbol>
      <symbol id="sm-309">
         <name>__aeabi_dcmplt</name>
         <value>0x1795</value>
         <object_component_ref idref="oc-1a9"/>
      </symbol>
      <symbol id="sm-30a">
         <name>__aeabi_dcmple</name>
         <value>0x17a9</value>
         <object_component_ref idref="oc-1a9"/>
      </symbol>
      <symbol id="sm-30b">
         <name>__aeabi_dcmpge</name>
         <value>0x17bd</value>
         <object_component_ref idref="oc-1a9"/>
      </symbol>
      <symbol id="sm-30c">
         <name>__aeabi_dcmpgt</name>
         <value>0x17d1</value>
         <object_component_ref idref="oc-1a9"/>
      </symbol>
      <symbol id="sm-312">
         <name>__aeabi_memcpy</name>
         <value>0x2569</value>
         <object_component_ref idref="oc-49"/>
      </symbol>
      <symbol id="sm-313">
         <name>__aeabi_memcpy4</name>
         <value>0x2569</value>
         <object_component_ref idref="oc-49"/>
      </symbol>
      <symbol id="sm-314">
         <name>__aeabi_memcpy8</name>
         <value>0x2569</value>
         <object_component_ref idref="oc-49"/>
      </symbol>
      <symbol id="sm-31b">
         <name>__aeabi_memclr</name>
         <value>0x253d</value>
         <object_component_ref idref="oc-7e"/>
      </symbol>
      <symbol id="sm-31c">
         <name>__aeabi_memclr4</name>
         <value>0x253d</value>
         <object_component_ref idref="oc-7e"/>
      </symbol>
      <symbol id="sm-31d">
         <name>__aeabi_memclr8</name>
         <value>0x253d</value>
         <object_component_ref idref="oc-7e"/>
      </symbol>
      <symbol id="sm-323">
         <name>__aeabi_uidiv</name>
         <value>0x1ac5</value>
         <object_component_ref idref="oc-11c"/>
      </symbol>
      <symbol id="sm-324">
         <name>__aeabi_uidivmod</name>
         <value>0x1ac5</value>
         <object_component_ref idref="oc-11c"/>
      </symbol>
      <symbol id="sm-32a">
         <name>__muldsi3</name>
         <value>0x1c71</value>
         <object_component_ref idref="oc-f0"/>
      </symbol>
      <symbol id="sm-338">
         <name>__ledf2</name>
         <value>0x1651</value>
         <object_component_ref idref="oc-1b8"/>
      </symbol>
      <symbol id="sm-339">
         <name>__gedf2</name>
         <value>0x1575</value>
         <object_component_ref idref="oc-1be"/>
      </symbol>
      <symbol id="sm-33a">
         <name>__cmpdf2</name>
         <value>0x1651</value>
         <object_component_ref idref="oc-1b8"/>
      </symbol>
      <symbol id="sm-33b">
         <name>__eqdf2</name>
         <value>0x1651</value>
         <object_component_ref idref="oc-1b8"/>
      </symbol>
      <symbol id="sm-33c">
         <name>__ltdf2</name>
         <value>0x1651</value>
         <object_component_ref idref="oc-1b8"/>
      </symbol>
      <symbol id="sm-33d">
         <name>__nedf2</name>
         <value>0x1651</value>
         <object_component_ref idref="oc-1b8"/>
      </symbol>
      <symbol id="sm-33e">
         <name>__gtdf2</name>
         <value>0x1575</value>
         <object_component_ref idref="oc-1be"/>
      </symbol>
      <symbol id="sm-348">
         <name>__aeabi_idiv0</name>
         <value>0x14ff</value>
         <object_component_ref idref="oc-189"/>
      </symbol>
      <symbol id="sm-351">
         <name>TI_memcpy_small</name>
         <value>0x2473</value>
         <object_component_ref idref="oc-b3"/>
      </symbol>
      <symbol id="sm-35a">
         <name>TI_memset_small</name>
         <value>0x2509</value>
         <object_component_ref idref="oc-fa"/>
      </symbol>
      <symbol id="sm-35b">
         <name>__TI_static_base__</name>
         <value>0x0</value>
      </symbol>
   </symbol_table>
   <title>Link successful</title>
</link_info>
